12-10 20:08:24.556  1565  1753 I PackageManager: Un-granting permission android.permission.REQUEST_INSTALL_PACKAGES from package cn.wps.moffice_eng (protectionLevel=66 flags=0x38d83e44)
12-10 20:08:24.556  1565  1753 I PackageManager: Un-granting permission android.permission.SYSTEM_ALERT_WINDOW from package cn.wps.moffice_eng (protectionLevel=1250 flags=0x38d83e44)
12-10 20:08:24.556  1565  1753 I PackageManager: Un-granting permission android.permission.READ_PRIVILEGED_PHONE_STATE from package com.miui.core (protectionLevel=18 flags=0x28883e05)
12-10 20:08:24.558  1565  1753 I PackageManager: Un-granting permission android.permission.READ_LOGS from package com.wm.dmall (protectionLevel=50 flags=0x38583e46)
12-10 20:08:24.558  1565  1753 I PackageManager: Un-granting permission android.permission.MOUNT_UNMOUNT_FILESYSTEMS from package com.wm.dmall (protectionLevel=18 flags=0x38583e46)
12-10 20:08:24.558  1565  1753 I PackageManager: Un-granting permission android.permission.CHANGE_CONFIGURATION from package com.wm.dmall (protectionLevel=50 flags=0x38583e46)
12-10 20:08:24.558  1565  1753 I PackageManager: Un-granting permission android.permission.WRITE_SETTINGS from package com.wm.dmall (protectionLevel=1218 flags=0x38583e46)
12-10 20:08:24.558  1565  1753 I PackageManager: Un-granting permission android.permission.SYSTEM_ALERT_WINDOW from package com.wm.dmall (protectionLevel=1250 flags=0x38583e46)
12-10 20:08:24.558  1565  1753 I PackageManager: Un-granting permission com.android.launcher.permission.WRITE_SETTINGS from package com.wm.dmall (protectionLevel=18 flags=0x38583e46)
12-10 20:08:24.559  1565  1753 I PackageManager: Un-granting permission android.permission.REQUEST_INSTALL_PACKAGES from package com.wm.dmall (protectionLevel=66 flags=0x38583e46)
12-10 20:08:24.657  1565  1695 I AutoStartManagerService: MIUILOG- Reject RestartService packageName :com.wm.dmall uid : 10350
12-10 20:08:24.658  1565  1695 I AutoStartManagerService: MIUILOG- Reject RestartService packageName :com.wm.dmall uid : 10350
12-10 20:08:24.660  1565  1695 I ActivityManager: Killing 27102:com.wm.dmall/u0a350 (adj 0): stop com.wm.dmall: installPackageLI
12-10 20:08:24.667  1565  1695 D ProcessManager: skip restart com.wm.dmall because this device is a lowmemory device!
12-10 20:08:24.674  1565  1695 I AutoStartManagerService: MIUILOG- Reject RestartService packageName :com.wm.dmall uid : 10350
12-10 20:08:24.676  1565  1695 W ActivityTaskManager: Force removing ActivityRecord{1001fa6 u0 com.wm.dmall/.MainActivity t4324 f}: app died, no saved state
12-10 20:08:24.706  1565  1695 I Timeline: Timeline: App_transition_ready time:498231253
12-10 20:08:24.719  1565  1695 I ActivityManager: Killing 27194:com.wm.dmall:pushcore/u0a350 (adj 0): stop com.wm.dmall: installPackageLI
12-10 20:08:24.721  1565  1695 D ProcessManager: skip restart com.wm.dmall:pushcore because this device is a lowmemory device!
12-10 20:08:24.740  1565  9985 W ActivityManager: Service done with onDestroy, but not inDestroying: ServiceRecord{8c3981e u0 com.wm.dmall/.business.service.PushService}, app=ProcessRecord{d8eedfb 0:com.wm.dmall:pushcore/u0a350}
12-10 20:08:24.759  1565  1753 I InstallationStatistic: com.wm.dmall|null|2966|1141|453|234|0|0
12-10 20:08:24.759  1565  1753 W PackageManager: Cannot whitelist unknown permission: android.permission.RECORD_VIDEO
12-10 20:08:24.759  1565  1753 W PackageManager: Cannot whitelist unknown permission: org.simalliance.openmobileapi.SMARTCARD
12-10 20:08:24.759  1565  1753 W PackageManager: Cannot whitelist unknown permission: com.android.launcher2.permission.READ_SETTINGS
12-10 20:08:24.759  1565  1753 W PackageManager: Cannot whitelist unknown permission: com.android.launcher2.permission.WRITE_SETTINGS
12-10 20:08:24.759  1565  1753 W PackageManager: Cannot whitelist unknown permission: com.android.launcher3.permission.READ_SETTINGS
12-10 20:08:24.759  1565  1753 W PackageManager: Cannot whitelist unknown permission: com.android.launcher3.permission.WRITE_SETTINGS
12-10 20:08:24.759  1565  1753 W PackageManager: Cannot whitelist unknown permission: org.adw.launcher.permission.READ_SETTINGS
12-10 20:08:24.759  1565  1753 W PackageManager: Cannot whitelist unknown permission: org.adw.launcher.permission.WRITE_SETTINGS
12-10 20:08:24.759  1565  1753 W PackageManager: Cannot whitelist unknown permission: com.htc.launcher.permission.READ_SETTINGS
12-10 20:08:24.759  1565  1753 W PackageManager: Cannot whitelist unknown permission: com.htc.launcher.permission.WRITE_SETTINGS
12-10 20:08:24.759  1565  1753 W PackageManager: Cannot whitelist unknown permission: com.qihoo360.launcher.permission.READ_SETTINGS
12-10 20:08:24.759  1565  1753 W PackageManager: Cannot whitelist unknown permission: com.qihoo360.launcher.permission.WRITE_SETTINGS
12-10 20:08:24.759  1565  1753 W PackageManager: Cannot whitelist unknown permission: com.lge.launcher.permission.READ_SETTINGS
12-10 20:08:24.760  1565  1753 W PackageManager: Cannot whitelist unknown permission: com.lge.launcher.permission.WRITE_SETTINGS
12-10 20:08:24.760  1565  1753 W PackageManager: Cannot whitelist unknown permission: net.qihoo.launcher.permission.READ_SETTINGS
12-10 20:08:24.760  1565  1753 W PackageManager: Cannot whitelist unknown permission: net.qihoo.launcher.permission.WRITE_SETTINGS
12-10 20:08:24.760  1565  1753 W PackageManager: Cannot whitelist unknown permission: org.adwfreak.launcher.permission.READ_SETTINGS
12-10 20:08:24.760  1565  1753 W PackageManager: Cannot whitelist unknown permission: org.adwfreak.launcher.permission.WRITE_SETTINGS
12-10 20:08:24.760  1565  1753 W PackageManager: Cannot whitelist unknown permission: org.adw.launcher_donut.permission.READ_SETTINGS
12-10 20:08:24.760  1565  1753 W PackageManager: Cannot whitelist unknown permission: org.adw.launcher_donut.permission.WRITE_SETTINGS
12-10 20:08:24.760  1565  1753 W PackageManager: Cannot whitelist unknown permission: com.huawei.launcher3.permission.READ_SETTINGS
12-10 20:08:24.760  1565  1753 W PackageManager: Cannot whitelist unknown permission: com.huawei.launcher3.permission.WRITE_SETTINGS
12-10 20:08:24.760  1565  1753 W PackageManager: Cannot whitelist unknown permission: com.fede.launcher.permission.READ_SETTINGS
12-10 20:08:24.760  1565  1753 W PackageManager: Cannot whitelist unknown permission: com.fede.launcher.permission.WRITE_SETTINGS
12-10 20:08:24.760  1565  1753 W PackageManager: Cannot whitelist unknown permission: com.sec.android.app.twlauncher.settings.READ_SETTINGS
12-10 20:08:24.760  1565  1753 W PackageManager: Cannot whitelist unknown permission: com.sec.android.app.twlauncher.settings.WRITE_SETTINGS
12-10 20:08:24.760  1565  1753 W PackageManager: Cannot whitelist unknown permission: com.anddoes.launcher.permission.READ_SETTINGS
12-10 20:08:24.760  1565  1753 W PackageManager: Cannot whitelist unknown permission: com.anddoes.launcher.permission.WRITE_SETTINGS
12-10 20:08:24.760  1565  1753 W PackageManager: Cannot whitelist unknown permission: com.tencent.qqlauncher.permission.READ_SETTINGS
12-10 20:08:24.760  1565  1753 W PackageManager: Cannot whitelist unknown permission: com.tencent.qqlauncher.permission.WRITE_SETTINGS
12-10 20:08:24.760  1565  1753 W PackageManager: Cannot whitelist unknown permission: com.huawei.launcher2.permission.READ_SETTINGS
12-10 20:08:24.760  1565  1753 W PackageManager: Cannot whitelist unknown permission: com.huawei.launcher2.permission.WRITE_SETTINGS
12-10 20:08:24.760  1565  1753 W PackageManager: Cannot whitelist unknown permission: com.android.mylauncher.permission.READ_SETTINGS
12-10 20:08:24.760  1565  1753 W PackageManager: Cannot whitelist unknown permission: com.android.mylauncher.permission.WRITE_SETTINGS
12-10 20:08:24.760  1565  1753 W PackageManager: Cannot whitelist unknown permission: com.ebproductions.android.launcher.permission.READ_SETTINGS
12-10 20:08:24.760  1565  1753 W PackageManager: Cannot whitelist unknown permission: com.ebproductions.android.launcher.permission.WRITE_SETTINGS
12-10 20:08:24.760  1565  1753 W PackageManager: Cannot whitelist unknown permission: com.oppo.launcher.permission.READ_SETTINGS
12-10 20:08:24.760  1565  1753 W PackageManager: Cannot whitelist unknown permission: com.oppo.launcher.permission.WRITE_SETTINGS
12-10 20:08:24.760  1565  1753 W PackageManager: Cannot whitelist unknown permission: com.miui.mihome2.permission.READ_SETTINGS
12-10 20:08:24.760  1565  1753 W PackageManager: Cannot whitelist unknown permission: com.miui.mihome2.permission.WRITE_SETTINGS
12-10 20:08:24.760  1565  1753 W PackageManager: Cannot whitelist unknown permission: com.huawei.android.launcher.permission.READ_SETTINGS
12-10 20:08:24.760  1565  1753 W PackageManager: Cannot whitelist unknown permission: com.huawei.android.launcher.permission.WRITE_SETTINGS
12-10 20:08:24.760  1565  1753 W PackageManager: Cannot whitelist unknown permission: telecom.mdesk.permission.READ_SETTINGS
12-10 20:08:24.760  1565  1753 W PackageManager: Cannot whitelist unknown permission: telecom.mdesk.permission.WRITE_SETTINGS
12-10 20:08:24.760  1565  1753 W PackageManager: Cannot whitelist unknown permission: dianxin.permission.ACCESS_LAUNCHER_DATA
12-10 20:08:24.760  1565  1753 W PackageManager: Cannot whitelist unknown permission: android.permission.READ_MEDIA_STORAGE
12-10 20:08:24.760  1565  1753 W PackageManager: Cannot whitelist unknown permission: android.permission.READ_MEDIA_AUDIO
12-10 20:08:24.760  1565  1753 W PackageManager: Cannot whitelist unknown permission: android.permission.READ_MEDIA_IMAGES
12-10 20:08:24.760  1565  1753 W PackageManager: Cannot whitelist unknown permission: android.permission.READ_MEDIA_VIDEO
12-10 20:08:24.760  1565  1753 W PackageManager: Cannot whitelist unknown permission: android.permission.RECEIVE_USER_PRESENT
12-10 20:08:24.760  1565  1753 W PackageManager: Cannot whitelist unknown permission: com.huawei.android.launcher.permission.CHANGE_BADGE
12-10 20:08:24.760  1565  1753 W PackageManager: Cannot whitelist unknown permission: android.permission.QUERY_ALL_PACKAGES
12-10 20:08:24.760  1565  1753 W PackageManager: Cannot whitelist unknown permission: com.coloros.mcs.permission.RECIEVE_MCS_MESSAGE
12-10 20:08:24.760  1565  1753 W PackageManager: Cannot whitelist unknown permission: com.heytap.mcs.permission.RECIEVE_MCS_MESSAGE
12-10 20:08:24.760  1565  1753 W PackageManager: Cannot whitelist unknown permission: android.permission.SYSTEM_OVERLAY_WINDOW
12-10 20:08:24.760  1565  1753 W PackageManager: Cannot whitelist unknown permission: com.samsung.android.providers.context.permission.WRITE_USE_APP_FEATURE_SURVEY
12-10 20:08:24.760  1565  1753 W PackageManager: Cannot whitelist unknown permission: com.huawei.authentication.HW_ACCESS_AUTH_SERVICE
12-10 20:08:24.760  1565  1753 W PackageManager: Cannot whitelist unknown permission: com.huawei.appmarket.service.commondata.permission.GET_COMMON_DATA
12-10 20:08:24.760  1565  1753 W PackageManager: Cannot whitelist unknown permission: android.permission.MOUNT_UNMOUNT_FILESYSTEM
12-10 20:08:24.786  1565  2127 D ConnectivityService: Blocked status changed to true for 10350(709) on netId 119
12-10 20:08:24.788  1565  9985 D ConnectivityService: ConnectivityService NetworkRequestInfo binderDied(NetworkRequest [ LISTEN id=713, [ Transports: CELLULAR|WIFI Capabilities: NOT_RESTRICTED&TRUSTED&NOT_VPN Uid: 10350] ], android.os.BinderProxy@44e7f85)
12-10 20:08:24.788  1565  2127 D ConnectivityService: Blocked status changed to true for 10350(710) on netId 119
12-10 20:08:24.789  1565  2127 D ConnectivityService: Blocked status changed to true for 10350(711) on netId 119
12-10 20:08:24.789  1565  2127 D ConnectivityService: Blocked status changed to true for 10350(712) on netId 119
12-10 20:08:24.790  1565  2127 D ConnectivityService: Blocked status changed to true for 10350(713) on netId 119
12-10 20:08:24.790  1565  2127 E ConnectivityService: RemoteException caught trying to send a callback msg for NetworkRequest [ LISTEN id=713, [ Transports: CELLULAR|WIFI Capabilities: NOT_RESTRICTED&TRUSTED&NOT_VPN Uid: 10350] ]
12-10 20:08:24.803  1565  2127 D ConnectivityService: Blocked status changed to false for 10350(709) on netId 119
12-10 20:08:24.803  1565  1753 I ActivityManager: Force stopping com.wm.dmall appid=10350 user=0: pkg removed
12-10 20:08:24.803  1565  2127 D ConnectivityService: Blocked status changed to false for 10350(710) on netId 119
12-10 20:08:24.804  1565  2127 D ConnectivityService: Blocked status changed to false for 10350(711) on netId 119
12-10 20:08:24.804  1565  2127 D ConnectivityService: Blocked status changed to false for 10350(712) on netId 119
12-10 20:08:24.805 27846 27846 W BpBinder: Slow Binder: BpBinder transact took 1873 ms, interface=android.content.pm.IPackageManager, code=1598246212 oneway=false
12-10 20:08:24.805  1565  1753 I AutoStartManagerService: MIUILOG- Reject RestartService packageName :com.wm.dmall uid : 10350
12-10 20:08:24.808  1565  2127 D ConnectivityService: Blocked status changed to true for 10350(709) on netId 119
12-10 20:08:24.809  1565  2127 D ConnectivityService: Blocked status changed to true for 10350(710) on netId 119
12-10 20:08:24.809  1565  2127 D ConnectivityService: Blocked status changed to true for 10350(711) on netId 119
12-10 20:08:24.809  1565  2127 D ConnectivityService: Blocked status changed to true for 10350(712) on netId 119
12-10 20:08:24.834  1565  1695 W BroadcastQueue: Background execution not allowed: receiving Intent { act=android.intent.action.PACKAGE_REMOVED dat=package:com.wm.dmall flg=0x4000010 (has extras) } to com.lbe.security.miui/com.lbe.security.service.BootReceiver
12-10 20:08:24.835  1565  1695 W BroadcastQueue: Background execution not allowed: receiving Intent { act=android.intent.action.PACKAGE_REMOVED dat=package:com.wm.dmall flg=0x4000010 (has extras) } to com.android.providers.downloads/.receiver.ApplicationInstallReceiver
12-10 20:08:24.836  1565  1695 W BroadcastQueue: Background execution not allowed: receiving Intent { act=android.intent.action.PACKAGE_REMOVED dat=package:com.wm.dmall flg=0x4000010 (has extras) } to com.android.settings/.search.provider.UpdateReceiver
12-10 20:08:24.852  1565  1685 I Timeline: Timeline: App_transition_stopped time:498231400
12-10 20:08:24.853  1565  1685 I MiuiKnockGestureService: focus window:com.miui.home
12-10 20:08:24.865  1565  2136 V LocationPolicy: ACTION_PACKAGE_ADDED for uid=10350
12-10 20:08:24.866  1565  2162 I MiuiCompatModePackages: package com.wm.dmall updated, removing config
12-10 20:08:24.916  1565  1695 W BroadcastQueue: Background execution not allowed: receiving Intent { act=android.intent.action.PACKAGE_REMOVED dat=package:com.wm.dmall flg=0x4000010 (has extras) } to com.miui.audioeffect/com.android.musicfx.Compatibility$Receiver
12-10 20:08:24.917  1565  1695 W BroadcastQueue: Background execution not allowed: receiving Intent { act=android.intent.action.PACKAGE_REMOVED dat=package:com.wm.dmall flg=0x4000010 (has extras) } to com.xiaomi.market/.data.MyPackageMonitor
12-10 20:08:24.917  1565  1695 W BroadcastQueue: Background execution not allowed: receiving Intent { act=android.intent.action.PACKAGE_REMOVED dat=package:com.wm.dmall flg=0x4000010 (has extras) } to com.xiaomi.misettings/.usagestats.AppTimerReceiver
12-10 20:08:24.918  1565  1695 W BroadcastQueue: Background execution not allowed: receiving Intent { act=android.intent.action.PACKAGE_REMOVED dat=package:com.wm.dmall flg=0x4000010 (has extras) } to com.xiaomi.xmsf/.pushcontrol.PkgUninstallReceiver
12-10 20:08:24.926  1565  1695 W BroadcastQueue: Background execution not allowed: receiving Intent { act=android.intent.action.PACKAGE_REMOVED dat=package:com.wm.dmall flg=0x4000010 (has extras) } to com.xiaomi.xmsf/com.xiaomi.push.service.receivers.PkgUninstallReceiver
12-10 20:08:24.927  1565  1695 W BroadcastQueue: Background execution not allowed: receiving Intent { act=android.intent.action.PACKAGE_REMOVED dat=package:com.wm.dmall flg=0x4000010 (has extras) } to com.dm.metro/cn.jpush.android.service.PushReceiver
12-10 20:08:24.927  1565  1695 W BroadcastQueue: Background execution not allowed: receiving Intent { act=android.intent.action.PACKAGE_REMOVED dat=package:com.wm.dmall flg=0x4000010 (has extras) } to com.wm.dmall/cn.jpush.android.service.PushReceiver
12-10 20:08:24.966  1565  1695 W BroadcastQueue: Background execution not allowed: receiving Intent { act=android.intent.action.PACKAGE_ADDED dat=package:com.wm.dmall flg=0x4000010 (has extras) } to com.lbe.security.miui/com.lbe.security.service.BootReceiver
12-10 20:08:24.974  1565  1753 I PackageManager: autoVerify ignored when installing for all users
12-10 20:08:24.974  1565  1695 W BroadcastQueue: Background execution not allowed: receiving Intent { act=android.intent.action.PACKAGE_ADDED dat=package:com.wm.dmall flg=0x4000010 (has extras) } to com.google.android.packageinstaller/com.android.packageinstaller.PackageInstalledReceiver
12-10 20:08:24.978  1565  1695 W BroadcastQueue: Background execution not allowed: receiving Intent { act=android.intent.action.PACKAGE_ADDED dat=package:com.wm.dmall flg=0x4000010 (has extras) } to com.android.providers.downloads/.receiver.ApplicationInstallReceiver
12-10 20:08:24.984  1565  1695 W BroadcastQueue: Background execution not allowed: receiving Intent { act=android.intent.action.PACKAGE_ADDED dat=package:com.wm.dmall flg=0x4000010 (has extras) } to com.android.settings/.search.provider.UpdateReceiver
12-10 20:08:24.984  1565  1695 W BroadcastQueue: Background execution not allowed: receiving Intent { act=android.intent.action.PACKAGE_ADDED dat=package:com.wm.dmall flg=0x4000010 (has extras) } to com.miui.audioeffect/com.android.musicfx.Compatibility$Receiver
12-10 20:08:24.984  1565  1695 W BroadcastQueue: Background execution not allowed: receiving Intent { act=android.intent.action.PACKAGE_ADDED dat=package:com.wm.dmall flg=0x4000010 (has extras) } to com.xiaomi.market/.data.MyPackageMonitor
12-10 20:08:24.985  1565  1695 W BroadcastQueue: Background execution not allowed: receiving Intent { act=android.intent.action.PACKAGE_ADDED dat=package:com.wm.dmall flg=0x4000010 (has extras) } to com.xiaomi.misettings/.usagestats.AppTimerReceiver
12-10 20:08:24.985  1565  1695 W BroadcastQueue: Background execution not allowed: receiving Intent { act=android.intent.action.PACKAGE_ADDED dat=package:com.wm.dmall flg=0x4000010 (has extras) } to com.dm.metro/com.dmall.setting.update.receiver.AppInstalledReceiver
12-10 20:08:24.985  1565  1695 W BroadcastQueue: Background execution not allowed: receiving Intent { act=android.intent.action.PACKAGE_ADDED dat=package:com.wm.dmall flg=0x4000010 (has extras) } to com.dm.metro/cn.jpush.android.service.PushReceiver
12-10 20:08:24.990 21549 21549 E LoadedApk: Unable to instantiate appComponentFactory
12-10 20:08:24.990 21549 21549 E LoadedApk: java.lang.ClassNotFoundException: Didn't find class "androidx.core.app.CoreComponentFactory" on path: DexPathList[[],nativeLibraryDirectories=[/data/app/com.wm.dmall-o5pTtqaFpdUjWAbbzoONFQ==/lib/arm, /data/app/com.wm.dmall-o5pTtqaFpdUjWAbbzoONFQ==/base.apk!/lib/armeabi-v7a, /system/lib64, /system/product/lib64]]
12-10 20:08:24.990 21549 21549 E LoadedApk: 	at dalvik.system.BaseDexClassLoader.findClass(BaseDexClassLoader.java:230)
12-10 20:08:24.990 21549 21549 E LoadedApk: 	at java.lang.ClassLoader.loadClass(ClassLoader.java:379)
12-10 20:08:24.990 21549 21549 E LoadedApk: 	at java.lang.ClassLoader.loadClass(ClassLoader.java:312)
12-10 20:08:24.990 21549 21549 E LoadedApk: 	at android.app.LoadedApk.createAppFactory(LoadedApk.java:258)
12-10 20:08:24.990 21549 21549 E LoadedApk: 	at android.app.LoadedApk.updateApplicationInfo(LoadedApk.java:372)
12-10 20:08:24.990 21549 21549 E LoadedApk: 	at android.app.ActivityThread.handleDispatchPackageBroadcast(ActivityThread.java:6052)
12-10 20:08:24.990 21549 21549 E LoadedApk: 	at android.app.ActivityThread$H.handleMessage(ActivityThread.java:1971)
12-10 20:08:24.990 21549 21549 E LoadedApk: 	at android.os.Handler.dispatchMessage(Handler.java:107)
12-10 20:08:24.990 21549 21549 E LoadedApk: 	at android.os.Looper.loop(Looper.java:225)
12-10 20:08:24.990 21549 21549 E LoadedApk: 	at android.app.ActivityThread.main(ActivityThread.java:7564)
12-10 20:08:24.990 21549 21549 E LoadedApk: 	at java.lang.reflect.Method.invoke(Native Method)
12-10 20:08:24.990 21549 21549 E LoadedApk: 	at com.android.internal.os.RuntimeInit$MethodAndArgsCaller.run(RuntimeInit.java:539)
12-10 20:08:24.990 21549 21549 E LoadedApk: 	at com.android.internal.os.ZygoteInit.main(ZygoteInit.java:950)
12-10 20:08:25.003  1565  1618 I ActivityTaskManager: START u0 {act=android.intent.action.MAIN cat=[android.intent.category.LAUNCHER] flg=0x10000000 cmp=com.wm.dmall/.DEFAULT} from uid 2000
12-10 20:08:25.003  1565  4942 W BroadcastQueue: Background execution not allowed: receiving Intent { act=android.intent.action.PACKAGE_REPLACED dat=package:com.wm.dmall flg=0x4000010 (has extras) } to com.miui.audioeffect/com.android.musicfx.Compatibility$Receiver
12-10 20:08:25.010  1565  1565 W Looper  : Slow dispatch took 146ms main h=android.app.ActivityThread$H c=android.app.-$$Lambda$LoadedApk$ReceiverDispatcher$Args$_BumDX2UKsnxLVrE6UJsJZkotuA@4463a71 m=0
12-10 20:08:25.074  1565  1565 W Looper  : Slow delivery took 210ms main h=android.app.ActivityThread$H c=android.app.-$$Lambda$LoadedApk$ReceiverDispatcher$Args$_BumDX2UKsnxLVrE6UJsJZkotuA@471f0d5 m=0
12-10 20:08:25.074  1565  1565 I Telecom : DefaultDialerCache: Refreshing default dialer for user 0: now com.android.contacts: DDC.oR@CIA
12-10 20:08:25.091  1565  1694 W TextServicesManagerService: no available spell checker services found
12-10 20:08:25.102  1565  1565 V SettingsProvider: Notifying for 0: content://settings/secure/com.miui.newhome.preferences.is_home_foreground
12-10 20:08:25.113  1565  1565 E LoadedApk: Unable to instantiate appComponentFactory
12-10 20:08:25.113  1565  1565 E LoadedApk: java.lang.ClassNotFoundException: Didn't find class "androidx.core.app.CoreComponentFactory" on path: DexPathList[[],nativeLibraryDirectories=[/data/app/com.weilu.deer-5Nimg5T4QE1sLMlcntXCVA==/lib/arm64, /data/app/com.weilu.deer-5Nimg5T4QE1sLMlcntXCVA==/base.apk!/lib/arm64-v8a, /system/lib64, /system/product/lib64]]
12-10 20:08:25.113  1565  1565 E LoadedApk: 	at dalvik.system.BaseDexClassLoader.findClass(BaseDexClassLoader.java:230)
12-10 20:08:25.113  1565  1565 E LoadedApk: 	at java.lang.ClassLoader.loadClass(ClassLoader.java:379)
12-10 20:08:25.113  1565  1565 E LoadedApk: 	at java.lang.ClassLoader.loadClass(ClassLoader.java:312)
12-10 20:08:25.113  1565  1565 E LoadedApk: 	at android.app.LoadedApk.createAppFactory(LoadedApk.java:258)
12-10 20:08:25.113  1565  1565 E LoadedApk: 	at android.app.LoadedApk.updateApplicationInfo(LoadedApk.java:372)
12-10 20:08:25.113  1565  1565 E LoadedApk: 	at android.app.ActivityThread.handleDispatchPackageBroadcast(ActivityThread.java:6052)
12-10 20:08:25.113  1565  1565 E LoadedApk: 	at android.app.ActivityThread$H.handleMessage(ActivityThread.java:1971)
12-10 20:08:25.113  1565  1565 E LoadedApk: 	at android.os.Handler.dispatchMessage(Handler.java:107)
12-10 20:08:25.113  1565  1565 E LoadedApk: 	at android.os.Looper.loop(Looper.java:225)
12-10 20:08:25.113  1565  1565 E LoadedApk: 	at com.android.server.SystemServer.run(SystemServer.java:566)
12-10 20:08:25.113  1565  1565 E LoadedApk: 	at com.android.server.SystemServer.main(SystemServer.java:363)
12-10 20:08:25.113  1565  1565 E LoadedApk: 	at java.lang.reflect.Method.invoke(Native Method)
12-10 20:08:25.113  1565  1565 E LoadedApk: 	at com.android.internal.os.RuntimeInit$MethodAndArgsCaller.run(RuntimeInit.java:539)
12-10 20:08:25.113  1565  1565 E LoadedApk: 	at com.android.internal.os.ZygoteInit.main(ZygoteInit.java:928)
12-10 20:08:25.130  1565  1697 D Boost   : hostingType=activity, hostingName={com.wm.dmall/com.wm.dmall.DEFAULT}, callerPackage=com.android.shell, isSystem=true, isBoostNeeded=false.
12-10 20:08:25.134  1565  1697 I ActivityManager: Start proc 27882:com.wm.dmall/u0a350 for activity {com.wm.dmall/com.wm.dmall.DEFAULT} caller=com.android.shell
12-10 20:08:25.154  1565  1680 W Looper  : Slow delivery took 213ms android.fg h=android.os.Handler c=<recycled PooledLambda@5ac7db5> m=0
12-10 20:08:25.189  1565  1695 W BroadcastQueue: Background execution not allowed: receiving Intent { act=android.search.action.SEARCHABLES_CHANGED flg=0x24000010 } to com.android.quicksearchbox/.CorporaUpdateReceiver
12-10 20:08:25.193  1565  1565 W Looper  : Drained
12-10 20:08:25.213  1565  1695 W BroadcastQueue: Background execution not allowed: receiving Intent { act=android.search.action.SEARCHABLES_CHANGED flg=0x24000010 } to com.android.quicksearchbox/.CorporaUpdateReceiver
12-10 20:08:25.246  1565  4947 D ConnectivityService: ConnectivityService NetworkRequestInfo binderDied(NetworkRequest [ TRACK_DEFAULT id=709, [ Capabilities: INTERNET&NOT_RESTRICTED&TRUSTED Uid: 10350] ], android.os.BinderProxy@1120cdd)
12-10 20:08:25.246  1565  3902 D ConnectivityService: ConnectivityService NetworkRequestInfo binderDied(NetworkRequest [ LISTEN id=710, [ Capabilities: INTERNET&NOT_RESTRICTED&TRUSTED Uid: 10350] ], android.os.BinderProxy@4890052)
12-10 20:08:25.246  1565  9985 D ConnectivityService: ConnectivityService NetworkRequestInfo binderDied(NetworkRequest [ LISTEN id=712, [ Capabilities: INTERNET&NOT_RESTRICTED&TRUSTED Uid: 10350] ], android.os.BinderProxy@dda4f23)
12-10 20:08:25.246  1565  4952 D ConnectivityService: ConnectivityService NetworkRequestInfo binderDied(NetworkRequest [ TRACK_DEFAULT id=711, [ Capabilities: INTERNET&NOT_RESTRICTED&TRUSTED Uid: 10350] ], android.os.BinderProxy@2228c20)
12-10 20:08:25.246  1565  2127 D ConnectivityService: releasing NetworkRequest [ TRACK_DEFAULT id=711, [ Capabilities: INTERNET&NOT_RESTRICTED&TRUSTED Uid: 10350] ] (release request)
12-10 20:08:25.247  1565  2127 D ConnectivityService: releasing NetworkRequest [ TRACK_DEFAULT id=709, [ Capabilities: INTERNET&NOT_RESTRICTED&TRUSTED Uid: 10350] ] (release request)
12-10 20:08:25.249  1565 11770 W ActivityTaskManager: Request to remove task ignored for non-existent task 4325
12-10 20:08:25.260  1565  1565 V SettingsProvider: Notifying for 0: content://settings/secure/com.miui.newhome.preferences.is_home_foreground
12-10 20:08:25.266  1565  1685 I Timeline: Timeline: App_transition_ready time:498231813
12-10 20:08:25.295  1565  1684 W ActivityManager: setHasOverlayUi called on unknown pid: 27102
12-10 20:08:25.343  1565  1680 W Looper  : Drained
12-10 20:08:26.050  1565  1685 I Timeline: Timeline: App_transition_stopped time:498232598
12-10 20:08:28.346  1565  1694 D ProcessManager: add gps active uid : 10350
12-10 20:08:28.363  1565  4947 D LocationPolicy: checkUidLocationOp [uid = 10350, op = 1
12-10 20:08:28.397  1565  4945 D LocationPolicy: checkUidLocationOp [uid = 10350, op = 1
12-10 20:08:28.455  1565  4947 D LocationPolicy: checkUidLocationOp [uid = 10350, op = 1
12-10 20:08:28.458  1565  1697 D Boost   : hostingType=service, hostingName={com.wm.dmall/com.wm.dmall.business.service.PushService}, callerPackage=com.wm.dmall, isSystem=false, isBoostNeeded=false.
12-10 20:08:28.458  1565  1697 I ActivityManager: Start proc 27977:com.wm.dmall:pushcore/u0a350 for service {com.wm.dmall/com.wm.dmall.business.service.PushService} caller=com.wm.dmall
12-10 20:08:28.673  1565  4356 D com.android.server.pm.PackageManagerServiceInjector: Run dexopt on: /data/user/0/com.wm.dmall/app_tbs/core_share/tbs_sdk_extension_dex.jar, because top-app{com.wm.dmall} loading it. Dexopt result: DEX_OPT_PERFORMED
12-10 20:08:28.722 27882 27882 W Looper  : Slow Looper main: Long Msg: seq=2 plan=20:08:25.294  late=1ms wall=3423ms running=2990ms runnable=78ms io=2ms h=android.app.ActivityThread$H w=110
12-10 20:08:28.898  1565  4356 D com.android.server.pm.PackageManagerServiceInjector: Run dexopt on: /data/user/0/com.wm.dmall/app_tbs/core_share/tbs_jars_fusion_dex.jar, because top-app{com.wm.dmall} loading it. Dexopt result: DEX_OPT_PERFORMED
12-10 20:08:29.210 27882 28084 W FileUtils: Failed to chmod(/data/user/0/com.tencent.mm/app_tbs): android.system.ErrnoException: chmod failed: EACCES (Permission denied)
12-10 20:08:29.210 27882 28084 W FileUtils: Failed to chmod(/data/user/0/com.tencent.mm/app_tbs_common_share): android.system.ErrnoException: chmod failed: EACCES (Permission denied)
12-10 20:08:29.260 27882 27882 I Timeline: Timeline: Activity_launch_request time:498235807
12-10 20:08:29.261  1565  2796 I ActivityTaskManager: START u0 {cmp=com.wm.dmall/.MainActivity (has extras)} from uid 10350
12-10 20:08:29.299 27882 27882 W Looper  : Slow Looper main: Activity com.wm.dmall/.DEFAULT is 3348ms late (wall=575ms running=447ms ClientTransaction{ callbacks=[android.app.servertransaction.LaunchActivityItem] lifecycleRequest=android.app.servertransaction.ResumeActivityItem }) because of 1 msg, msg 1 took 3423ms (seq=2 running=2990ms runnable=78ms io=2ms late=1ms h=android.app.ActivityThread$H w=110)
12-10 20:08:29.300 27882 27882 W Looper  : Slow Looper main: Activity com.wm.dmall/.DEFAULT is 3924ms late (wall=0ms running=0ms ClientTransaction{ callbacks=[android.app.servertransaction.TopResumedActivityChangeItem] }) because of 2 msg, msg 1 took 3423ms (seq=2 running=2990ms runnable=78ms io=2ms late=1ms h=android.app.ActivityThread$H w=110), msg 2 took 575ms (seq=3 running=447ms runnable=34ms late=3348ms h=android.app.ActivityThread$H w=159)
12-10 20:08:29.535  1565  2725 I ActivityTaskManager: The Process com.wm.dmall Already Exists in BG. So sending its PID: 27882
12-10 20:08:29.543  1565  2725 I Timeline: Timeline: App_transition_ready time:498236091
12-10 20:08:29.545  1565  2725 I Timeline: Timeline: App_transition_stopped time:498236092
12-10 20:08:29.667  1565  2725 D LocationPolicy: checkUidLocationOp [uid = 10350, op = 1
12-10 20:08:29.707  1565  4954 D LocationPolicy: checkUidLocationOp [uid = 10350, op = 1
12-10 20:08:29.707  1565  1694 D ProcessManager: add temp remove gps inactive uid : 10350
12-10 20:08:29.729  1565  2796 D LocationPolicy: checkUidLocationOp [uid = 10350, op = 1
12-10 20:08:29.753  1565  2796 D ConnectivityService: requestNetwork for uid/pid:10350/27882 NetworkRequest [ TRACK_DEFAULT id=714, [ Capabilities: INTERNET&NOT_RESTRICTED&TRUSTED Uid: 10350] ]
12-10 20:08:29.974  1565  2796 D ConnectivityService: requestNetwork for uid/pid:10350/27882 NetworkRequest [ TRACK_DEFAULT id=716, [ Capabilities: INTERNET&NOT_RESTRICTED&TRUSTED Uid: 10350] ]
12-10 20:08:30.708  1565  2185 D ProcessManager: real remove inactive uid : 10350 flag : 2
12-10 20:08:30.859 27882 27882 E ActivityThread: Failed to find provider info for com.sina.weibo.sdkProvider
12-10 20:08:30.891 27882 27882 W Activity: Slow Operation: Activity com.wm.dmall/.MainActivity onCreate took 863ms
12-10 20:08:31.024 27882 27970 W BpBinder: Slow Binder: BpBinder transact took 2600 ms, interface=android.app.IActivityManager, code=20 oneway=false
12-10 20:08:31.062  1565  1697 D Boost   : hostingType=service, hostingName={com.wm.dmall/com.qiyukf.nimlib.service.NimService}, callerPackage=com.wm.dmall, isSystem=false, isBoostNeeded=false.
12-10 20:08:31.063  1565  1697 I ActivityManager: Start proc 28198:com.wm.dmall:core/u0a350 for service {com.wm.dmall/com.qiyukf.nimlib.service.NimService} caller=com.wm.dmall
12-10 20:08:31.072 27977 27977 W Looper  : Slow Looper main: Long Msg: seq=2 plan=20:08:28.551  late=2ms wall=2517ms running=2358ms runnable=20ms h=android.app.ActivityThread$H w=110
12-10 20:08:31.332  1565  3621 W WakePathChecker: MIUILOG-WAKEPATH: call was rejected by wakepath. userId= 0 caller= com.wm.dmall callee= com.dm.metro classname=cn.jpush.android.service.DaemonService action=null wakeType=8
12-10 20:08:31.334  1565  3621 W WakePathChecker: MIUILOG-WAKEPATH: call was rejected by wakepath. userId= 0 caller= com.wm.dmall callee= com.dm.metro classname=cn.jpush.android.service.DownloadProvider action=null wakeType=4
12-10 20:08:31.335 27977 28242 E ActivityThread: Failed to find provider info for com.dm.metro.DownloadProvider
12-10 20:08:31.963 27882 27882 W Activity: Slow Operation: Activity com.wm.dmall/.MainActivity onResume took 1048ms
12-10 20:08:31.997 27882 27882 W Looper  : Slow Looper main: Long Msg: seq=38 plan=20:08:29.541  late=456ms wall=1999ms running=1141ms runnable=98ms h=android.app.ActivityThread$H w=159
12-10 20:08:31.998 27882 27882 W Looper  : Slow Looper main: Activity com.wm.dmall/.MainActivity is 456ms late (wall=1999ms running=1141ms ClientTransaction{ callbacks=[android.app.servertransaction.LaunchActivityItem] lifecycleRequest=android.app.servertransaction.ResumeActivityItem }) because of 7 msg, msg 4 took 415ms (seq=34 running=321ms runnable=39ms late=105ms h=com.tencent.smtt.sdk.QbSdk$3 w=1)
12-10 20:08:32.009 27882 27882 W Looper  : Slow Looper main: Activity com.wm.dmall/.MainActivity is 2466ms late (wall=1ms running=0ms ClientTransaction{ callbacks=[android.app.servertransaction.TopResumedActivityChangeItem] }) because of 8 msg, msg 4 took 415ms (seq=34 running=321ms runnable=39ms late=105ms h=com.tencent.smtt.sdk.QbSdk$3 w=1), msg 8 took 1999ms (seq=38 running=1141ms runnable=98ms late=456ms h=android.app.ActivityThread$H w=159)
12-10 20:08:32.228  1565  2796 I MiuiKnockGestureService: focus window:com.wm.dmall
12-10 20:08:32.309  1565  1685 I Timeline: Timeline: Activity_windows_visible id: ActivityRecord{b0c4909 u0 com.wm.dmall/.MainActivity t4326} time:498238856
12-10 20:08:33.336  1565  1694 D ProcessManager: add gps active uid : 10350
12-10 20:08:33.337 27882 27882 W Looper  : Slow Looper main: Long Msg: seq=104 plan=20:08:32.114  late=192ms wall=1030ms running=842ms runnable=65ms h=com.dmall.gacommon.base.ThreadUtils$1 w=0
12-10 20:08:33.480 27882 27882 W Looper  : Slow Looper main: doFrame is 1038ms late because of 9 msg, msg 1 took 1030ms (seq=104 running=842ms runnable=65ms late=192ms h=com.dmall.gacommon.base.ThreadUtils$1 w=0)
12-10 20:08:33.770 28198 28198 W Looper  : Slow Looper main: Long Msg: seq=2 plan=20:08:31.152  late=1ms wall=2616ms running=2403ms runnable=68ms h=android.app.ActivityThread$H w=110
12-10 20:08:34.455  1565  4945 W WakePathChecker: MIUILOG-WAKEPATH: call was rejected by wakepath. userId= 0 caller= com.wm.dmall callee= com.dm.metro classname=cn.jpush.android.service.DownloadProvider action=null wakeType=4
12-10 20:08:34.519 27882 27882 W Looper  : Slow Looper main: Long Msg: seq=142 plan=20:08:32.874  late=628ms wall=1016ms running=858ms runnable=41ms io=9ms h=com.dmall.gacommon.base.ThreadUtils$1 w=0
12-10 20:08:34.617 27882 27882 W Looper  : Slow Looper main: doFrame is 1141ms late because of 46 msg, msg 1 took 125ms (seq=113 running=42ms runnable=1ms late=1038ms h=android.view.Choreographer$FrameHandler c=android.view.Choreographer$FrameDisplayEventReceiver), msg 30 took 1016ms (seq=142 running=858ms runnable=41ms io=9ms late=628ms h=com.dmall.gacommon.base.ThreadUtils$1 w=0)
12-10 20:08:34.634 27882 27882 I Timeline: Timeline: Activity_launch_request time:498241182
12-10 20:08:34.636  1565  4945 I ActivityTaskManager: START u0 {cmp=com.wm.dmall/.MainActivity (has extras)} from uid 10350
12-10 20:08:34.645  1565  4945 W ActivityTaskManager: Duplicate finish request for ActivityRecord{c1b8056 u0 com.wm.dmall/.DEFAULT t4326 f}
12-10 20:08:34.949 27882 27882 W Looper  : Slow Looper main: doFrame is 362ms late because of 66 msg, msg 1 took 76ms (seq=159 running=74ms runnable=1ms late=1141ms h=android.view.Choreographer$FrameHandler c=android.view.Choreographer$FrameDisplayEventReceiver), msg 18 took 165ms (seq=176 running=61ms late=864ms h=com.dmall.gacommon.base.ThreadUtils$1 w=0)
12-10 20:08:34.958  1565  1694 D ProcessManager: add temp remove gps inactive uid : 10350
12-10 20:08:35.026  1565  1694 D ProcessManager: remove temp gps active uid : 10350
12-10 20:08:35.027 27882 27882 W Looper  : Slow Looper main: Activity com.wm.dmall/.MainActivity is 315ms late (wall=74ms running=46ms ClientTransaction{ callbacks=[android.app.servertransaction.NewIntentItem] }) because of 55 msg, msg 4 took 165ms (seq=176 running=61ms late=864ms h=com.dmall.gacommon.base.ThreadUtils$1 w=0)
12-10 20:08:35.064  1565  1684 W ActivityTaskManager: Launch timeout has expired, giving up wake lock!
12-10 20:08:35.150  1565  1694 D ProcessManager: add temp remove gps inactive uid : 10350
12-10 20:08:36.152  1565  2185 D ProcessManager: real remove inactive uid : 10350 flag : 2
12-10 20:08:36.694  1565  4945 I MiuiKnockGestureService: focus window:com.wm.dmall
12-10 20:08:36.785 27882 28394 W FileUtils: Failed to chmod(/data/user/0/com.tencent.mm/app_tbs): android.system.ErrnoException: chmod failed: EACCES (Permission denied)
12-10 20:08:36.900 27882 27882 W Looper  : Slow Looper main: doFrame is 422ms late because of 2 msg, msg 1 took 420ms (seq=381 running=353ms runnable=28ms late=14ms h=android.view.ViewRootImpl$ViewRootHandler c=android.view.View$PerformClick)
12-10 20:08:37.300  1565  3621 I MiuiKnockGestureService: focus window:com.wm.dmall
12-10 20:08:38.011 27882 27882 W Looper  : Slow Looper main: doFrame is 610ms late because of 15 msg, msg 1 took 611ms (seq=503 running=572ms runnable=4ms late=72ms h=android.view.Choreographer$FrameHandler c=android.view.Choreographer$FrameDisplayEventReceiver)
12-10 20:08:40.335  1565  2796 I MiuiKnockGestureService: focus window:com.wm.dmall
12-10 20:08:40.958  1565 11770 I MiuiKnockGestureService: focus window:com.wm.dmall
12-10 20:08:42.608  1565  3621 I MiuiKnockGestureService: focus window:com.wm.dmall
12-10 20:08:42.958  1565  2796 D PerfShielderService: com.wm.dmall|com.wm.dmall/com.wm.dmall.MainActivity|248|498247731723889|157|0|6
12-10 20:08:42.959  3954  6257 W MiuiPerfServiceClient: interceptAndQueuing:27882|com.wm.dmall|248|157|unknown|null|com.wm.dmall/com.wm.dmall.MainActivity|498247731723889|Slow main thread|6
12-10 20:08:42.959  1565  2796 D PerfShielderService: com.wm.dmall|com.wm.dmall/com.wm.dmall.MainActivity|264|498249414532743|62|0|10
12-10 20:08:42.960  3954  6257 W MiuiPerfServiceClient: interceptAndQueuing:27882|com.wm.dmall|264|62|unknown|null|com.wm.dmall/com.wm.dmall.MainActivity|498249414532743|Slow main thread|10
12-10 20:08:43.205  1565  2796 I MiuiKnockGestureService: focus window:com.wm.dmall
12-10 20:08:54.338  1565  2725 D PerfShielderService: com.wm.dmall|com.wm.dmall/com.wm.dmall.MainActivity|536|498250269795555|111|2|26
12-10 20:08:54.342  3954  6257 W MiuiPerfServiceClient: interceptAndQueuing:27882|com.wm.dmall|536|111|unknown|null|com.wm.dmall/com.wm.dmall.MainActivity|498250269795555|Slow handle animation|26
12-10 20:08:54.993  1565  1694 D MiuiBrightnessChangeTracker: checkIsValidMotionForWindowBrightness: invalid and return.
12-10 20:08:56.610  1565  1694 D MiuiBrightnessChangeTracker: checkIsValidMotionForWindowBrightness: invalid and return.
12-10 20:09:08.463  1565  2725 I MiuiKnockGestureService: focus window:com.wm.dmall
12-10 20:09:09.407  1565  2725 I MiuiKnockGestureService: focus window:com.wm.dmall
12-10 20:09:10.457  1565  2725 D PerfShielderService: com.wm.dmall|com.wm.dmall/com.wm.dmall.MainActivity|491|498276266163983|410|0|4
12-10 20:09:10.460  3954  6257 W MiuiPerfServiceClient: interceptAndQueuing:27882|com.wm.dmall|491|410|unknown|null|com.wm.dmall/com.wm.dmall.MainActivity|498276266163983|Slow main thread|4
12-10 20:09:10.847  1565  1694 D MiuiBrightnessChangeTracker: checkIsValidMotionForWindowBrightness: invalid and return.
12-10 20:09:11.713  1565  1694 D MiuiBrightnessChangeTracker: checkIsValidMotionForWindowBrightness: invalid and return.
12-10 20:09:34.774  1565  1695 W ActivityManager: Stopping service due to app idle: u0a36 -1m10s3ms com.android.statementservice/.DirectStatementService
12-10 20:09:38.636  1565  4945 I MiuiKnockGestureService: focus window:com.wm.dmall
12-10 20:10:35.881  1565  1709 E BatteryExternalStatsWorker: no controller energy info supplied for bluetooth
12-10 20:10:36.006  1565  1709 E BatteryExternalStatsWorker: no controller energy info supplied for bluetooth
12-10 20:11:05.940  1565 11770 E NotificationService: Suppressing notification from package by user request.
12-10 20:11:48.754  1565  1694 D MiuiBrightnessChangeTracker: checkIsValidMotionForWindowBrightness: invalid and return.
12-10 20:12:45.746 27882 27882 W Looper  : Slow Looper main: Long Msg: seq=2634 plan=20:09:12.295  late=2ms wall=213447ms running=2411ms runnable=72ms h=android.view.ViewRootImpl$ViewRootHandler c=android.view.View$PerformClick
12-10 20:12:45.747 27882 27882 W Looper  : Slow Looper main: MotionEvent is 57025ms late (event_seq=241, action=ACTION_DOWN) because of 1 msg, msg 1 took 213447ms (seq=2634 running=2411ms runnable=72ms late=2ms h=android.view.ViewRootImpl$ViewRootHandler c=android.view.View$PerformClick)
12-10 20:12:45.747 27882 27882 W InputEventReceiver: App Input: 57025ms before dispatchInputEvent (MotionEvent: event_seq=241, seq=1685648, action=ACTION_DOWN)
12-10 20:12:45.751 27882 27882 W InputEventReceiver: App Input: 57006ms before dispatchInputEvent (MotionEvent: event_seq=243, seq=1685657, action=ACTION_UP)
12-10 20:12:45.806  1565  2796 I ActivityManager: Force stopping com.wm.dmall appid=10350 user=0: from process:28488
12-10 20:12:45.807  1565  2796 I AutoStartManagerService: MIUILOG- Reject RestartService packageName :com.wm.dmall uid : 10350
12-10 20:12:45.808  1565  2796 D AutoStartManagerService: prepare force stop p:28198 s: 19
12-10 20:12:45.809  1565  2796 D AutoStartManagerService: prepare force stop p:27882 s: 19
12-10 20:12:45.810  1565  2796 D AutoStartManagerService: prepare force stop p:27977 s: 19
12-10 20:12:45.815  1565  2796 I ActivityManager: Killing 28198:com.wm.dmall:core/u0a350 (adj 100): stop com.wm.dmall: from process:28488
12-10 20:12:45.817  1565  2796 D ProcessManager: skip restart com.wm.dmall:core because this device is a lowmemory device!
12-10 20:12:45.817  1565  2796 I AutoStartManagerService: MIUILOG- Reject RestartService packageName :com.wm.dmall uid : 10350
12-10 20:12:45.817  1565  2796 I AutoStartManagerService: MIUILOG- Reject RestartService packageName :com.wm.dmall uid : 10350
12-10 20:12:45.819  1565  2796 I ActivityManager: Killing 27882:com.wm.dmall/u0a350 (adj 0): stop com.wm.dmall: from process:28488
12-10 20:12:45.822  1565  2796 D ProcessManager: skip restart com.wm.dmall because this device is a lowmemory device!
12-10 20:12:45.823  1565  2796 I AutoStartManagerService: MIUILOG- Reject RestartService packageName :com.wm.dmall uid : 10350
12-10 20:12:45.824  1565  2796 W ActivityTaskManager: Force removing ActivityRecord{b0c4909 u0 com.wm.dmall/.MainActivity t4326 f}: app died, no saved state
12-10 20:12:45.847  1565  2796 I Timeline: Timeline: App_transition_ready time:498492395
12-10 20:12:45.851  1565  2796 I ActivityManager: Killing 27977:com.wm.dmall:pushcore/u0a350 (adj 0): stop com.wm.dmall: from process:28488
12-10 20:12:45.868  1565  2796 D ProcessManager: skip restart com.wm.dmall:pushcore because this device is a lowmemory device!
12-10 20:12:45.879  1565  3621 W ActivityManager: Service done with onDestroy, but not inDestroying: ServiceRecord{b894adc u0 com.wm.dmall/.business.service.PushService}, app=ProcessRecord{375bb28 0:com.wm.dmall:pushcore/u0a350}
12-10 20:12:45.919  1565  2127 D ConnectivityService: Blocked status changed to true for 10350(714) on netId 119
12-10 20:12:45.920  1565  2127 D ConnectivityService: Blocked status changed to true for 10350(715) on netId 119
12-10 20:12:45.920  1565  2127 D ConnectivityService: Blocked status changed to true for 10350(716) on netId 119
12-10 20:12:45.921  1565  2127 D ConnectivityService: Blocked status changed to true for 10350(717) on netId 119
12-10 20:12:45.921  1565  2127 D ConnectivityService: Blocked status changed to true for 10350(718) on netId 119
12-10 20:12:45.927  1565  2127 D ConnectivityService: Blocked status changed to false for 10350(714) on netId 119
12-10 20:12:45.927  1565  2589 D ConnectivityService: ConnectivityService NetworkRequestInfo binderDied(NetworkRequest [ LISTEN id=718, [ Transports: CELLULAR|WIFI Capabilities: NOT_RESTRICTED&TRUSTED&NOT_VPN Uid: 10350] ], android.os.BinderProxy@fa3cc0c)
12-10 20:12:45.927  1565  2127 D ConnectivityService: Blocked status changed to false for 10350(715) on netId 119
12-10 20:12:45.927  1565  2127 D ConnectivityService: Blocked status changed to false for 10350(716) on netId 119
12-10 20:12:45.928  1565  2127 D ConnectivityService: Blocked status changed to false for 10350(717) on netId 119
12-10 20:12:45.928  1565  2127 D ConnectivityService: Blocked status changed to false for 10350(718) on netId 119
12-10 20:12:45.928  1565  2127 E ConnectivityService: RemoteException caught trying to send a callback msg for NetworkRequest [ LISTEN id=718, [ Transports: CELLULAR|WIFI Capabilities: NOT_RESTRICTED&TRUSTED&NOT_VPN Uid: 10350] ]
12-10 20:12:45.933  1565  2127 D ConnectivityService: Blocked status changed to true for 10350(714) on netId 119
12-10 20:12:45.933  1565  2127 D ConnectivityService: Blocked status changed to true for 10350(715) on netId 119
12-10 20:12:45.934  1565  2127 D ConnectivityService: Blocked status changed to true for 10350(716) on netId 119
12-10 20:12:45.934  1565  2127 D ConnectivityService: Blocked status changed to true for 10350(717) on netId 119
12-10 20:12:45.992  1565  4954 D ConnectivityService: ConnectivityService NetworkRequestInfo binderDied(NetworkRequest [ TRACK_DEFAULT id=716, [ Capabilities: INTERNET&NOT_RESTRICTED&TRUSTED Uid: 10350] ], android.os.BinderProxy@e31b955)
12-10 20:12:45.992  1565  4947 D ConnectivityService: ConnectivityService NetworkRequestInfo binderDied(NetworkRequest [ LISTEN id=717, [ Capabilities: INTERNET&NOT_RESTRICTED&TRUSTED Uid: 10350] ], android.os.BinderProxy@e61ff6a)
12-10 20:12:45.993  1565  4947 D ConnectivityService: ConnectivityService NetworkRequestInfo binderDied(NetworkRequest [ LISTEN id=715, [ Capabilities: INTERNET&NOT_RESTRICTED&TRUSTED Uid: 10350] ], android.os.BinderProxy@1883c5b)
12-10 20:12:45.993  1565  3408 D ConnectivityService: ConnectivityService NetworkRequestInfo binderDied(NetworkRequest [ TRACK_DEFAULT id=714, [ Capabilities: INTERNET&NOT_RESTRICTED&TRUSTED Uid: 10350] ], android.os.BinderProxy@2c79cf8)
12-10 20:12:45.994  1565  2127 D ConnectivityService: releasing NetworkRequest [ TRACK_DEFAULT id=714, [ Capabilities: INTERNET&NOT_RESTRICTED&TRUSTED Uid: 10350] ] (release request)
12-10 20:12:45.995  1565 15493 I WindowManager: WIN DEATH: Window{eba7fa5 u0 com.wm.dmall/com.wm.dmall.MainActivity}
12-10 20:12:45.995  1565  2127 D ConnectivityService: releasing NetworkRequest [ TRACK_DEFAULT id=716, [ Capabilities: INTERNET&NOT_RESTRICTED&TRUSTED Uid: 10350] ] (release request)
12-10 20:12:46.007  1565 15493 I MiuiKnockGestureService: focus window:com.miui.home
12-10 20:12:46.010  1565  1618 W WindowManager: Failed looking up window callers=com.android.server.wm.WindowManagerService.windowForClientLocked:5856 com.android.server.wm.WindowState$DeathRecipient.binderDied:2606 android.os.BinderProxy.sendDeathNotice:621 
12-10 20:12:46.010  1565  1618 I WindowManager: WIN DEATH: null
12-10 20:12:46.016  1565  1685 I Timeline: Timeline: App_transition_stopped time:498492563
12-10 20:12:46.019  1565  1684 W ActivityManager: setHasOverlayUi called on unknown pid: 27882
12-10 20:12:46.028  1565  1565 V SettingsProvider: Notifying for 0: content://settings/secure/com.miui.newhome.preferences.is_home_foreground
12-10 20:12:46.031  1565  1565 V SettingsProvider: Notifying for 0: content://settings/secure/com.miui.newhome.preferences.key_tips_show_time
12-10 20:12:47.162  1565  1618 I InstallationStatistic: beginInstallSession: 184681798
12-10 20:12:48.920 28514 28514 W BpBinder: Slow Binder: BpBinder transact took 1694 ms, interface=android.content.pm.IPackageManager, code=1598246212 oneway=false
12-10 20:12:49.073  1565  3770 W FileUtils: Slow Operation: fsync took 207ms
12-10 20:12:49.073 21663 21741 W FileUtils: Slow Operation: fsync took 297ms
12-10 20:12:50.106  1565  1753 W PackageParser: No actions in intent filter at /data/app/vmdl184681798.tmp/base.apk Binary XML file line #563
12-10 20:12:50.244  1565  1695 I ActivityManager: Force stopping com.wm.dmall appid=10350 user=-1: installPackageLI
12-10 20:12:50.246  1565  1753 I PackageManager: Update package com.wm.dmall code path from /data/app/com.wm.dmall-lu9cDl_Xr46uWzzEa0eC3Q== to /data/app/com.wm.dmall-0g1L1VubYVKc6zJ0Ca7MvQ==; Retain data and using new
12-10 20:12:50.246  1565  1753 I PackageManager: Update package com.wm.dmall resource path from /data/app/com.wm.dmall-lu9cDl_Xr46uWzzEa0eC3Q== to /data/app/com.wm.dmall-0g1L1VubYVKc6zJ0Ca7MvQ==; Retain data and using new
12-10 20:12:50.381  1565  1753 I PackageManager: Un-granting permission android.permission.REQUEST_INSTALL_PACKAGES from package com.tencent.tmgp.sgame (protectionLevel=66 flags=0x3a083e44)
12-10 20:12:50.381  1565  1753 I PackageManager: Un-granting permission android.permission.MOUNT_UNMOUNT_FILESYSTEMS from package com.tencent.tmgp.sgame (protectionLevel=18 flags=0x3a083e44)
12-10 20:12:50.381  1565  1753 I PackageManager: Un-granting permission android.permission.SYSTEM_ALERT_WINDOW from package com.tencent.tmgp.sgame (protectionLevel=1250 flags=0x3a083e44)
12-10 20:12:50.381  1565  1753 I PackageManager: Un-granting permission android.permission.WRITE_MEDIA_STORAGE from package com.tencent.tmgp.sgame (protectionLevel=18 flags=0x3a083e44)
12-10 20:12:50.381  1565  1753 I PackageManager: Un-granting permission android.permission.WRITE_SETTINGS from package com.tencent.tmgp.sgame (protectionLevel=1218 flags=0x3a083e44)
12-10 20:12:50.381  1565  1753 I PackageManager: Un-granting permission android.permission.READ_LOGS from package com.tencent.tmgp.sgame (protectionLevel=50 flags=0x3a083e44)
