12-10 20:12:50.382  1565  1753 I PackageManager: Un-granting permission android.permission.CHANGE_CONFIGURATION from package com.tencent.tmgp.sgame (protectionLevel=50 flags=0x3a083e44)
12-10 20:12:50.382  1565  1753 I PackageManager: Un-granting permission android.permission.BATTERY_STATS from package com.tencent.tmgp.sgame (protectionLevel=50 flags=0x3a083e44)
12-10 20:12:50.384  1565  1753 I PackageManager: Un-granting permission android.permission.SYSTEM_ALERT_WINDOW from package com.douban.frodo (protectionLevel=1250 flags=0x3898be44)
12-10 20:12:50.384  1565  1753 I PackageManager: Un-granting permission android.permission.REQUEST_INSTALL_PACKAGES from package com.douban.frodo (protectionLevel=66 flags=0x3898be44)
12-10 20:12:50.384  1565  1753 I PackageManager: Un-granting permission android.permission.READ_LOGS from package com.dm.metro (protectionLevel=50 flags=0x38d83e46)
12-10 20:12:50.384  1565  1753 I PackageManager: Un-granting permission android.permission.MOUNT_UNMOUNT_FILESYSTEMS from package com.dm.metro (protectionLevel=18 flags=0x38d83e46)
12-10 20:12:50.384  1565  1753 I PackageManager: Un-granting permission android.permission.CHANGE_CONFIGURATION from package com.dm.metro (protectionLevel=50 flags=0x38d83e46)
12-10 20:12:50.384  1565  1753 I PackageManager: Un-granting permission android.permission.WRITE_SETTINGS from package com.dm.metro (protectionLevel=1218 flags=0x38d83e46)
12-10 20:12:50.384  1565  1753 I PackageManager: Un-granting permission android.permission.SYSTEM_ALERT_WINDOW from package com.dm.metro (protectionLevel=1250 flags=0x38d83e46)
12-10 20:12:50.384  1565  1753 I PackageManager: Un-granting permission com.android.launcher.permission.WRITE_SETTINGS from package com.dm.metro (protectionLevel=18 flags=0x38d83e46)
12-10 20:12:50.384  1565  1753 I PackageManager: Un-granting permission android.permission.REQUEST_INSTALL_PACKAGES from package com.dm.metro (protectionLevel=66 flags=0x38d83e46)
12-10 20:12:50.385  1565  1753 I PackageManager: Un-granting permission android.permission.INTERACT_ACROSS_USERS_FULL from package com.xiaomi.gamecenter.sdk.service (protectionLevel=258 flags=0x18c83e45)
12-10 20:12:50.385  1565  1753 I PackageManager: Un-granting permission android.permission.REQUEST_INSTALL_PACKAGES from package com.xiaomi.gamecenter.sdk.service (protectionLevel=66 flags=0x18c83e45)
12-10 20:12:50.390  1565  1753 I PackageManager: Un-granting permission android.permission.WRITE_SETTINGS from package cn.missfresh.application (protectionLevel=1218 flags=0x38d87e44)
12-10 20:12:50.390  1565  1753 I PackageManager: Un-granting permission android.permission.MOUNT_UNMOUNT_FILESYSTEMS from package cn.missfresh.application (protectionLevel=18 flags=0x38d87e44)
12-10 20:12:50.390  1565  1753 I PackageManager: Un-granting permission android.permission.SYSTEM_ALERT_WINDOW from package cn.missfresh.application (protectionLevel=1250 flags=0x38d87e44)
12-10 20:12:50.390  1565  1753 I PackageManager: Un-granting permission android.permission.BATTERY_STATS from package cn.missfresh.application (protectionLevel=50 flags=0x38d87e44)
12-10 20:12:50.390  1565  1753 I PackageManager: Un-granting permission android.permission.READ_LOGS from package cn.missfresh.application (protectionLevel=50 flags=0x38d87e44)
12-10 20:12:50.390  1565  1753 I PackageManager: Un-granting permission android.permission.REQUEST_INSTALL_PACKAGES from package cn.missfresh.application (protectionLevel=66 flags=0x38d87e44)
12-10 20:12:50.394  1565  1753 I PackageManager: Un-granting permission android.permission.PACKAGE_USAGE_STATS from package com.tencent.mm (protectionLevel=114 flags=0x38983e44)
12-10 20:12:50.394  1565  1753 I PackageManager: Un-granting permission android.permission.WRITE_SETTINGS from package com.tencent.mm (protectionLevel=1218 flags=0x38983e44)
12-10 20:12:50.394  1565  1753 I PackageManager: Un-granting permission android.permission.SYSTEM_ALERT_WINDOW from package com.tencent.mm (protectionLevel=1250 flags=0x38983e44)
12-10 20:12:50.394  1565  1753 I PackageManager: Un-granting permission android.permission.REQUEST_INSTALL_PACKAGES from package com.tencent.mm (protectionLevel=66 flags=0x38983e44)
12-10 20:12:50.397  1565  1753 I PackageManager: Un-granting permission android.permission.SYSTEM_ALERT_WINDOW from package com.sangfor.vpn.client.phone (protectionLevel=1250 flags=0x38183e44)
12-10 20:12:50.397  1565  1753 I PackageManager: Un-granting permission android.permission.REQUEST_INSTALL_PACKAGES from package com.sangfor.vpn.client.phone (protectionLevel=66 flags=0x38183e44)
12-10 20:12:50.398  1565  1753 I PackageManager: Un-granting permission com.xiaomi.simactivate.service.ACTIVATE_SIM from package com.android.mms (protectionLevel=2 flags=0x38c9be65)
12-10 20:12:50.398  1565  1753 I PackageManager: Un-granting permission miui.permission.JOYOSE from package com.android.mms (protectionLevel=2 flags=0x38c9be65)
12-10 20:12:50.403  1565  1753 I PackageManager: Un-granting permission android.permission.READ_LOGS from package com.ss.android.lark.lite (protectionLevel=50 flags=0x30583e44)
12-10 20:12:50.403  1565  1753 I PackageManager: Un-granting permission android.permission.INTERACT_ACROSS_USERS_FULL from package com.ss.android.lark.lite (protectionLevel=258 flags=0x30583e44)
12-10 20:12:50.403  1565  1753 I PackageManager: Un-granting permission android.permission.SYSTEM_ALERT_WINDOW from package com.ss.android.lark.lite (protectionLevel=1250 flags=0x30583e44)
12-10 20:12:50.403  1565  1753 I PackageManager: Un-granting permission android.permission.REQUEST_INSTALL_PACKAGES from package com.ss.android.lark.lite (protectionLevel=66 flags=0x30583e44)
12-10 20:12:50.403  1565  1753 I PackageManager: Un-granting permission android.permission.PACKAGE_USAGE_STATS from package com.ss.android.lark.lite (protectionLevel=114 flags=0x30583e44)
12-10 20:12:50.403  1565  1753 I PackageManager: Un-granting permission android.permission.CHANGE_CONFIGURATION from package com.ss.android.lark.lite (protectionLevel=50 flags=0x30583e44)
12-10 20:12:50.403  1565  1753 I PackageManager: Un-granting permission com.android.launcher.permission.WRITE_SETTINGS from package com.ss.android.lark.lite (protectionLevel=18 flags=0x30583e44)
12-10 20:12:50.403  1565  1753 I PackageManager: Un-granting permission android.permission.SUBSTITUTE_NOTIFICATION_APP_NAME from package com.ss.android.lark.lite (protectionLevel=18 flags=0x30583e44)
12-10 20:12:50.404  1565  1753 I PackageManager: Un-granting permission android.permission.WRITE_SECURE_SETTINGS from package com.android.printspooler (protectionLevel=50 flags=0x38c8be45)
12-10 20:12:50.405  1565  1753 I PackageManager: Un-granting permission android.permission.REQUEST_INSTALL_PACKAGES from package com.duokan.phone.remotecontroller (protectionLevel=66 flags=0x38983e44)
12-10 20:12:50.406  1565  1753 I PackageManager: Un-granting permission android.permission.GET_ACCOUNTS_PRIVILEGED from package com.duokan.phone.remotecontroller (protectionLevel=18 flags=0x38983e44)
12-10 20:12:50.406  1565  1753 I PackageManager: Un-granting permission android.permission.READ_PRIVILEGED_PHONE_STATE from package com.duokan.phone.remotecontroller (protectionLevel=18 flags=0x38983e44)
12-10 20:12:50.406  1565  1753 I PackageManager: Un-granting permission android.permission.CHANGE_CONFIGURATION from package com.duokan.phone.remotecontroller (protectionLevel=50 flags=0x38983e44)
12-10 20:12:50.406  1565  1753 I PackageManager: Un-granting permission android.permission.READ_LOGS from package com.duokan.phone.remotecontroller (protectionLevel=50 flags=0x38983e44)
12-10 20:12:50.406  1565  1753 I PackageManager: Un-granting permission android.permission.CAPTURE_AUDIO_OUTPUT from package com.duokan.phone.remotecontroller (protectionLevel=18 flags=0x38983e44)
12-10 20:12:50.406  1565  1753 I PackageManager: Un-granting permission com.xiaomi.permission.CLOUD_MANAGER from package com.duokan.phone.remotecontroller (protectionLevel=18 flags=0x38983e44)
12-10 20:12:50.406  1565  1753 I PackageManager: Un-granting permission android.permission.WRITE_SETTINGS from package com.duokan.phone.remotecontroller (protectionLevel=1218 flags=0x38983e44)
12-10 20:12:50.406  1565  1753 I PackageManager: Un-granting permission android.permission.MOUNT_UNMOUNT_FILESYSTEMS from package com.duokan.phone.remotecontroller (protectionLevel=18 flags=0x38983e44)
12-10 20:12:50.408  1565  1753 I PackageManager: Un-granting permission android.permission.MOUNT_UNMOUNT_FILESYSTEMS from package com.meituan.retail.v.android (protectionLevel=18 flags=0x38983e44)
12-10 20:12:50.408  1565  1753 I PackageManager: Un-granting permission android.permission.CHANGE_CONFIGURATION from package com.meituan.retail.v.android (protectionLevel=50 flags=0x38983e44)
12-10 20:12:50.408  1565  1753 I PackageManager: Un-granting permission android.permission.REQUEST_INSTALL_PACKAGES from package com.meituan.retail.v.android (protectionLevel=66 flags=0x38983e44)
12-10 20:12:50.408  1565  1753 I PackageManager: Un-granting permission android.permission.SYSTEM_ALERT_WINDOW from package com.meituan.retail.v.android (protectionLevel=1250 flags=0x38983e44)
12-10 20:12:50.408  1565  1753 I PackageManager: Un-granting permission android.permission.DEVICE_POWER from package com.meituan.retail.v.android (protectionLevel=2 flags=0x38983e44)
12-10 20:12:50.412  1565  1753 I PackageManager: Un-granting permission android.permission.REQUEST_INSTALL_PACKAGES from package com.suning.mobile.ebuy (protectionLevel=66 flags=0x38983e44)
12-10 20:12:50.412  1565  1753 I PackageManager: Un-granting permission android.permission.SYSTEM_ALERT_WINDOW from package com.suning.mobile.ebuy (protectionLevel=1250 flags=0x38983e44)
12-10 20:12:50.413  1565  1753 I PackageManager: Un-granting permission android.permission.WRITE_SETTINGS from package com.iflytek.inputmethod.miui (protectionLevel=1218 flags=0x38083e44)
12-10 20:12:50.414  1565  1753 I PackageManager: Un-granting permission android.permission.READ_LOGS from package com.iflytek.inputmethod.miui (protectionLevel=50 flags=0x38083e44)
12-10 20:12:50.414  1565  1753 I PackageManager: Un-granting permission android.permission.SYSTEM_ALERT_WINDOW from package com.iflytek.inputmethod.miui (protectionLevel=1250 flags=0x38083e44)
12-10 20:12:50.417  1565  1753 I PackageManager: Un-granting permission android.permission.READ_PRIVILEGED_PHONE_STATE from package com.sohu.inputmethod.sogou.xiaomi (protectionLevel=18 flags=0x30883e45)
12-10 20:12:50.417  1565  1753 I PackageManager: Un-granting permission android.permission.READ_LOGS from package com.sohu.inputmethod.sogou.xiaomi (protectionLevel=50 flags=0x30883e45)
12-10 20:12:50.417  1565  1753 I PackageManager: Un-granting permission android.permission.CLEAR_APP_CACHE from package com.sohu.inputmethod.sogou.xiaomi (protectionLevel=18 flags=0x30883e45)
12-10 20:12:50.417  1565  1753 I PackageManager: Un-granting permission android.permission.REQUEST_INSTALL_PACKAGES from package com.sohu.inputmethod.sogou.xiaomi (protectionLevel=66 flags=0x30883e45)
12-10 20:12:50.417  1565  1753 I PackageManager: Un-granting permission android.permission.CHANGE_CONFIGURATION from package com.sohu.inputmethod.sogou.xiaomi (protectionLevel=50 flags=0x30883e45)
12-10 20:12:50.418  1565  1753 I PackageManager: Un-granting permission android.permission.REQUEST_INSTALL_PACKAGES from package com.zhihu.android (protectionLevel=66 flags=0x38d83e44)
12-10 20:12:50.418  1565  1753 I PackageManager: Un-granting permission android.permission.MOUNT_UNMOUNT_FILESYSTEMS from package com.zhihu.android (protectionLevel=18 flags=0x38d83e44)
12-10 20:12:50.418  1565  1753 I PackageManager: Un-granting permission android.permission.WRITE_SETTINGS from package com.zhihu.android (protectionLevel=1218 flags=0x38d83e44)
12-10 20:12:50.418  1565  1753 I PackageManager: Un-granting permission android.permission.SYSTEM_ALERT_WINDOW from package com.zhihu.android (protectionLevel=1250 flags=0x38d83e44)
12-10 20:12:50.418  1565  1753 I PackageManager: Un-granting permission android.permission.WRITE_MEDIA_STORAGE from package com.zhihu.android (protectionLevel=18 flags=0x38d83e44)
12-10 20:12:50.418  1565  1753 I PackageManager: Un-granting permission android.permission.READ_LOGS from package com.zhihu.android (protectionLevel=50 flags=0x38d83e44)
12-10 20:12:50.418  1565  1753 I PackageManager: Un-granting permission android.permission.CHANGE_CONFIGURATION from package com.zhihu.android (protectionLevel=50 flags=0x38d83e44)
12-10 20:12:50.418  1565  1753 I PackageManager: Un-granting permission android.permission.SYSTEM_ALERT_WINDOW from package com.miui.calculator (protectionLevel=1250 flags=0x30483e44)
12-10 20:12:50.418  1565  1753 I PackageManager: Un-granting permission com.miui.securitycenter.permission.SYSTEM_PERMISSION_DECLARE from package com.miui.calculator (protectionLevel=18 flags=0x30483e44)
12-10 20:12:50.423  1565  1753 I PackageManager: Un-granting permission miui.permission.EXTRA_NETWORK from package com.miui.weather2 (protectionLevel=18 flags=0x38c9be44)
12-10 20:12:50.423  1565  1753 I PackageManager: Un-granting permission miui.permission.USE_INTERNAL_GENERAL_API from package com.miui.weather2 (protectionLevel=18 flags=0x38c9be44)
12-10 20:12:50.423  1565  1753 I PackageManager: Un-granting permission com.miui.securitycenter.permission.SYSTEM_PERMISSION_DECLARE from package com.miui.weather2 (protectionLevel=18 flags=0x38c9be44)
12-10 20:12:50.423  1565  1753 I PackageManager: Un-granting permission android.permission.REQUEST_INSTALL_PACKAGES from package com.jingdong.app.mall (protectionLevel=66 flags=0x18d83e44)
12-10 20:12:50.423  1565  1753 I PackageManager: Un-granting permission android.permission.MOUNT_UNMOUNT_FILESYSTEMS from package com.jingdong.app.mall (protectionLevel=18 flags=0x18d83e44)
12-10 20:12:50.423  1565  1753 I PackageManager: Un-granting permission android.permission.READ_LOGS from package com.jingdong.app.mall (protectionLevel=50 flags=0x18d83e44)
12-10 20:12:50.423  1565  1753 I PackageManager: Un-granting permission android.permission.SYSTEM_ALERT_WINDOW from package com.jingdong.app.mall (protectionLevel=1250 flags=0x18d83e44)
12-10 20:12:50.423  1565  1753 I PackageManager: Un-granting permission android.permission.WRITE_SETTINGS from package com.jingdong.app.mall (protectionLevel=1218 flags=0x18d83e44)
12-10 20:12:50.423  1565  1753 I PackageManager: Un-granting permission android.permission.INTERACT_ACROSS_USERS from package com.jingdong.app.mall (protectionLevel=50 flags=0x18d83e44)
12-10 20:12:50.423  1565  1753 I PackageManager: Un-granting permission android.permission.INTERACT_ACROSS_USERS_FULL from package com.jingdong.app.mall (protectionLevel=258 flags=0x18d83e44)
12-10 20:12:50.423  1565  1753 I PackageManager: Un-granting permission android.permission.BATTERY_STATS from package com.jingdong.app.mall (protectionLevel=50 flags=0x18d83e44)
12-10 20:12:50.423  1565  1753 I PackageManager: Un-granting permission android.permission.ACCESS_DOWNLOAD_MANAGER from package com.jingdong.app.mall (protectionLevel=18 flags=0x18d83e44)
12-10 20:12:50.424  1565  1753 I PackageManager: Un-granting permission android.permission.SYSTEM_ALERT_WINDOW from package com.autonavi.minimap (protectionLevel=1250 flags=0x30587e44)
12-10 20:12:50.424  1565  1753 I PackageManager: Un-granting permission android.permission.MOUNT_UNMOUNT_FILESYSTEMS from package com.autonavi.minimap (protectionLevel=18 flags=0x30587e44)
12-10 20:12:50.424  1565  1753 I PackageManager: Un-granting permission android.permission.READ_LOGS from package com.autonavi.minimap (protectionLevel=50 flags=0x30587e44)
12-10 20:12:50.424  1565  1753 I PackageManager: Un-granting permission android.permission.WRITE_SETTINGS from package com.autonavi.minimap (protectionLevel=1218 flags=0x30587e44)
12-10 20:12:50.424  1565  1753 I PackageManager: Un-granting permission android.permission.CHANGE_CONFIGURATION from package com.autonavi.minimap (protectionLevel=50 flags=0x30587e44)
12-10 20:12:50.424  1565  1753 I PackageManager: Un-granting permission android.permission.REQUEST_INSTALL_PACKAGES from package com.autonavi.minimap (protectionLevel=66 flags=0x30587e44)
12-10 20:12:50.425  1565  1753 I PackageManager: Un-granting permission android.permission.ACCESS_DOWNLOAD_MANAGER from package com.duokan.reader (protectionLevel=18 flags=0x38183e04)
12-10 20:12:50.425  1565  1753 I PackageManager: Un-granting permission android.permission.INTERACT_ACROSS_USERS from package com.duokan.reader (protectionLevel=50 flags=0x38183e04)
12-10 20:12:50.425  1565  1753 I PackageManager: Un-granting permission android.permission.INTERACT_ACROSS_USERS_FULL from package com.duokan.reader (protectionLevel=258 flags=0x38183e04)
12-10 20:12:50.425  1565  1753 I PackageManager: Un-granting permission android.permission.MANAGE_USERS from package com.duokan.reader (protectionLevel=18 flags=0x38183e04)
12-10 20:12:50.425  1565  1753 I PackageManager: Un-granting permission android.permission.REQUEST_INSTALL_PACKAGES from package com.duokan.reader (protectionLevel=66 flags=0x38183e04)
12-10 20:12:50.425  1565  1753 I PackageManager: Un-granting permission android.permission.WRITE_SETTINGS from package com.duokan.reader (protectionLevel=1218 flags=0x38183e04)
12-10 20:12:50.425  1565  1753 I PackageManager: Un-granting permission android.permission.WRITE_SECURE_SETTINGS from package com.duokan.reader (protectionLevel=50 flags=0x38183e04)
12-10 20:12:50.425  1565  1753 I PackageManager: Un-granting permission com.xiaomi.permission.CLOUD_MANAGER from package com.duokan.reader (protectionLevel=18 flags=0x38183e04)
12-10 20:12:50.434  1565  1753 I PackageManager: Un-granting permission android.permission.READ_LOGS from package com.miui.smsextra (protectionLevel=50 flags=0x38c8be45)
12-10 20:12:50.434  1565  1753 I PackageManager: Un-granting permission android.permission.INTERACT_ACROSS_USERS from package com.miui.smsextra (protectionLevel=50 flags=0x38c8be45)
12-10 20:12:50.435  1565  1753 I PackageManager: Un-granting permission com.qualcomm.permission.USE_QCRIL_MSG_TUNNEL from package com.xiaomi.mimobile.cloudsim (protectionLevel=18 flags=0x38483e44)
12-10 20:12:50.435  1565  1753 I PackageManager: Un-granting permission android.permission.READ_NETWORK_USAGE_HISTORY from package com.xiaomi.mimobile.cloudsim (protectionLevel=18 flags=0x38483e44)
12-10 20:12:50.436  1565  1753 I PackageManager: Un-granting permission android.permission.BATTERY_STATS from package com.eg.android.AlipayGphone (protectionLevel=50 flags=0x30983e44)
12-10 20:12:50.436  1565  1753 I PackageManager: Un-granting permission android.permission.READ_LOGS from package com.eg.android.AlipayGphone (protectionLevel=50 flags=0x30983e44)
12-10 20:12:50.436  1565  1753 I PackageManager: Un-granting permission android.permission.SYSTEM_ALERT_WINDOW from package com.eg.android.AlipayGphone (protectionLevel=1250 flags=0x30983e44)
12-10 20:12:50.436  1565  1753 I PackageManager: Un-granting permission android.permission.WRITE_SETTINGS from package com.eg.android.AlipayGphone (protectionLevel=1218 flags=0x30983e44)
12-10 20:12:50.436  1565  1753 I PackageManager: Un-granting permission android.permission.MANAGE_FINGERPRINT from package com.eg.android.AlipayGphone (protectionLevel=18 flags=0x30983e44)
12-10 20:12:50.437  1565  1753 I PackageManager: Un-granting permission android.permission.BLUETOOTH_PRIVILEGED from package com.eg.android.AlipayGphone (protectionLevel=18 flags=0x30983e44)
12-10 20:12:50.437  1565  1753 I PackageManager: Un-granting permission android.permission.LOCAL_MAC_ADDRESS from package com.eg.android.AlipayGphone (protectionLevel=18 flags=0x30983e44)
12-10 20:12:50.437  1565  1753 I PackageManager: Un-granting permission android.permission.MANAGE_DOCUMENTS from package com.eg.android.AlipayGphone (protectionLevel=262146 flags=0x30983e44)
12-10 20:12:50.437  1565  1753 I PackageManager: Un-granting permission android.permission.MOUNT_UNMOUNT_FILESYSTEMS from package com.eg.android.AlipayGphone (protectionLevel=18 flags=0x30983e44)
12-10 20:12:50.437  1565  1753 I PackageManager: Un-granting permission com.android.launcher.permission.WRITE_SETTINGS from package com.eg.android.AlipayGphone (protectionLevel=18 flags=0x30983e44)
12-10 20:12:50.437  1565  1753 I PackageManager: Un-granting permission android.permission.REQUEST_INSTALL_PACKAGES from package com.eg.android.AlipayGphone (protectionLevel=66 flags=0x30983e44)
12-10 20:12:50.437  1565  1753 I PackageManager: Un-granting permission android.permission.REQUEST_INSTALL_PACKAGES from package cn.wps.moffice_eng (protectionLevel=66 flags=0x38d83e44)
12-10 20:12:50.437  1565  1753 I PackageManager: Un-granting permission android.permission.SYSTEM_ALERT_WINDOW from package cn.wps.moffice_eng (protectionLevel=1250 flags=0x38d83e44)
12-10 20:12:50.437  1565  1753 I PackageManager: Un-granting permission android.permission.READ_PRIVILEGED_PHONE_STATE from package com.miui.core (protectionLevel=18 flags=0x28883e05)
12-10 20:12:50.439  1565  1753 I PackageManager: Un-granting permission android.permission.READ_LOGS from package com.wm.dmall (protectionLevel=50 flags=0x38583e46)
12-10 20:12:50.439  1565  1753 I PackageManager: Un-granting permission android.permission.MOUNT_UNMOUNT_FILESYSTEMS from package com.wm.dmall (protectionLevel=18 flags=0x38583e46)
12-10 20:12:50.439  1565  1753 I PackageManager: Un-granting permission android.permission.CHANGE_CONFIGURATION from package com.wm.dmall (protectionLevel=50 flags=0x38583e46)
12-10 20:12:50.439  1565  1753 I PackageManager: Un-granting permission android.permission.WRITE_SETTINGS from package com.wm.dmall (protectionLevel=1218 flags=0x38583e46)
12-10 20:12:50.439  1565  1753 I PackageManager: Un-granting permission android.permission.SYSTEM_ALERT_WINDOW from package com.wm.dmall (protectionLevel=1250 flags=0x38583e46)
12-10 20:12:50.439  1565  1753 I PackageManager: Un-granting permission com.android.launcher.permission.WRITE_SETTINGS from package com.wm.dmall (protectionLevel=18 flags=0x38583e46)
12-10 20:12:50.439  1565  1753 I PackageManager: Un-granting permission android.permission.REQUEST_INSTALL_PACKAGES from package com.wm.dmall (protectionLevel=66 flags=0x38583e46)
12-10 20:12:50.554  1565  1680 W Looper  : Slow dispatch took 114ms android.fg h=android.os.Handler c=<recycled PooledLambda@ee51a57> m=0
12-10 20:12:50.564  1565  1753 I InstallationStatistic: com.wm.dmall|null|3403|1792|451|263|0|0
12-10 20:12:50.565  1565  1753 W PackageManager: Cannot whitelist unknown permission: android.permission.RECORD_VIDEO
12-10 20:12:50.565  1565  1753 W PackageManager: Cannot whitelist unknown permission: org.simalliance.openmobileapi.SMARTCARD
12-10 20:12:50.565  1565  1753 W PackageManager: Cannot whitelist unknown permission: com.android.launcher2.permission.READ_SETTINGS
12-10 20:12:50.565  1565  1753 W PackageManager: Cannot whitelist unknown permission: com.android.launcher2.permission.WRITE_SETTINGS
12-10 20:12:50.565  1565  1753 W PackageManager: Cannot whitelist unknown permission: com.android.launcher3.permission.READ_SETTINGS
12-10 20:12:50.565  1565  1753 W PackageManager: Cannot whitelist unknown permission: com.android.launcher3.permission.WRITE_SETTINGS
12-10 20:12:50.565  1565  1753 W PackageManager: Cannot whitelist unknown permission: org.adw.launcher.permission.READ_SETTINGS
12-10 20:12:50.565  1565  1753 W PackageManager: Cannot whitelist unknown permission: org.adw.launcher.permission.WRITE_SETTINGS
12-10 20:12:50.565  1565  1753 W PackageManager: Cannot whitelist unknown permission: com.htc.launcher.permission.READ_SETTINGS
12-10 20:12:50.565  1565  1753 W PackageManager: Cannot whitelist unknown permission: com.htc.launcher.permission.WRITE_SETTINGS
12-10 20:12:50.565  1565  1753 W PackageManager: Cannot whitelist unknown permission: com.qihoo360.launcher.permission.READ_SETTINGS
12-10 20:12:50.565  1565  1753 W PackageManager: Cannot whitelist unknown permission: com.qihoo360.launcher.permission.WRITE_SETTINGS
12-10 20:12:50.565  1565  1753 W PackageManager: Cannot whitelist unknown permission: com.lge.launcher.permission.READ_SETTINGS
12-10 20:12:50.565  1565  1753 W PackageManager: Cannot whitelist unknown permission: com.lge.launcher.permission.WRITE_SETTINGS
12-10 20:12:50.565  1565  1753 W PackageManager: Cannot whitelist unknown permission: net.qihoo.launcher.permission.READ_SETTINGS
12-10 20:12:50.565  1565  1753 W PackageManager: Cannot whitelist unknown permission: net.qihoo.launcher.permission.WRITE_SETTINGS
12-10 20:12:50.565  1565  1753 W PackageManager: Cannot whitelist unknown permission: org.adwfreak.launcher.permission.READ_SETTINGS
12-10 20:12:50.565  1565  1753 W PackageManager: Cannot whitelist unknown permission: org.adwfreak.launcher.permission.WRITE_SETTINGS
12-10 20:12:50.565  1565  1753 W PackageManager: Cannot whitelist unknown permission: org.adw.launcher_donut.permission.READ_SETTINGS
12-10 20:12:50.565  1565  1753 W PackageManager: Cannot whitelist unknown permission: org.adw.launcher_donut.permission.WRITE_SETTINGS
12-10 20:12:50.565  1565  1753 W PackageManager: Cannot whitelist unknown permission: com.huawei.launcher3.permission.READ_SETTINGS
12-10 20:12:50.565  1565  1753 W PackageManager: Cannot whitelist unknown permission: com.huawei.launcher3.permission.WRITE_SETTINGS
12-10 20:12:50.565  1565  1753 W PackageManager: Cannot whitelist unknown permission: com.fede.launcher.permission.READ_SETTINGS
12-10 20:12:50.565  1565  1753 W PackageManager: Cannot whitelist unknown permission: com.fede.launcher.permission.WRITE_SETTINGS
12-10 20:12:50.565  1565  1753 W PackageManager: Cannot whitelist unknown permission: com.sec.android.app.twlauncher.settings.READ_SETTINGS
12-10 20:12:50.565  1565  1753 W PackageManager: Cannot whitelist unknown permission: com.sec.android.app.twlauncher.settings.WRITE_SETTINGS
12-10 20:12:50.565  1565  1753 W PackageManager: Cannot whitelist unknown permission: com.anddoes.launcher.permission.READ_SETTINGS
12-10 20:12:50.565  1565  1753 W PackageManager: Cannot whitelist unknown permission: com.anddoes.launcher.permission.WRITE_SETTINGS
12-10 20:12:50.565  1565  1753 W PackageManager: Cannot whitelist unknown permission: com.tencent.qqlauncher.permission.READ_SETTINGS
12-10 20:12:50.565  1565  1753 W PackageManager: Cannot whitelist unknown permission: com.tencent.qqlauncher.permission.WRITE_SETTINGS
12-10 20:12:50.565  1565  1753 W PackageManager: Cannot whitelist unknown permission: com.huawei.launcher2.permission.READ_SETTINGS
12-10 20:12:50.565  1565  1753 W PackageManager: Cannot whitelist unknown permission: com.huawei.launcher2.permission.WRITE_SETTINGS
12-10 20:12:50.565  1565  1753 W PackageManager: Cannot whitelist unknown permission: com.android.mylauncher.permission.READ_SETTINGS
12-10 20:12:50.565  1565  1753 W PackageManager: Cannot whitelist unknown permission: com.android.mylauncher.permission.WRITE_SETTINGS
12-10 20:12:50.565  1565  1753 W PackageManager: Cannot whitelist unknown permission: com.ebproductions.android.launcher.permission.READ_SETTINGS
12-10 20:12:50.565  1565  1753 W PackageManager: Cannot whitelist unknown permission: com.ebproductions.android.launcher.permission.WRITE_SETTINGS
12-10 20:12:50.565  1565  1753 W PackageManager: Cannot whitelist unknown permission: com.oppo.launcher.permission.READ_SETTINGS
12-10 20:12:50.565  1565  1753 W PackageManager: Cannot whitelist unknown permission: com.oppo.launcher.permission.WRITE_SETTINGS
12-10 20:12:50.565  1565  1753 W PackageManager: Cannot whitelist unknown permission: com.miui.mihome2.permission.READ_SETTINGS
12-10 20:12:50.565  1565  1753 W PackageManager: Cannot whitelist unknown permission: com.miui.mihome2.permission.WRITE_SETTINGS
12-10 20:12:50.565  1565  1753 W PackageManager: Cannot whitelist unknown permission: com.huawei.android.launcher.permission.READ_SETTINGS
12-10 20:12:50.565  1565  1753 W PackageManager: Cannot whitelist unknown permission: com.huawei.android.launcher.permission.WRITE_SETTINGS
12-10 20:12:50.565  1565  1753 W PackageManager: Cannot whitelist unknown permission: telecom.mdesk.permission.READ_SETTINGS
12-10 20:12:50.565  1565  1753 W PackageManager: Cannot whitelist unknown permission: telecom.mdesk.permission.WRITE_SETTINGS
12-10 20:12:50.565  1565  1753 W PackageManager: Cannot whitelist unknown permission: dianxin.permission.ACCESS_LAUNCHER_DATA
12-10 20:12:50.565  1565  1753 W PackageManager: Cannot whitelist unknown permission: android.permission.READ_MEDIA_STORAGE
12-10 20:12:50.565  1565  1753 W PackageManager: Cannot whitelist unknown permission: android.permission.READ_MEDIA_AUDIO
12-10 20:12:50.565  1565  1753 W PackageManager: Cannot whitelist unknown permission: android.permission.READ_MEDIA_IMAGES
12-10 20:12:50.565  1565  1753 W PackageManager: Cannot whitelist unknown permission: android.permission.READ_MEDIA_VIDEO
12-10 20:12:50.565  1565  1753 W PackageManager: Cannot whitelist unknown permission: android.permission.RECEIVE_USER_PRESENT
12-10 20:12:50.565  1565  1753 W PackageManager: Cannot whitelist unknown permission: com.huawei.android.launcher.permission.CHANGE_BADGE
12-10 20:12:50.565  1565  1753 W PackageManager: Cannot whitelist unknown permission: android.permission.QUERY_ALL_PACKAGES
12-10 20:12:50.565  1565  1753 W PackageManager: Cannot whitelist unknown permission: com.coloros.mcs.permission.RECIEVE_MCS_MESSAGE
12-10 20:12:50.565  1565  1753 W PackageManager: Cannot whitelist unknown permission: com.heytap.mcs.permission.RECIEVE_MCS_MESSAGE
12-10 20:12:50.565  1565  1753 W PackageManager: Cannot whitelist unknown permission: android.permission.SYSTEM_OVERLAY_WINDOW
12-10 20:12:50.565  1565  1753 W PackageManager: Cannot whitelist unknown permission: com.samsung.android.providers.context.permission.WRITE_USE_APP_FEATURE_SURVEY
12-10 20:12:50.565  1565  1753 W PackageManager: Cannot whitelist unknown permission: com.huawei.authentication.HW_ACCESS_AUTH_SERVICE
12-10 20:12:50.565  1565  1753 W PackageManager: Cannot whitelist unknown permission: com.huawei.appmarket.service.commondata.permission.GET_COMMON_DATA
12-10 20:12:50.565  1565  1753 W PackageManager: Cannot whitelist unknown permission: android.permission.MOUNT_UNMOUNT_FILESYSTEM
12-10 20:12:50.593  1565  1753 I ActivityManager: Force stopping com.wm.dmall appid=10350 user=0: pkg removed
12-10 20:12:50.594  1565  1753 I AutoStartManagerService: MIUILOG- Reject RestartService packageName :com.wm.dmall uid : 10350
12-10 20:12:50.594 28517 28517 W BpBinder: Slow Binder: BpBinder transact took 1643 ms, interface=android.content.pm.IPackageManager, code=1598246212 oneway=false
12-10 20:12:50.631  1565  2162 I MiuiCompatModePackages: package com.wm.dmall updated, removing config
12-10 20:12:50.634  1565  2136 V LocationPolicy: ACTION_PACKAGE_ADDED for uid=10350
12-10 20:12:50.669  1565  1694 W TextServicesManagerService: no available spell checker services found
12-10 20:12:50.721  1565  1695 W BroadcastQueue: Background execution not allowed: receiving Intent { act=android.intent.action.PACKAGE_REMOVED dat=package:com.wm.dmall flg=0x4000010 (has extras) } to com.lbe.security.miui/com.lbe.security.service.BootReceiver
12-10 20:12:50.721  1565  1695 W BroadcastQueue: Background execution not allowed: receiving Intent { act=android.intent.action.PACKAGE_REMOVED dat=package:com.wm.dmall flg=0x4000010 (has extras) } to com.android.providers.downloads/.receiver.ApplicationInstallReceiver
12-10 20:12:50.722  1565  1695 W BroadcastQueue: Background execution not allowed: receiving Intent { act=android.intent.action.PACKAGE_REMOVED dat=package:com.wm.dmall flg=0x4000010 (has extras) } to com.android.settings/.search.provider.UpdateReceiver
12-10 20:12:50.731  1565  1695 W BroadcastQueue: Background execution not allowed: receiving Intent { act=android.intent.action.PACKAGE_REMOVED dat=package:com.wm.dmall flg=0x4000010 (has extras) } to com.miui.audioeffect/com.android.musicfx.Compatibility$Receiver
12-10 20:12:50.732  1565  2800 I ActivityTaskManager: START u0 {act=android.intent.action.MAIN cat=[android.intent.category.LAUNCHER] flg=0x10000000 cmp=com.wm.dmall/.DEFAULT} from uid 2000
12-10 20:12:50.815 21549 21549 E LoadedApk: Unable to instantiate appComponentFactory
12-10 20:12:50.815 21549 21549 E LoadedApk: java.lang.ClassNotFoundException: Didn't find class "androidx.core.app.CoreComponentFactory" on path: DexPathList[[],nativeLibraryDirectories=[/data/app/com.wm.dmall-o5pTtqaFpdUjWAbbzoONFQ==/lib/arm, /data/app/com.wm.dmall-o5pTtqaFpdUjWAbbzoONFQ==/base.apk!/lib/armeabi-v7a, /system/lib64, /system/product/lib64]]
12-10 20:12:50.815 21549 21549 E LoadedApk: 	at dalvik.system.BaseDexClassLoader.findClass(BaseDexClassLoader.java:230)
12-10 20:12:50.815 21549 21549 E LoadedApk: 	at java.lang.ClassLoader.loadClass(ClassLoader.java:379)
12-10 20:12:50.815 21549 21549 E LoadedApk: 	at java.lang.ClassLoader.loadClass(ClassLoader.java:312)
12-10 20:12:50.815 21549 21549 E LoadedApk: 	at android.app.LoadedApk.createAppFactory(LoadedApk.java:258)
12-10 20:12:50.815 21549 21549 E LoadedApk: 	at android.app.LoadedApk.updateApplicationInfo(LoadedApk.java:372)
12-10 20:12:50.815 21549 21549 E LoadedApk: 	at android.app.ActivityThread.handleDispatchPackageBroadcast(ActivityThread.java:6052)
12-10 20:12:50.815 21549 21549 E LoadedApk: 	at android.app.ActivityThread$H.handleMessage(ActivityThread.java:1971)
12-10 20:12:50.815 21549 21549 E LoadedApk: 	at android.os.Handler.dispatchMessage(Handler.java:107)
12-10 20:12:50.815 21549 21549 E LoadedApk: 	at android.os.Looper.loop(Looper.java:225)
12-10 20:12:50.815 21549 21549 E LoadedApk: 	at android.app.ActivityThread.main(ActivityThread.java:7564)
12-10 20:12:50.815 21549 21549 E LoadedApk: 	at java.lang.reflect.Method.invoke(Native Method)
12-10 20:12:50.815 21549 21549 E LoadedApk: 	at com.android.internal.os.RuntimeInit$MethodAndArgsCaller.run(RuntimeInit.java:539)
12-10 20:12:50.815 21549 21549 E LoadedApk: 	at com.android.internal.os.ZygoteInit.main(ZygoteInit.java:950)
12-10 20:12:50.833  1565  1695 W BroadcastQueue: Background execution not allowed: receiving Intent { act=android.intent.action.PACKAGE_REMOVED dat=package:com.wm.dmall flg=0x4000010 (has extras) } to com.xiaomi.market/.data.MyPackageMonitor
12-10 20:12:50.856  1565  1695 W BroadcastQueue: Background execution not allowed: receiving Intent { act=android.intent.action.PACKAGE_REMOVED dat=package:com.wm.dmall flg=0x4000010 (has extras) } to com.xiaomi.misettings/.usagestats.AppTimerReceiver
12-10 20:12:50.865  1565  1565 W Looper  : Slow dispatch took 258ms main h=android.app.ActivityThread$H c=android.app.-$$Lambda$LoadedApk$ReceiverDispatcher$Args$_BumDX2UKsnxLVrE6UJsJZkotuA@7980936 m=0
12-10 20:12:50.865  1565  1565 W Looper  : Slow delivery took 258ms main h=android.app.ActivityThread$H c=android.app.-$$Lambda$LoadedApk$ReceiverDispatcher$Args$_BumDX2UKsnxLVrE6UJsJZkotuA@44e9037 m=0
12-10 20:12:50.865  1565  1695 W BroadcastQueue: Background execution not allowed: receiving Intent { act=android.intent.action.PACKAGE_REMOVED dat=package:com.wm.dmall flg=0x4000010 (has extras) } to com.xiaomi.xmsf/.pushcontrol.PkgUninstallReceiver
12-10 20:12:50.879  1565  1695 W BroadcastQueue: Background execution not allowed: receiving Intent { act=android.intent.action.PACKAGE_REMOVED dat=package:com.wm.dmall flg=0x4000010 (has extras) } to com.xiaomi.xmsf/com.xiaomi.push.service.receivers.PkgUninstallReceiver
12-10 20:12:50.881  1565  1753 I PackageManager: autoVerify ignored when installing for all users
12-10 20:12:50.885  1565  1697 D Boost   : hostingType=activity, hostingName={com.wm.dmall/com.wm.dmall.DEFAULT}, callerPackage=com.android.shell, isSystem=true, isBoostNeeded=false.
12-10 20:12:50.885  1565  1695 W BroadcastQueue: Background execution not allowed: receiving Intent { act=android.intent.action.PACKAGE_REMOVED dat=package:com.wm.dmall flg=0x4000010 (has extras) } to com.dm.metro/cn.jpush.android.service.PushReceiver
12-10 20:12:50.887  1565  1695 W BroadcastQueue: Background execution not allowed: receiving Intent { act=android.intent.action.PACKAGE_ADDED dat=package:com.wm.dmall flg=0x4000010 (has extras) } to com.lbe.security.miui/com.lbe.security.service.BootReceiver
12-10 20:12:50.887  1565  1695 W BroadcastQueue: Background execution not allowed: receiving Intent { act=android.intent.action.PACKAGE_ADDED dat=package:com.wm.dmall flg=0x4000010 (has extras) } to com.google.android.packageinstaller/com.android.packageinstaller.PackageInstalledReceiver
12-10 20:12:50.887  1565  1695 W BroadcastQueue: Background execution not allowed: receiving Intent { act=android.intent.action.PACKAGE_ADDED dat=package:com.wm.dmall flg=0x4000010 (has extras) } to com.android.providers.downloads/.receiver.ApplicationInstallReceiver
12-10 20:12:50.887  1565  1695 W BroadcastQueue: Background execution not allowed: receiving Intent { act=android.intent.action.PACKAGE_ADDED dat=package:com.wm.dmall flg=0x4000010 (has extras) } to com.android.settings/.search.provider.UpdateReceiver
12-10 20:12:50.888  1565  1695 W BroadcastQueue: Background execution not allowed: receiving Intent { act=android.intent.action.PACKAGE_ADDED dat=package:com.wm.dmall flg=0x4000010 (has extras) } to com.miui.audioeffect/com.android.musicfx.Compatibility$Receiver
12-10 20:12:50.888  1565  1695 W BroadcastQueue: Background execution not allowed: receiving Intent { act=android.intent.action.PACKAGE_ADDED dat=package:com.wm.dmall flg=0x4000010 (has extras) } to com.xiaomi.market/.data.MyPackageMonitor
12-10 20:12:50.889  1565  1697 I ActivityManager: Start proc 28543:com.wm.dmall/u0a350 for activity {com.wm.dmall/com.wm.dmall.DEFAULT} caller=com.android.shell
12-10 20:12:50.890  3772  3772 W BpBinder: Slow Binder: BpBinder transact took 240 ms, interface=android.net.IConnectivityManager, code=3 oneway=false
12-10 20:12:50.893  1565  1695 W BroadcastQueue: Background execution not allowed: receiving Intent { act=android.intent.action.PACKAGE_ADDED dat=package:com.wm.dmall flg=0x4000010 (has extras) } to com.xiaomi.misettings/.usagestats.AppTimerReceiver
12-10 20:12:50.893  1565  1695 W BroadcastQueue: Background execution not allowed: receiving Intent { act=android.intent.action.PACKAGE_ADDED dat=package:com.wm.dmall flg=0x4000010 (has extras) } to com.dm.metro/com.dmall.setting.update.receiver.AppInstalledReceiver
12-10 20:12:50.893  1565  1695 W BroadcastQueue: Background execution not allowed: receiving Intent { act=android.intent.action.PACKAGE_ADDED dat=package:com.wm.dmall flg=0x4000010 (has extras) } to com.dm.metro/cn.jpush.android.service.PushReceiver
12-10 20:12:50.908  1565  3625 W BroadcastQueue: Background execution not allowed: receiving Intent { act=android.intent.action.PACKAGE_REPLACED dat=package:com.wm.dmall flg=0x4000010 (has extras) } to com.miui.audioeffect/com.android.musicfx.Compatibility$Receiver
12-10 20:12:50.918  1565  1695 W BroadcastQueue: Background execution not allowed: receiving Intent { act=android.search.action.SEARCHABLES_CHANGED flg=0x24000010 } to com.android.quicksearchbox/.CorporaUpdateReceiver
12-10 20:12:51.001  1565  1565 W Looper  : Slow dispatch took 118ms main h=android.app.ActivityThread$H c=android.app.-$$Lambda$LoadedApk$ReceiverDispatcher$Args$_BumDX2UKsnxLVrE6UJsJZkotuA@6bafb35 m=0
12-10 20:12:51.041  1565  1565 I Telecom : DefaultDialerCache: Refreshing default dialer for user 0: now com.android.contacts: DDC.oR@CIQ
12-10 20:12:51.068  1565  1685 I Timeline: Timeline: App_transition_ready time:498497615
12-10 20:12:51.081  1565  1565 E LoadedApk: Unable to instantiate appComponentFactory
12-10 20:12:51.081  1565  1565 E LoadedApk: java.lang.ClassNotFoundException: Didn't find class "androidx.core.app.CoreComponentFactory" on path: DexPathList[[],nativeLibraryDirectories=[/data/app/com.weilu.deer-5Nimg5T4QE1sLMlcntXCVA==/lib/arm64, /data/app/com.weilu.deer-5Nimg5T4QE1sLMlcntXCVA==/base.apk!/lib/arm64-v8a, /system/lib64, /system/product/lib64]]
12-10 20:12:51.081  1565  1565 E LoadedApk: 	at dalvik.system.BaseDexClassLoader.findClass(BaseDexClassLoader.java:230)
12-10 20:12:51.081  1565  1565 E LoadedApk: 	at java.lang.ClassLoader.loadClass(ClassLoader.java:379)
12-10 20:12:51.081  1565  1565 E LoadedApk: 	at java.lang.ClassLoader.loadClass(ClassLoader.java:312)
12-10 20:12:51.081  1565  1565 E LoadedApk: 	at android.app.LoadedApk.createAppFactory(LoadedApk.java:258)
12-10 20:12:51.081  1565  1565 E LoadedApk: 	at android.app.LoadedApk.updateApplicationInfo(LoadedApk.java:372)
12-10 20:12:51.081  1565  1565 E LoadedApk: 	at android.app.ActivityThread.handleDispatchPackageBroadcast(ActivityThread.java:6052)
12-10 20:12:51.081  1565  1565 E LoadedApk: 	at android.app.ActivityThread$H.handleMessage(ActivityThread.java:1971)
12-10 20:12:51.081  1565  1565 E LoadedApk: 	at android.os.Handler.dispatchMessage(Handler.java:107)
12-10 20:12:51.081  1565  1565 E LoadedApk: 	at android.os.Looper.loop(Looper.java:225)
12-10 20:12:51.081  1565  1565 E LoadedApk: 	at com.android.server.SystemServer.run(SystemServer.java:566)
12-10 20:12:51.081  1565  1565 E LoadedApk: 	at com.android.server.SystemServer.main(SystemServer.java:363)
12-10 20:12:51.081  1565  1565 E LoadedApk: 	at java.lang.reflect.Method.invoke(Native Method)
12-10 20:12:51.081  1565  1565 E LoadedApk: 	at com.android.internal.os.RuntimeInit$MethodAndArgsCaller.run(RuntimeInit.java:539)
12-10 20:12:51.081  1565  1565 E LoadedApk: 	at com.android.internal.os.ZygoteInit.main(ZygoteInit.java:928)
12-10 20:12:51.081  1565  1695 W BroadcastQueue: Background execution not allowed: receiving Intent { act=android.search.action.SEARCHABLES_CHANGED flg=0x24000010 } to com.android.quicksearchbox/.CorporaUpdateReceiver
12-10 20:12:51.087  1565  1565 V SettingsProvider: Notifying for 0: content://settings/secure/com.miui.newhome.preferences.is_home_foreground
12-10 20:12:51.088  1565  1565 W Looper  : Drained
12-10 20:12:51.104  1565  1680 W Looper  : Slow delivery took 208ms android.fg h=android.os.Handler c=<recycled PooledLambda@f1d7518> m=0
12-10 20:12:51.187  1565  1680 W Looper  : Drained
12-10 20:12:51.848  1565  1685 I Timeline: Timeline: App_transition_stopped time:498498395
12-10 20:12:54.095  1565  1694 D ProcessManager: add gps active uid : 10350
12-10 20:12:54.112  1565  4942 D LocationPolicy: checkUidLocationOp [uid = 10350, op = 1
12-10 20:12:54.154  1565  3625 D LocationPolicy: checkUidLocationOp [uid = 10350, op = 1
12-10 20:12:54.205  1565  1697 D Boost   : hostingType=service, hostingName={com.wm.dmall/com.wm.dmall.business.service.PushService}, callerPackage=com.wm.dmall, isSystem=false, isBoostNeeded=false.
12-10 20:12:54.206  1565  1697 I ActivityManager: Start proc 28640:com.wm.dmall:pushcore/u0a350 for service {com.wm.dmall/com.wm.dmall.business.service.PushService} caller=com.wm.dmall
12-10 20:12:54.216  1565  4942 D LocationPolicy: checkUidLocationOp [uid = 10350, op = 1
12-10 20:12:54.381  1565  4356 D com.android.server.pm.PackageManagerServiceInjector: Run dexopt on: /data/user/0/com.wm.dmall/app_tbs/core_share/tbs_sdk_extension_dex.jar, because top-app{com.wm.dmall} loading it. Dexopt result: DEX_OPT_PERFORMED
12-10 20:12:54.486 28543 28543 W Looper  : Slow Looper main: Long Msg: seq=2 plan=20:12:51.053  late=1ms wall=3432ms running=3001ms runnable=111ms io=1ms h=android.app.ActivityThread$H w=110
12-10 20:12:54.691  1565  4356 D com.android.server.pm.PackageManagerServiceInjector: Run dexopt on: /data/user/0/com.wm.dmall/app_tbs/core_share/tbs_jars_fusion_dex.jar, because top-app{com.wm.dmall} loading it. Dexopt result: DEX_OPT_PERFORMED
12-10 20:12:54.966 28543 28543 I Timeline: Timeline: Activity_launch_request time:498501513
12-10 20:12:54.967  1565  1617 I ActivityTaskManager: START u0 {cmp=com.wm.dmall/.MainActivity (has extras)} from uid 10350
12-10 20:12:55.016 28543 28543 W Looper  : Slow Looper main: Activity com.wm.dmall/.DEFAULT is 3333ms late (wall=527ms running=367ms ClientTransaction{ callbacks=[android.app.servertransaction.LaunchActivityItem] lifecycleRequest=android.app.servertransaction.ResumeActivityItem }) because of 1 msg, msg 1 took 3432ms (seq=2 running=3001ms runnable=111ms io=1ms late=1ms h=android.app.ActivityThread$H w=110)
12-10 20:12:55.019 28543 28543 W Looper  : Slow Looper main: Activity com.wm.dmall/.DEFAULT is 3863ms late (wall=1ms running=1ms ClientTransaction{ callbacks=[android.app.servertransaction.TopResumedActivityChangeItem] }) because of 2 msg, msg 1 took 3432ms (seq=2 running=3001ms runnable=111ms io=1ms late=1ms h=android.app.ActivityThread$H w=110), msg 2 took 527ms (seq=3 running=367ms runnable=60ms late=3333ms h=android.app.ActivityThread$H w=159)
12-10 20:12:55.027 28543 28731 W FileUtils: Failed to chmod(/data/user/0/com.tencent.mm/app_tbs): android.system.ErrnoException: chmod failed: EACCES (Permission denied)
12-10 20:12:55.028 28543 28731 W FileUtils: Failed to chmod(/data/user/0/com.tencent.mm/app_tbs_common_share): android.system.ErrnoException: chmod failed: EACCES (Permission denied)
12-10 20:12:55.209  1565  4946 I ActivityTaskManager: The Process com.wm.dmall Already Exists in BG. So sending its PID: 28543
12-10 20:12:55.219  1565  4946 I Timeline: Timeline: App_transition_ready time:498501766
12-10 20:12:55.220  1565  4946 I Timeline: Timeline: App_transition_stopped time:498501767
12-10 20:12:55.270  1565  4952 D LocationPolicy: checkUidLocationOp [uid = 10350, op = 1
12-10 20:12:55.328  1565  1617 D LocationPolicy: checkUidLocationOp [uid = 10350, op = 1
12-10 20:12:55.341  1565  1617 D LocationPolicy: checkUidLocationOp [uid = 10350, op = 1
12-10 20:12:55.341  1565  1694 D ProcessManager: add temp remove gps inactive uid : 10350
12-10 20:12:56.290 28543 28543 E ActivityThread: Failed to find provider info for com.sina.weibo.sdkProvider
12-10 20:12:56.319 28543 28543 W Activity: Slow Operation: Activity com.wm.dmall/.MainActivity onCreate took 1049ms
12-10 20:12:56.342  1565  2185 D ProcessManager: real remove inactive uid : 10350 flag : 2
12-10 20:12:56.474  1565  1697 D Boost   : hostingType=service, hostingName={com.wm.dmall/com.qiyukf.nimlib.service.NimService}, callerPackage=com.wm.dmall, isSystem=false, isBoostNeeded=false.
12-10 20:12:56.475  1565  1697 I ActivityManager: Start proc 28823:com.wm.dmall:core/u0a350 for service {com.wm.dmall/com.qiyukf.nimlib.service.NimService} caller=com.wm.dmall
12-10 20:12:56.821 28543 28634 W BpBinder: Slow Binder: BpBinder transact took 2620 ms, interface=android.app.IActivityManager, code=20 oneway=false
12-10 20:12:56.885 28640 28640 W Looper  : Slow Looper main: Long Msg: seq=2 plan=20:12:54.309  late=2ms wall=2572ms running=2375ms runnable=42ms h=android.app.ActivityThread$H w=110
12-10 20:12:57.037  1565  1617 W WakePathChecker: MIUILOG-WAKEPATH: call was rejected by wakepath. userId= 0 caller= com.wm.dmall callee= com.dm.metro classname=cn.jpush.android.service.DaemonService action=null wakeType=8
12-10 20:12:57.041  1565  1617 W WakePathChecker: MIUILOG-WAKEPATH: call was rejected by wakepath. userId= 0 caller= com.wm.dmall callee= com.dm.metro classname=cn.jpush.android.service.DownloadProvider action=null wakeType=4
12-10 20:12:57.041 28640 28878 E ActivityThread: Failed to find provider info for com.dm.metro.DownloadProvider
12-10 20:12:57.447 28543 28543 W Activity: Slow Operation: Activity com.wm.dmall/.MainActivity onResume took 1106ms
12-10 20:12:57.490 28543 28543 W Looper  : Slow Looper main: Long Msg: seq=36 plan=20:12:55.218  late=11ms wall=2260ms running=1325ms runnable=110ms h=android.app.ActivityThread$H w=159
12-10 20:12:57.500 28543 28543 W Looper  : Slow Looper main: Activity com.wm.dmall/.MainActivity is 2280ms late (wall=1ms running=0ms ClientTransaction{ callbacks=[android.app.servertransaction.TopResumedActivityChangeItem] }) because of 5 msg, msg 5 took 2260ms (seq=36 running=1325ms runnable=110ms late=11ms h=android.app.ActivityThread$H w=159)
12-10 20:12:57.654  1565  3625 W WakePathChecker: MIUILOG-WAKEPATH: call was rejected by wakepath. userId= 0 caller= com.wm.dmall callee= com.dm.metro classname=cn.jpush.android.service.DownloadProvider action=null wakeType=4
12-10 20:12:57.679  1565  1617 D ConnectivityService: requestNetwork for uid/pid:10350/28543 NetworkRequest [ TRACK_DEFAULT id=720, [ Capabilities: INTERNET&NOT_RESTRICTED&TRUSTED Uid: 10350] ]
12-10 20:12:57.992  1565  1617 D ConnectivityService: requestNetwork for uid/pid:10350/28543 NetworkRequest [ TRACK_DEFAULT id=722, [ Capabilities: INTERNET&NOT_RESTRICTED&TRUSTED Uid: 10350] ]
12-10 20:12:58.213  1565  3625 I MiuiKnockGestureService: focus window:com.wm.dmall
12-10 20:12:58.298 28543 28543 W Looper  : Slow Looper main: doFrame is 666ms late because of 56 msg, msg 1 took 2260ms (seq=36 running=1325ms runnable=110ms late=11ms h=android.app.ActivityThread$H w=159), msg 6 took 466ms (seq=41 running=390ms runnable=30ms late=2259ms h=com.tencent.smtt.sdk.QbSdk$3 w=1)
12-10 20:12:58.305  1565  1685 I Timeline: Timeline: Activity_windows_visible id: ActivityRecord{dd22bf0 u0 com.wm.dmall/.MainActivity t4327} time:498504852
12-10 20:12:59.163  1565  1694 D ProcessManager: add gps active uid : 10350
12-10 20:12:59.171 28823 28823 W Looper  : Slow Looper main: Long Msg: seq=2 plan=20:12:56.575  late=2ms wall=2592ms running=2386ms runnable=58ms h=android.app.ActivityThread$H w=110
12-10 20:12:59.289 28543 28543 W Looper  : Slow Looper main: doFrame is 808ms late because of 10 msg, msg 1 took 809ms (seq=103 running=690ms runnable=50ms late=269ms h=com.dmall.gacommon.base.ThreadUtils$1 w=0)
12-10 20:13:00.325 28543 28543 W Looper  : Slow Looper main: Long Msg: seq=141 plan=20:12:58.618  late=690ms wall=1016ms running=821ms runnable=25ms io=10ms h=com.dmall.gacommon.base.ThreadUtils$1 w=0
