12-10 23:28:48.868  1565  2359 D Boost   : Process is boosted to top app, processName=com.android.settings:remote.
12-10 23:28:49.392  1565  2363 D Boost   : Process is boosted to top app, processName=com.android.settings:remote.
12-10 23:28:49.392  1565  2363 I chatty  : uid=1000(system) Binder:1565_4 identical 2 lines
12-10 23:28:49.393  1565  2363 D Boost   : Process is boosted to top app, processName=com.android.settings:remote.
12-10 23:28:49.396 30887 30887 W BpBinder: Slow Binder: BpBinder transact took 617 ms, interface=android.app.IActivityManager, code=20 oneway=false
12-10 23:28:49.461 30887 30887 W Looper  : Slow Looper main: Long Msg: seq=2 plan=23:28:48.154  late=4ms wall=1301ms running=348ms runnable=40ms io=188ms h=android.app.ActivityThread$H w=110
12-10 23:28:49.490  1565  1565 V NotificationAssistants: 0 notification assistant service connected: ComponentInfo{com.miui.notification/com.miui.notification.NotificationListener}
12-10 23:28:50.455  1565  1617 D Boost   : Process is boosted to top app, processName=com.miui.analytics.
12-10 23:28:50.456  1565  1617 D Boost   : Process is boosted to top app, processName=com.android.settings:remote.
12-10 23:29:49.155  1565  1697 D Boost   : hostingType=service, hostingName={com.miui.systemAdSolution/com.miui.systemAdSolution.splashscreen.SplashScreenService}, callerPackage=android, isSystem=true, isBoostNeeded=false.
12-10 23:29:49.156  1565  1697 I ActivityManager: Start proc 31016:com.miui.systemAdSolution/u0a114 for service {com.miui.systemAdSolution/com.miui.systemAdSolution.splashscreen.SplashScreenService} caller=android
12-10 23:29:49.199  1565  2363 W ProcessStats: Tracking association SourceState{3bfea7c com.wm.dmall:pushcore/10350 Top #236179} whose proc state 1 is better than process ProcessState{e755cda com.miui.securitycenter.remote/1000 pkg=com.miui.securitycenter} proc state 2 (85 skipped)
12-10 23:29:49.852  1565  1697 D Boost   : hostingType=service, hostingName={com.qualcomm.qti.autoregistration/com.qualcomm.qti.autoregistration.RegistrationService}, callerPackage=com.qualcomm.qti.autoregistration, isSystem=true, isBoostNeeded=false.
12-10 23:29:49.854  1565  1697 I ActivityManager: Start proc 31068:com.qualcomm.qti.autoregistration/1001 for service {com.qualcomm.qti.autoregistration/com.qualcomm.qti.autoregistration.RegistrationService} caller=com.qualcomm.qti.autoregistration
12-10 23:29:49.914  1565  1709 E KernelCpuUidUserSysTimeReader: Negative user/sys time delta for UID=10114
12-10 23:29:49.914  1565  1709 E KernelCpuUidUserSysTimeReader: Prev times: u=164788676 s=101276328 Curr times: u=164513355 s=101171536
12-10 23:29:49.915  1565  1709 E KernelCpuUidUserSysTimeReader: Negative user/sys time delta for UID=10101
12-10 23:29:49.915  1565  1709 E KernelCpuUidUserSysTimeReader: Prev times: u=1163508674 s=426857732 Curr times: u=1163061406 s=426669028
12-10 23:29:49.915  1565  1709 E KernelCpuUidUserSysTimeReader: Negative user/sys time delta for UID=10067
12-10 23:29:49.915  1565  1709 E KernelCpuUidUserSysTimeReader: Prev times: u=42000824 s=19709579 Curr times: u=41769603 s=19530317
12-10 23:29:49.915  1565  1709 E KernelCpuUidUserSysTimeReader: Negative user/sys time delta for UID=10143
12-10 23:29:49.915  1565  1709 E KernelCpuUidUserSysTimeReader: Prev times: u=783578726 s=580019071 Curr times: u=783026591 s=579734022
12-10 23:29:49.915  1565  1709 E KernelCpuUidUserSysTimeReader: Negative user/sys time delta for UID=1001
12-10 23:29:49.915  1565  1709 E KernelCpuUidUserSysTimeReader: Prev times: u=534035244 s=436452281 Curr times: u=533988272 s=436521148
12-10 23:29:49.915  1565  1709 E KernelCpuUidUserSysTimeReader: Negative user/sys time delta for UID=10044
12-10 23:29:49.915  1565  1709 E KernelCpuUidUserSysTimeReader: Prev times: u=58209651 s=30054506 Curr times: u=57098163 s=29346783
12-10 23:29:49.915  1565  1709 E KernelCpuUidUserSysTimeReader: Negative user/sys time delta for UID=10097
12-10 23:29:49.915  1565  1709 E KernelCpuUidUserSysTimeReader: Prev times: u=88235344 s=40903270 Curr times: u=87768448 s=40624897
12-10 23:29:49.915  1565  1709 E KernelCpuUidUserSysTimeReader: Negative user/sys time delta for UID=10118
12-10 23:29:49.915  1565  1709 E KernelCpuUidUserSysTimeReader: Prev times: u=48630977 s=39696666 Curr times: u=48509398 s=39584323
12-10 23:29:49.915  1565  1709 E KernelCpuUidUserSysTimeReader: Negative user/sys time delta for UID=10092
12-10 23:29:49.915  1565  1709 E KernelCpuUidUserSysTimeReader: Prev times: u=5804713 s=4167200 Curr times: u=5697087 s=4089146
12-10 23:29:49.915  1565  1709 E KernelCpuUidUserSysTimeReader: Negative user/sys time delta for UID=10079
12-10 23:29:49.915  1565  1709 E KernelCpuUidUserSysTimeReader: Prev times: u=17708784 s=8115173 Curr times: u=17565319 s=8069824
12-10 23:29:49.915  1565  1709 E KernelCpuUidUserSysTimeReader: Negative user/sys time delta for UID=10100
12-10 23:29:49.915  1565  1709 E KernelCpuUidUserSysTimeReader: Prev times: u=200104459 s=93286389 Curr times: u=200102294 s=93225841
12-10 23:29:49.915  1565  1709 E KernelCpuUidUserSysTimeReader: Negative user/sys time delta for UID=1000
12-10 23:29:49.915  1565  1709 E KernelCpuUidUserSysTimeReader: Prev times: u=52933402573 s=42719291034 Curr times: u=52930203890 s=42719364144
12-10 23:29:50.038  1565 12896 D ExtraActivityManagerService: Reject userId= 0 caller= com.miui.systemAdSolution callee= com.miui.systemAdSolution class=com.miui.zeus.msa.app.floating.view.FloatingUIService action=null wakeType=8, cause by low mem.
12-10 23:32:51.720  1565  1709 D KernelCpuUidUserSysTimeReader: Removing uids 99061-99061
12-10 23:34:56.713  1565  4947 D LocationPolicy: checkUidLocationOp [uid = 10350, op = 1
12-10 23:34:56.816  1565  4947 I LocationManagerInjector: com.wm.dmall(10350) Request[POWER_LOW network requested=+2s0ms fastest=+2s0ms] is blocked by policy
12-10 23:35:55.667  1565  1697 D Boost   : hostingType=service, hostingName={com.android.smspush/com.android.smspush.WapPushManager}, callerPackage=com.android.phone, isSystem=true, isBoostNeeded=false.
12-10 23:35:55.668  1565  1697 I ActivityManager: Start proc 31145:com.android.smspush/u0a92 for service {com.android.smspush/com.android.smspush.WapPushManager} caller=com.android.phone
12-10 23:35:55.722  1565  2363 W ProcessStats: Tracking association SourceState{3bfea7c com.wm.dmall:pushcore/10350 Top #236213} whose proc state 1 is better than process ProcessState{e755cda com.miui.securitycenter.remote/1000 pkg=com.miui.securitycenter} proc state 2 (15 skipped)
12-10 23:36:03.713  1565  1709 E BatteryExternalStatsWorker: no controller energy info supplied for bluetooth
12-10 23:36:03.741  5018  5487 I power.sleep: failedReason=light light=310 time=908546
12-10 23:36:03.770  1565  1694 V whetstone.activity: DeviceIdleMode changed to false
12-10 23:36:03.774  1565  2136 D LocationPolicy: DeviceIdleMode changed to false
12-10 23:36:03.821  1565  1709 E BatteryExternalStatsWorker: no controller energy info supplied for bluetooth
12-10 23:36:06.845  1565  2050 I WatchlistLoggingHandler: No need to aggregate record yet.
12-10 23:36:06.845  1565  2050 I WatchlistLoggingHandler: Milliseconds spent on tryAggregateRecords(): 1
12-10 23:36:16.821  1565  3620 I LocationManagerInjector: com.wm.dmall(10350) Request[ACCURACY_FINE gps requested=+2s0ms fastest=+2s0ms] is blocked by policy
12-10 23:36:19.679  1565  1697 D Boost   : hostingType=service, hostingName={com.xiaomi.misettings/com.xiaomi.misettings.usagestats.UsageCacheService}, callerPackage=com.android.settings, isSystem=true, isBoostNeeded=false.
12-10 23:36:19.681  1565  1697 I ActivityManager: Start proc 31187:com.xiaomi.misettings/1000 for service {com.xiaomi.misettings/com.xiaomi.misettings.usagestats.UsageCacheService} caller=com.android.settings
12-10 23:36:19.734  1565  3620 W ProcessStats: Tracking association SourceState{3bfea7c com.wm.dmall:pushcore/10350 Top #236300} whose proc state 1 is better than process ProcessState{e755cda com.miui.securitycenter.remote/1000 pkg=com.miui.securitycenter} proc state 2 (65 skipped)
12-10 23:36:27.679  1565  2359 D ExtraActivityManagerService: Reject userId= 0 caller= com.wm.dmall callee= com.dm.metro class=cn.jpush.android.service.DaemonService action=null wakeType=8, cause by low mem.
12-10 23:36:27.683  1565  2359 D ExtraActivityManagerService: Reject userId= 0 caller= com.wm.dmall callee= com.dm.metro class=cn.jpush.android.service.DownloadProvider action=null wakeType=4, cause by low mem.
12-10 23:36:27.684 28640 31140 E ActivityThread: Failed to find provider info for com.dm.metro.DownloadProvider
12-10 23:36:29.688  1565  1697 D Boost   : hostingType=service, hostingName={com.qualcomm.atfwd/com.qualcomm.atfwd.AtFwdService}, callerPackage=com.qualcomm.atfwd, isSystem=true, isBoostNeeded=false.
12-10 23:36:29.689  1565  1697 I ActivityManager: Start proc 31238:com.qualcomm.telephony/u0a79 for service {com.qualcomm.atfwd/com.qualcomm.atfwd.AtFwdService} caller=com.qualcomm.atfwd
12-10 23:36:33.864  1565  1694 V whetstone.activity: DeviceIdleMode changed to true
12-10 23:36:33.865  1565  2136 D LocationPolicy: DeviceIdleMode changed to true
12-10 23:37:00.513  1565  1697 D Boost   : hostingType=service, hostingName={com.qualcomm.qti.workloadclassifier/com.qualcomm.qti.workloadclassifier.WLCService}, callerPackage=com.qualcomm.qti.workloadclassifier, isSystem=true, isBoostNeeded=false.
12-10 23:37:00.514  1565  1697 I ActivityManager: Start proc 31264:com.qualcomm.qti.workloadclassifier/1000 for service {com.qualcomm.qti.workloadclassifier/com.qualcomm.qti.workloadclassifier.WLCService} caller=com.qualcomm.qti.workloadclassifier
12-10 23:37:00.567  1565  4414 W ProcessStats: Tracking association SourceState{3bfea7c com.wm.dmall:pushcore/10350 Top #236312} whose proc state 1 is better than process ProcessState{e755cda com.miui.securitycenter.remote/1000 pkg=com.miui.securitycenter} proc state 2 (5 skipped)
12-10 23:39:03.110  1565  1697 D Boost   : hostingType=service, hostingName={com.qti.diagservices/com.qti.diagservices.QTIDiagServices}, callerPackage=com.qti.diagservices, isSystem=true, isBoostNeeded=false.
12-10 23:39:03.112  1565  1697 I ActivityManager: Start proc 31287:com.qti.diagservices/1000 for service {com.qti.diagservices/com.qti.diagservices.QTIDiagServices} caller=com.qti.diagservices
12-10 23:44:06.688  1565  1709 V BatteryExternalStatsWorker: WiFi energy data was reset, new WiFi energy data is WifiActivityEnergyInfo{ timestamp=911182629 mStackState=3 mControllerTxTimeMs=0 mControllerTxTimePerLevelMs=[0, 0, 0, 0, 0, 0, 0, 0, 0, 0, 0, 0, 0, 0, 0, 0, 0, 0, 0, 0, 0, 0, 0, 0, 0, 0, 0, 0, 0, 0, 0, 0, 0, 0, 0, 0, 3032, 0, 0, 0, 0, 0, 0, 0, 0, 0, 0, 0, 0, 0, 0, 0, 0, 0, 0, 0, 0, 0, 0, 0, 0, 0, 0, 0, 0, 0, 0, 0, 0, 0, 0, 0, 0, 0, 0, 0, 0, 0, 0, 0, 0, 0, 0, 0, 0, 0, 0, 0, 0, 0, 0, 0, 0, 0, 0, 0, 0, 0, 0, 0, 0, 0, 0, 0, 0, 0, 0, 0, 0, 0, 0, 0, 0, 0, 0, 0, 11915, 0, 299, 0, 4, 0, 1, 0, 0, 0, 3672, 0, 0, 0, 0, 0, 0, 0, 0, 0, 0, 0, 0, 0, 0, 0, 0, 0, 0, 0, 0, 0, 0, 0, 0, 0, 0, 0, 0, 0, 0, 0, 0, 0, 0, 0, 0, 0, 0, 0, 0, 0, 0, 0, 0, 0, 0, 0, 0, 0, 0, 0, 0, 0] mControllerRxTimeMs=0 mControllerScanTimeMs=0 mControllerIdleTimeMs=0 mControllerEnergyUsed=0 }
12-10 23:45:09.832  1565  1697 D Boost   : hostingType=service, hostingName={com.xiaomi.aiasst.vision/com.xiaomi.aiasst.vision.AiVisionService}, callerPackage=com.xiaomi.aiasst.vision, isSystem=true, isBoostNeeded=false.
12-10 23:45:09.833  1565  1697 I ActivityManager: Start proc 31316:com.xiaomi.aiasst.vision/1000 for service {com.xiaomi.aiasst.vision/com.xiaomi.aiasst.vision.AiVisionService} caller=com.xiaomi.aiasst.vision
12-10 23:45:09.890  1565  4414 W ProcessStats: Tracking association SourceState{3bfea7c com.wm.dmall:pushcore/10350 Top #236321} whose proc state 1 is better than process ProcessState{e755cda com.miui.securitycenter.remote/1000 pkg=com.miui.securitycenter} proc state 2 (9 skipped)
12-10 23:47:44.702  1565  1695 W ProcessStats: Tracking association SourceState{3bfea7c com.wm.dmall:pushcore/10350 Top #236326} whose proc state 1 is better than process ProcessState{e755cda com.miui.securitycenter.remote/1000 pkg=com.miui.securitycenter} proc state 2 (3 skipped)
12-10 23:48:09.030  1565  1709 V BatteryExternalStatsWorker: WiFi energy data was reset, new WiFi energy data is WifiActivityEnergyInfo{ timestamp=911424984 mStackState=3 mControllerTxTimeMs=0 mControllerTxTimePerLevelMs=[0, 0, 0, 0, 0, 0, 0, 0, 0, 0, 0, 0, 0, 0, 0, 0, 0, 0, 0, 0, 0, 0, 0, 0, 0, 0, 0, 0, 0, 0, 0, 0, 0, 0, 0, 0, 3032, 0, 0, 0, 0, 0, 0, 0, 0, 0, 0, 0, 0, 0, 0, 0, 0, 0, 0, 0, 0, 0, 0, 0, 0, 0, 0, 0, 0, 0, 0, 0, 0, 0, 0, 0, 0, 0, 0, 0, 0, 0, 0, 0, 0, 0, 0, 0, 0, 0, 0, 0, 0, 0, 0, 0, 0, 0, 0, 0, 0, 0, 0, 0, 0, 0, 0, 0, 0, 0, 0, 0, 0, 0, 0, 0, 0, 0, 0, 0, 11915, 0, 299, 0, 4, 0, 1, 0, 0, 0, 3673, 0, 0, 0, 0, 0, 0, 0, 0, 0, 0, 0, 0, 0, 0, 0, 0, 0, 0, 0, 0, 0, 0, 0, 0, 0, 0, 0, 0, 0, 0, 0, 0, 0, 0, 0, 0, 0, 0, 0, 0, 0, 0, 0, 0, 0, 0, 0, 0, 0, 0, 0, 0, 0] mControllerRxTimeMs=0 mControllerScanTimeMs=0 mControllerIdleTimeMs=0 mControllerEnergyUsed=0 }
12-10 23:49:10.600  1565  1709 V BatteryExternalStatsWorker: WiFi energy data was reset, new WiFi energy data is WifiActivityEnergyInfo{ timestamp=911486553 mStackState=3 mControllerTxTimeMs=0 mControllerTxTimePerLevelMs=[0, 0, 0, 0, 0, 0, 0, 0, 0, 0, 0, 0, 0, 0, 0, 0, 0, 0, 0, 0, 0, 0, 0, 0, 0, 0, 0, 0, 0, 0, 0, 0, 0, 0, 0, 0, 3032, 0, 0, 0, 0, 0, 0, 0, 0, 0, 0, 0, 0, 0, 0, 0, 0, 0, 0, 0, 0, 0, 0, 0, 0, 0, 0, 0, 0, 0, 0, 0, 0, 0, 0, 0, 0, 0, 0, 0, 0, 0, 0, 0, 0, 0, 0, 0, 0, 0, 0, 0, 0, 0, 0, 0, 0, 0, 0, 0, 0, 0, 0, 0, 0, 0, 0, 0, 0, 0, 0, 0, 0, 0, 0, 0, 0, 0, 0, 0, 11915, 0, 299, 0, 4, 0, 1, 0, 0, 0, 3674, 0, 0, 0, 0, 0, 0, 0, 0, 0, 0, 0, 0, 0, 0, 0, 0, 0, 0, 0, 0, 0, 0, 0, 0, 0, 0, 0, 0, 0, 0, 0, 0, 0, 0, 0, 0, 0, 0, 0, 0, 0, 0, 0, 0, 0, 0, 0, 0, 0, 0, 0, 0, 0] mControllerRxTimeMs=0 mControllerScanTimeMs=0 mControllerIdleTimeMs=0 mControllerEnergyUsed=0 }
12-10 23:50:13.194  1565  1709 V BatteryExternalStatsWorker: WiFi energy data was reset, new WiFi energy data is WifiActivityEnergyInfo{ timestamp=911549137 mStackState=3 mControllerTxTimeMs=0 mControllerTxTimePerLevelMs=[0, 0, 0, 0, 0, 0, 0, 0, 0, 0, 0, 0, 0, 0, 0, 0, 0, 0, 0, 0, 0, 0, 0, 0, 0, 0, 0, 0, 0, 0, 0, 0, 0, 0, 0, 0, 3032, 0, 0, 0, 0, 0, 0, 0, 0, 0, 0, 0, 0, 0, 0, 0, 0, 0, 0, 0, 0, 0, 0, 0, 0, 0, 0, 0, 0, 0, 0, 0, 0, 0, 0, 0, 0, 0, 0, 0, 0, 0, 0, 0, 0, 0, 0, 0, 0, 0, 0, 0, 0, 0, 0, 0, 0, 0, 0, 0, 0, 0, 0, 0, 0, 0, 0, 0, 0, 0, 0, 0, 0, 0, 0, 0, 0, 0, 0, 0, 11915, 0, 299, 0, 4, 0, 1, 0, 0, 0, 3674, 0, 0, 0, 0, 0, 0, 0, 0, 0, 0, 0, 0, 0, 0, 0, 0, 0, 0, 0, 0, 0, 0, 0, 0, 0, 0, 0, 0, 0, 0, 0, 0, 0, 0, 0, 0, 0, 0, 0, 0, 0, 0, 0, 0, 0, 0, 0, 0, 0, 0, 0, 0, 0] mControllerRxTimeMs=0 mControllerScanTimeMs=0 mControllerIdleTimeMs=0 mControllerEnergyUsed=0 }
12-10 23:57:20.822  1565  1697 D Boost   : hostingType=service, hostingName={com.android.mms/com.android.mms.transaction.NotificationAssistService}, callerPackage=com.android.mms, isSystem=true, isBoostNeeded=false.
12-10 23:57:20.823  1565  1697 I ActivityManager: Start proc 31347:com.android.mms/u0a67 for service {com.android.mms/com.android.mms.transaction.NotificationAssistService} caller=com.android.mms
12-10 23:57:20.873  1565  3620 W ProcessStats: Tracking association SourceState{3bfea7c com.wm.dmall:pushcore/10350 Top #236336} whose proc state 1 is better than process ProcessState{e755cda com.miui.securitycenter.remote/1000 pkg=com.miui.securitycenter} proc state 2 (7 skipped)
12-10 23:57:21.469  1565  2359 D ExtraActivityManagerService: Reject userId= 0 caller= com.android.mms callee= com.xiaomi.simactivate.service class=com.xiaomi.activate.ActivateService action=com.xiaomi.simactivate.service.action.BIND wakeType=8, cause by low mem.
12-10 23:57:21.479  1565  3620 D ExtraActivityManagerService: Reject userId= 0 caller= com.android.mms callee= com.xiaomi.simactivate.service class=com.xiaomi.activate.ActivateService action=com.xiaomi.simactivate.service.action.BIND wakeType=8, cause by low mem.
12-10 23:57:21.871  1565  2359 D ExtraActivityManagerService: Reject userId= 0 caller= com.android.mms callee= com.xiaomi.simactivate.service class=com.xiaomi.activate.ActivateService action=com.xiaomi.simactivate.service.action.BIND wakeType=8, cause by low mem.
12-10 23:57:21.877  1565  2359 D ExtraActivityManagerService: Reject userId= 0 caller= com.android.mms callee= com.xiaomi.simactivate.service class=com.xiaomi.activate.ActivateService action=com.xiaomi.simactivate.service.action.BIND wakeType=8, cause by low mem.
12-10 23:57:45.705  5018  5487 I power.sleep: failedReason=light light=309 time=908546
12-10 23:57:45.732  1565  1709 E BatteryExternalStatsWorker: no controller energy info supplied for bluetooth
12-10 23:57:45.842  1565  1709 E BatteryExternalStatsWorker: no controller energy info supplied for bluetooth
12-10 23:58:18.678 31347 31385 W BpBinder: Slow Binder: BpBinder transact took 207 ms, interface=android.content.IContentProvider, code=1 oneway=false
12-10 23:58:19.933  1565  1695 V ActivityManager: Attempted to start a foreground service (com.android.mms/com.xiaomi.mms.transaction.MxMessageTrackService) with a broken notification (no icon: Notification(channel=Mms_Default pri=0 contentView=null vibrate=null sound=null defaults=0x0 flags=0x40 color=0x00000000 vis=PRIVATE))
12-10 23:59:23.277  1565  1697 D Boost   : hostingType=service, hostingName={com.eg.android.AlipayGphone/com.alipay.mobile.clean.PowerSaveService}, callerPackage=com.eg.android.AlipayGphone, isSystem=false, isBoostNeeded=false.
12-10 23:59:23.279  1565  1697 I ActivityManager: Start proc 31416:com.eg.android.AlipayGphone/u0a143 for service {com.eg.android.AlipayGphone/com.alipay.mobile.clean.PowerSaveService} caller=com.eg.android.AlipayGphone
12-10 23:59:24.323 31416 31537 E DexLoadReporter: Could not create the profile directory: /data/user/0/com.eg.android.AlipayGphone/lib/oat/libandroid-phone-perf-dynamictrigger.so.cur.prof
12-10 23:59:24.325  1565  4356 D com.android.server.pm.PackageManagerServiceInjector: Skip dexopt on: /data/user/0/com.eg.android.AlipayGphone/lib/libandroid-phone-perf-dynamictrigger.so, because com.eg.android.AlipayGphone is not current resumed. Current resumed is: com.wm.dmall
12-11 00:00:00.679  1565  2359 W ProcessStats: Tracking association SourceState{3bfea7c com.wm.dmall:pushcore/10350 Top #236432} whose proc state 1 is better than process ProcessState{e755cda com.miui.securitycenter.remote/1000 pkg=com.miui.securitycenter} proc state 2 (41 skipped)
12-11 00:00:14.672  1565  1709 E BatteryExternalStatsWorker: no controller energy info supplied for bluetooth
12-11 00:00:14.810  1565  1709 E BatteryExternalStatsWorker: no controller energy info supplied for bluetooth
12-11 00:01:26.197  1565  1697 D Boost   : hostingType=service, hostingName={com.xiaomi.market/com.xiaomi.market.installsupport.MarketInstallerService}, callerPackage=com.miui.core, isSystem=true, isBoostNeeded=false.
12-11 00:01:26.198  1565  1697 I ActivityManager: Start proc 31555:com.xiaomi.market/u0a101 for service {com.xiaomi.market/com.xiaomi.market.installsupport.MarketInstallerService} caller=com.miui.core
12-11 00:01:26.677  1565  2363 D SystemSettings: Want to modify SystemSettings? See MiuiSettings.System.PUBLIC_SETTINGS
12-11 00:01:26.682  1565  2363 D SystemSettings: Want to modify SystemSettings? See MiuiSettings.System.PUBLIC_SETTINGS
12-11 00:02:23.769  1565  1617 W ProcessStats: Tracking association SourceState{3bfea7c com.wm.dmall:pushcore/10350 Top #236446} whose proc state 1 is better than process ProcessState{e755cda com.miui.securitycenter.remote/1000 pkg=com.miui.securitycenter} proc state 2 (7 skipped)
12-11 00:02:23.836  1565  1697 D Boost   : hostingType=service, hostingName={com.xiaomi.account/com.xiaomi.account.authenticator.XmAuthenticationService}, callerPackage=android, isSystem=true, isBoostNeeded=false.
12-11 00:02:23.838  1565  1697 I ActivityManager: Start proc 31632:com.xiaomi.account:accountservice/u0a118 for service {com.xiaomi.account/com.xiaomi.account.authenticator.XmAuthenticationService} caller=android
12-11 00:02:24.425  2341  2341 I StatusBar: wake up for notification, pkg:android
12-11 00:02:24.741  2341  2341 D ProximitySensorWrapper: proximity distance: 5.0
12-11 00:02:24.918  2341  2341 I chatty  : uid=1000(system) com.android.systemui identical 4 lines
12-11 00:02:24.986  2341  2341 D ProximitySensorWrapper: proximity distance: 5.0
12-11 00:02:25.044  1565  4947 I PowerManagerService: Waking up from Asleep (uid=1000, reason=WAKE_REASON_UNKNOWN, details=com.android.systemui:NOTIFICATION)...
12-11 00:02:25.045  1565  1565 W UsageStatsService: Event reported without a package name, eventType:15
12-11 00:02:25.050  1565  1722 D DisplayPowerController: startsarservice : validate false
12-11 00:02:25.051  1565  1565 I WindowManager: Started waking up... (why=ON_BECAUSE_OF_UNKNOWN)
12-11 00:02:25.063  1565  1722 I DisplayPowerController: Blocking screen on until initial contents have been drawn.
12-11 00:02:25.063  1565  1722 I WindowManager: Screen turning on...
12-11 00:02:25.065  2341  3551 W KeyguardViewMediator: notifyScreenOn
12-11 00:02:25.070  1565  1722 D DisplayPowerController: reset default autobrightness!
12-11 00:02:25.084  1565  1722 V DisplayPowerController: Brightness [889] reason changing to: 'manual', previous reason: 'screen_off'.
12-11 00:02:25.084  1565  1722 D DisplayPowerController: startsarservice : validate false
12-11 00:02:25.084  1565  1722 D DisplayPowerController: reset default autobrightness!
12-11 00:02:25.090  1565  2296 D LocalDisplayAdapter: setDisplayState(id=19260487698585473, state=ON)
12-11 00:02:25.092  1565  1684 I DisplayManagerService: Display device changed state: "内置屏幕", ON
12-11 00:02:25.117  1565  1684 V UsbDeviceManager: onKeyguardStateChanged: isShowing:true secure:true user:0
12-11 00:02:25.121  1565  1565 D StorageManagerService: Get the action of screen on
12-11 00:02:25.128   496 31687 D vold    : The trim thread is not running
12-11 00:02:25.129   496 31687 D vold    : idle maintenance stopped
12-11 00:02:25.134  2341  2341 E miui_face: start face unlock  fail:;isSupportFaceUnlock=true;isFaceFeatureEnabled=true;hasEnrolledFaces=false;isFaceUnlockApplyForKeyguard=false;isOwnerUser=true
12-11 00:02:25.138  2341  2341 W KeyguardViewMediator: handleNotifyScreenTurningOn
12-11 00:02:25.138  2341  2341 W KeyguardViewMediator: notifyDrawn
12-11 00:02:25.139  1565  2589 I WindowManager: mKeyguardDelegate.ShowListener.onDrawn.
12-11 00:02:25.139  1565  1682 W WindowManager: Setting mKeyguardDrawComplete
12-11 00:02:25.139  1565  1682 I WindowManager: All windows ready for display!
12-11 00:02:25.139  1565  1682 W WindowManager: Setting mWindowManagerDrawComplete
12-11 00:02:25.139  1565  1682 D WindowManager: finishScreenTurningOn: mAwake=true, mScreenOnEarly=true, mScreenOnFully=false, mKeyguardDrawComplete=true, mWindowManagerDrawComplete=true
12-11 00:02:25.139  1565  1682 I WindowManager: Finished screen turning on...
12-11 00:02:25.140  1565  1722 I DisplayPowerController: Unblocked screen on after 77 ms
12-11 00:02:25.140  1565  1722 D DisplayPowerController: startsarservice : validate false
12-11 00:02:25.141  1565  1722 D DisplayPowerController: reset default autobrightness!
12-11 00:02:25.149  1565  1565 V LocationPolicy: Screen state changed
12-11 00:02:25.151  1565  2136 D LocationManagerInjector: add gps listener to GpsStatusProvider
12-11 00:02:25.151  1565  2136 D LocationManagerInjector: remove gps listener in mBackupGpsListeners
12-11 00:02:25.196  1565  1565 V SettingsProvider: Notifying for 0: content://settings/system/count_for_mi_connect
12-11 00:02:25.206  5018  5220 D PowerKeeper.AppBgIdle: setUidState, uid = 10350 allow = false
12-11 00:02:25.207  5018  5487 I power.sleep: tryToQuitSleep index=0 state=monitoring reason=screen_on
12-11 00:02:25.210  1565  4414 V LocationPolicy: writePolicyLocked()
12-11 00:02:25.253  1565  3092 D ExtraActivityManagerService: Reject userId= 0 caller= com.eg.android.AlipayGphone callee= com.eg.android.AlipayGphone class=com.alipay.pushsdk.push.NotificationService action=push_power_save wakeType=8, cause by low mem.
12-11 00:02:25.255  1565  4414 D ExtraActivityManagerService: Reject userId= 0 caller= com.eg.android.AlipayGphone callee= com.eg.android.AlipayGphone class=com.alipay.pushsdk.push.NotificationService action=push_power_save wakeType=8, cause by low mem.
12-11 00:02:25.287  1565  2187 D DisplayFeatureManager: setScreenEffect mode=2 value=2
12-11 00:02:25.288  1565  1722 D DisplayPowerController: startsarservice : validate false
12-11 00:02:25.288  1565  1722 D DisplayPowerController: reset default autobrightness!
12-11 00:02:25.288  1565  1722 W PowerManagerService: Screen on took 245 ms
12-11 00:02:25.289  1565  1565 I WindowManager: Finished waking up... (why=ON_BECAUSE_OF_UNKNOWN)
12-11 00:02:25.343  1565  2589 D LocationPolicy: checkUidLocationOp [uid = 10350, op = 1
12-11 00:02:25.353  1565  2187 D DisplayFeatureManager: setScreenEffect mode=3 value=157
12-11 00:02:25.374  1565  2187 D DisplayFeatureManager: setScreenEffect mode=31 value=0
12-11 00:02:25.387  1565  2187 D DisplayFeatureManager: setScreenEffect mode=31 value=0
12-11 00:02:25.427  1565  2363 D LocationPolicy: checkUidLocationOp [uid = 10088, op = 1
12-11 00:02:25.438  1565  2589 D LocationPolicy: checkUidLocationOp [uid = 10088, op = 1
12-11 00:02:25.442  1565  2589 D LocationPolicy: checkUidLocationOp [uid = 10088, op = 1
12-11 00:02:25.452  1565  2363 D LocationPolicy: checkUidLocationOp [uid = 10088, op = 1
12-11 00:02:25.471  1565  2589 D LocationPolicy: checkUidLocationOp [uid = 10088, op = 1
12-11 00:02:25.479  1565  3620 D LocationPolicy: checkUidLocationOp [uid = 10088, op = 1
12-11 00:02:29.252  1565  1722 D DisplayPowerController: startsarservice : validate false
12-11 00:02:29.252  1565  1722 D DisplayPowerController: reset default autobrightness!
12-11 00:02:29.255  1565  1722 V DisplayPowerController: Brightness [8] reason changing to: 'manual [ dim ]', previous reason: 'manual'.
12-11 00:02:29.622  1565  1722 D DisplayPowerController: startsarservice : validate false
12-11 00:02:29.622  1565  1722 D DisplayPowerController: reset default autobrightness!
12-11 00:02:31.044  1565  1722 I PowerManagerService: Going to sleep due to timeout (uid 1000)...
12-11 00:02:31.046  1565  1565 W UsageStatsService: Event reported without a package name, eventType:16
12-11 00:02:31.047  1565  1722 D DisplayPowerController: startsarservice : validate false
12-11 00:02:31.057  1565  1565 I WindowManager: Started going to sleep... (why=OFF_BECAUSE_OF_TIMEOUT)
12-11 00:02:31.170  1565  1722 D DisplayPowerController: reset default autobrightness!
12-11 00:02:31.170  1565  1722 V DisplayPowerController: Brightness [889] reason changing to: 'manual', previous reason: 'manual [ dim ]'.
12-11 00:02:31.192  1565  1722 D DisplayPowerController: startsarservice : validate false
12-11 00:02:31.192  1565  1722 I DisplayPowerController: Blocking screen off
12-11 00:02:31.192  1565  1722 I DisplayPowerController: Unblocked screen off after 0 ms
12-11 00:02:31.210  1565  1722 I WindowManager: Screen turned off...
12-11 00:02:31.215  1565  1722 D DisplayPowerController: reset default autobrightness!
12-11 00:02:31.221  1565  1722 V DisplayPowerController: Brightness [0] reason changing to: 'screen_off', previous reason: 'manual'.
12-11 00:02:31.222  1565  2296 D LocalDisplayAdapter: setDisplayState(id=19260487698585473, state=OFF)
12-11 00:02:31.222  1565  1722 D DisplayPowerController: startsarservice : validate false
12-11 00:02:31.222  1565  1722 D DisplayPowerController: reset default autobrightness!
12-11 00:02:31.222  1565  1684 I DisplayManagerService: Display device changed state: "内置屏幕", OFF
12-11 00:02:31.537  1565  2296 W BpBinder: Slow Binder: BpBinder transact took 315 ms, interface=android.ui.ISurfaceComposer, code=19 oneway=false
12-11 00:02:31.544  1565  1722 D DisplayPowerController: startsarservice : validate false
12-11 00:02:31.544  1565  1722 D DisplayPowerController: reset default autobrightness!
12-11 00:02:31.548  1565  1722 W DreamManagerService: Dream ComponentInfo{com.android.systemui/com.android.systemui.doze.DozeService} does not exist
12-11 00:02:31.548  1565  1722 I PowerManagerService: Sleeping (uid 1000)...
12-11 00:02:31.562  1565  1565 I WindowManager: Finished going to sleep... (why=OFF_BECAUSE_OF_TIMEOUT)
12-11 00:02:31.562  2341  3024 W BpBinder: Slow Binder: BpBinder transact took 268 ms, interface=android.gui.IGraphicBufferProducer, code=2 oneway=false
12-11 00:02:31.586  1565  4947 I Timeline: Timeline: App_transition_ready time:499946248
12-11 00:02:31.586  1565  4947 I Timeline: Timeline: App_transition_stopped time:499946248
12-11 00:02:31.596  1565  1684 V UsbDeviceManager: onKeyguardStateChanged: isShowing:true secure:true user:0
12-11 00:02:31.635  1565  1565 V LocationPolicy: Screen state changed
12-11 00:02:31.706  5018  5487 I power.sleep: resetScreenOffAlarm delay=1800000ms reason=screen_off
12-11 00:02:31.733  1565  1709 E BatteryExternalStatsWorker: no controller energy info supplied for bluetooth
12-11 00:02:31.771  1565  2363 D ExtraActivityManagerService: Reject userId= 0 caller= com.miui.systemAdSolution callee= com.miui.systemAdSolution class=com.miui.zeus.msa.app.splashad.SplashUIService action=null wakeType=8, cause by low mem.
12-11 00:03:04.669   800   800 W SurfaceFlingerInspector: Slow frame composition:  postComposition took 157 ms
12-11 00:07:45.656  1565  1695 W ProcessStats: Tracking association SourceState{3bfea7c com.wm.dmall:pushcore/10350 Top #236718} whose proc state 1 is better than process ProcessState{e755cda com.miui.securitycenter.remote/1000 pkg=com.miui.securitycenter} proc state 2 (253 skipped)
12-11 00:08:00.686  1565  2589 V LocationPolicy: writePolicyLocked()
12-11 00:08:00.686  1565  2136 D LocationManagerInjector: remove gps listener from GpsStatusProvider
12-11 00:08:00.686  1565  2136 D LocationManagerInjector: backup gps listener in mBackupGpsListeners
12-11 00:08:00.741  5018  5220 D PowerKeeper.AppBgIdle: setUidState, uid = 10350 allow = true
12-11 00:08:00.742  1565  1680 V AppStateTracker: Package com.wm.dmall/10350 toggled into fg service restriction
12-11 00:08:00.744  1565  1680 I chatty  : uid=1000(system) android.fg identical 1 line
12-11 00:08:00.744  1565  1680 V AppStateTracker: Package com.wm.dmall/10350 toggled into fg service restriction
12-11 00:08:00.757  1565  1565 V SettingsProvider: Notifying for 0: content://settings/system/apptimer_load_data_time
12-11 00:10:35.179  1565  6641 W FileUtils: Slow Operation: fsync took 115ms
12-11 00:10:35.982  1565  2162 W ProcessStats: Tracking association SourceState{3bfea7c com.wm.dmall:pushcore/10350 Top #236732} whose proc state 1 is better than process ProcessState{e755cda com.miui.securitycenter.remote/1000 pkg=com.miui.securitycenter} proc state 2 (15 skipped)
12-11 00:10:36.077  1565  2589 E HistoricalRegistry: Interaction before persistence initialized
12-11 00:10:50.757  1565  1697 D Boost   : hostingType=broadcast, hostingName={com.android.settings/com.android.settings.MiuiSettingsReceiver}, callerPackage=android, isSystem=true, isBoostNeeded=false.
12-11 00:10:50.757  1565  1697 I ActivityManager: Start proc 31764:com.android.settings/1000 for broadcast {com.android.settings/com.android.settings.MiuiSettingsReceiver} caller=android
12-11 00:12:38.156  1565  1709 V BatteryExternalStatsWorker: WiFi energy data was reset, new WiFi energy data is WifiActivityEnergyInfo{ timestamp=912894096 mStackState=3 mControllerTxTimeMs=0 mControllerTxTimePerLevelMs=[0, 0, 0, 0, 0, 0, 0, 0, 0, 0, 0, 0, 0, 0, 0, 0, 0, 0, 0, 0, 0, 0, 0, 0, 0, 0, 0, 0, 0, 0, 0, 0, 0, 0, 0, 0, 3032, 0, 0, 0, 0, 0, 0, 0, 0, 0, 0, 0, 0, 0, 0, 0, 0, 0, 0, 0, 0, 0, 0, 0, 0, 0, 0, 0, 0, 0, 0, 0, 0, 0, 0, 0, 0, 0, 0, 0, 0, 0, 0, 0, 0, 0, 0, 0, 0, 0, 0, 0, 0, 0, 0, 0, 0, 0, 0, 0, 0, 0, 0, 0, 0, 0, 0, 0, 0, 0, 0, 0, 0, 0, 0, 0, 0, 0, 0, 0, 11936, 0, 299, 0, 4, 0, 1, 0, 0, 0, 3703, 0, 0, 0, 0, 0, 0, 0, 0, 0, 0, 0, 0, 0, 0, 0, 0, 0, 0, 0, 0, 0, 0, 0, 0, 0, 0, 0, 0, 0, 0, 0, 0, 0, 0, 0, 0, 0, 0, 0, 0, 0, 0, 0, 0, 0, 0, 0, 0, 0, 0, 0, 0, 0] mControllerRxTimeMs=0 mControllerScanTimeMs=0 mControllerIdleTimeMs=0 mControllerEnergyUsed=0 }
12-11 00:14:41.170  1565  1695 I ActivityManager: Waited long enough for: ServiceRecord{f197c46 u0 com.android.settings/.wifi.MiuiWifiService}
12-11 00:15:43.166  1565  1709 V BatteryExternalStatsWorker: WiFi energy data was reset, new WiFi energy data is WifiActivityEnergyInfo{ timestamp=913079109 mStackState=3 mControllerTxTimeMs=0 mControllerTxTimePerLevelMs=[0, 0, 0, 0, 0, 0, 0, 0, 0, 0, 0, 0, 0, 0, 0, 0, 0, 0, 0, 0, 0, 0, 0, 0, 0, 0, 0, 0, 0, 0, 0, 0, 0, 0, 0, 0, 3032, 0, 0, 0, 0, 0, 0, 0, 0, 0, 0, 0, 0, 0, 0, 0, 0, 0, 0, 0, 0, 0, 0, 0, 0, 0, 0, 0, 0, 0, 0, 0, 0, 0, 0, 0, 0, 0, 0, 0, 0, 0, 0, 0, 0, 0, 0, 0, 0, 0, 0, 0, 0, 0, 0, 0, 0, 0, 0, 0, 0, 0, 0, 0, 0, 0, 0, 0, 0, 0, 0, 0, 0, 0, 0, 0, 0, 0, 0, 0, 11936, 0, 299, 0, 4, 0, 1, 0, 0, 0, 3704, 0, 0, 0, 0, 0, 0, 0, 0, 0, 0, 0, 0, 0, 0, 0, 0, 0, 0, 0, 0, 0, 0, 0, 0, 0, 0, 0, 0, 0, 0, 0, 0, 0, 0, 0, 0, 0, 0, 0, 0, 0, 0, 0, 0, 0, 0, 0, 0, 0, 0, 0, 0, 0] mControllerRxTimeMs=0 mControllerScanTimeMs=0 mControllerIdleTimeMs=0 mControllerEnergyUsed=0 }
12-11 00:17:44.056  1565  1695 W ProcessStats: Tracking association SourceState{3bfea7c com.wm.dmall:pushcore/10350 Top #236763} whose proc state 1 is better than process ProcessState{e755cda com.miui.securitycenter.remote/1000 pkg=com.miui.securitycenter} proc state 2 (25 skipped)
12-11 00:17:44.120  1565  1709 E BatteryExternalStatsWorker: no controller energy info supplied for bluetooth
12-11 00:17:44.212  1565  1709 E BatteryExternalStatsWorker: no controller energy info supplied for bluetooth
12-11 00:18:44.808  1565  1709 V BatteryExternalStatsWorker: WiFi energy data was reset, new WiFi energy data is WifiActivityEnergyInfo{ timestamp=913260763 mStackState=3 mControllerTxTimeMs=0 mControllerTxTimePerLevelMs=[0, 0, 0, 0, 0, 0, 0, 0, 0, 0, 0, 0, 0, 0, 0, 0, 0, 0, 0, 0, 0, 0, 0, 0, 0, 0, 0, 0, 0, 0, 0, 0, 0, 0, 0, 0, 3032, 0, 0, 0, 0, 0, 0, 0, 0, 0, 0, 0, 0, 0, 0, 0, 0, 0, 0, 0, 0, 0, 0, 0, 0, 0, 0, 0, 0, 0, 0, 0, 0, 0, 0, 0, 0, 0, 0, 0, 0, 0, 0, 0, 0, 0, 0, 0, 0, 0, 0, 0, 0, 0, 0, 0, 0, 0, 0, 0, 0, 0, 0, 0, 0, 0, 0, 0, 0, 0, 0, 0, 0, 0, 0, 0, 0, 0, 0, 0, 11936, 0, 299, 0, 4, 0, 1, 0, 0, 0, 3706, 0, 0, 0, 0, 0, 0, 0, 0, 0, 0, 0, 0, 0, 0, 0, 0, 0, 0, 0, 0, 0, 0, 0, 0, 0, 0, 0, 0, 0, 0, 0, 0, 0, 0, 0, 0, 0, 0, 0, 0, 0, 0, 0, 0, 0, 0, 0, 0, 0, 0, 0, 0, 0] mControllerRxTimeMs=0 mControllerScanTimeMs=0 mControllerIdleTimeMs=0 mControllerEnergyUsed=0 }
12-11 00:21:24.705  1565  4947 W ProcessStats: Tracking association SourceState{3bfea7c com.wm.dmall:pushcore/10350 Top #236775} whose proc state 1 is better than process ProcessState{e755cda com.miui.securitycenter.remote/1000 pkg=com.miui.securitycenter} proc state 2 (5 skipped)
12-11 00:23:51.617  1565  1709 V BatteryExternalStatsWorker: WiFi energy data was reset, new WiFi energy data is WifiActivityEnergyInfo{ timestamp=913567570 mStackState=3 mControllerTxTimeMs=0 mControllerTxTimePerLevelMs=[0, 0, 0, 0, 0, 0, 0, 0, 0, 0, 0, 0, 0, 0, 0, 0, 0, 0, 0, 0, 0, 0, 0, 0, 0, 0, 0, 0, 0, 0, 0, 0, 0, 0, 0, 0, 3032, 0, 0, 0, 0, 0, 0, 0, 0, 0, 0, 0, 0, 0, 0, 0, 0, 0, 0, 0, 0, 0, 0, 0, 0, 0, 0, 0, 0, 0, 0, 0, 0, 0, 0, 0, 0, 0, 0, 0, 0, 0, 0, 0, 0, 0, 0, 0, 0, 0, 0, 0, 0, 0, 0, 0, 0, 0, 0, 0, 0, 0, 0, 0, 0, 0, 0, 0, 0, 0, 0, 0, 0, 0, 0, 0, 0, 0, 0, 0, 11936, 0, 299, 0, 4, 0, 1, 0, 0, 0, 3708, 0, 0, 0, 0, 0, 0, 0, 0, 0, 0, 0, 0, 0, 0, 0, 0, 0, 0, 0, 0, 0, 0, 0, 0, 0, 0, 0, 0, 0, 0, 0, 0, 0, 0, 0, 0, 0, 0, 0, 0, 0, 0, 0, 0, 0, 0, 0, 0, 0, 0, 0, 0, 0] mControllerRxTimeMs=0 mControllerScanTimeMs=0 mControllerIdleTimeMs=0 mControllerEnergyUsed=0 }
12-11 00:24:51.804  1565  1709 V BatteryExternalStatsWorker: WiFi energy data was reset, new WiFi energy data is WifiActivityEnergyInfo{ timestamp=913627759 mStackState=3 mControllerTxTimeMs=0 mControllerTxTimePerLevelMs=[0, 0, 0, 0, 0, 0, 0, 0, 0, 0, 0, 0, 0, 0, 0, 0, 0, 0, 0, 0, 0, 0, 0, 0, 0, 0, 0, 0, 0, 0, 0, 0, 0, 0, 0, 0, 3032, 0, 0, 0, 0, 0, 0, 0, 0, 0, 0, 0, 0, 0, 0, 0, 0, 0, 0, 0, 0, 0, 0, 0, 0, 0, 0, 0, 0, 0, 0, 0, 0, 0, 0, 0, 0, 0, 0, 0, 0, 0, 0, 0, 0, 0, 0, 0, 0, 0, 0, 0, 0, 0, 0, 0, 0, 0, 0, 0, 0, 0, 0, 0, 0, 0, 0, 0, 0, 0, 0, 0, 0, 0, 0, 0, 0, 0, 0, 0, 11936, 0, 299, 0, 4, 0, 1, 0, 0, 0, 3708, 0, 0, 0, 0, 0, 0, 0, 0, 0, 0, 0, 0, 0, 0, 0, 0, 0, 0, 0, 0, 0, 0, 0, 0, 0, 0, 0, 0, 0, 0, 0, 0, 0, 0, 0, 0, 0, 0, 0, 0, 0, 0, 0, 0, 0, 0, 0, 0, 0, 0, 0, 0, 0] mControllerRxTimeMs=0 mControllerScanTimeMs=0 mControllerIdleTimeMs=0 mControllerEnergyUsed=0 }
12-11 00:27:45.638  1565  1695 W ProcessStats: Tracking association SourceState{3bfea7c com.wm.dmall:pushcore/10350 Top #236779} whose proc state 1 is better than process ProcessState{e755cda com.miui.securitycenter.remote/1000 pkg=com.miui.securitycenter} proc state 2 (3 skipped)
12-11 00:27:45.681  1565  2589 I ProcessManager: Kill reason AutoLockOffCleanByPriority from pid=5018
12-11 00:27:45.690  1565  2589 I ProcessManager: AutoLockOffCleanByPriority: kill com.xiaomi.market Adj=915 State=11
12-11 00:27:45.693  1565  2589 I ActivityManager: Killing 31555:com.xiaomi.market/u0a101 (adj 915): AutoLockOffCleanByPriority
12-11 00:27:45.697  1565  2589 I ProcessManager: AutoLockOffCleanByPriority: kill com.miui.hybrid:entrance Adj=925 State=9
12-11 00:27:45.698  1565  2589 I ActivityManager: Killing 30863:com.miui.hybrid:entrance/u0a120 (adj 925): AutoLockOffCleanByPriority
12-11 00:27:45.703  1565  4947 I ProcessManager: Kill reason AutoLockOffClean from pid=5018
12-11 00:27:45.706  1565  4947 I ProcessManager: mLruProcesses size=56
12-11 00:27:45.709  1565  4947 I ProcessManager: AutoLockOffClean: kill com.miui.notification:remote Adj=100 State=5
12-11 00:27:45.709  1565  4947 I ActivityManager: Killing 30887:com.miui.notification:remote/1000 (adj 100): AutoLockOffClean
12-11 00:27:45.714  1565  4947 I ProcessManager: AutoLockOffClean: kill com.miui.analytics Adj=100 State=4
12-11 00:27:45.714  1565  4947 I ActivityManager: Killing 30912:com.miui.analytics/u0a100 (adj 100): AutoLockOffClean
12-11 00:27:45.718  1565  4947 I ProcessManager: AutoLockOffClean: kill com.android.settings:remote Adj=500 State=11
12-11 00:27:45.719  1565  4947 I ActivityManager: Killing 30958:com.android.settings:remote/1000 (adj 500): AutoLockOffClean
12-11 00:27:45.721  1565  4947 I ProcessManager: AutoLockOffClean: kill com.android.settings Adj=905 State=20
12-11 00:27:45.722  1565  4947 I ActivityManager: Killing 31764:com.android.settings/1000 (adj 905): AutoLockOffClean
12-11 00:27:45.724  1565  4947 I ProcessManager: AutoLockOffClean: kill com.xiaomi.misettings Adj=500 State=11
12-11 00:27:45.725  1565  4947 I ActivityManager: Killing 31187:com.xiaomi.misettings/1000 (adj 500): AutoLockOffClean
12-11 00:27:45.728  1565  4947 I ProcessManager: AutoLockOffClean: kill com.xiaomi.account:accountservice Adj=100 State=7
12-11 00:27:45.729  1565  4947 I ActivityManager: Killing 31632:com.xiaomi.account:accountservice/u0a118 (adj 100): AutoLockOffClean
12-11 00:27:45.731  1565  4947 I ProcessManager: AutoLockOffClean: kill com.miui.systemAdSolution Adj=100 State=5
12-11 00:27:45.731  1565  4947 I ActivityManager: Killing 31016:com.miui.systemAdSolution/u0a114 (adj 100): AutoLockOffClean
12-11 00:27:45.735  1565  4947 I ProcessManager: AutoLockOffClean: kill com.eg.android.AlipayGphone Adj=500 State=11
12-11 00:27:45.735  1565  4947 I ActivityManager: Killing 31416:com.eg.android.AlipayGphone/u0a143 (adj 500): AutoLockOffClean
12-11 00:27:45.737  1565  4947 I ProcessManager: AutoLockOffClean: kill com.android.mms Adj=800 State=11
12-11 00:27:45.737  1565  4947 I ActivityManager: Killing 31347:com.android.mms/u0a67 (adj 800): AutoLockOffClean
12-11 00:27:45.739  1565  4947 I ProcessManager: AutoLockOffClean: kill com.xiaomi.aiasst.vision Adj=500 State=11
12-11 00:27:45.739  1565  4947 I ActivityManager: Killing 31316:com.xiaomi.aiasst.vision/1000 (adj 500): AutoLockOffClean
12-11 00:27:45.740  1565  4947 I ProcessManager: AutoLockOffClean: kill com.qti.diagservices Adj=800 State=11
12-11 00:27:45.740  1565  4947 I ActivityManager: Killing 31287:com.qti.diagservices/1000 (adj 800): AutoLockOffClean
12-11 00:27:45.741  1565  4947 I ProcessManager: AutoLockOffClean: kill com.qualcomm.qti.workloadclassifier Adj=800 State=11
12-11 00:27:45.742  1565  4947 I ActivityManager: Killing 31264:com.qualcomm.qti.workloadclassifier/1000 (adj 800): AutoLockOffClean
12-11 00:27:45.743  1565  4947 I ProcessManager: AutoLockOffClean: kill com.qualcomm.telephony Adj=800 State=11
12-11 00:27:45.743  1565  4947 I ActivityManager: Killing 31238:com.qualcomm.telephony/u0a79 (adj 800): AutoLockOffClean
12-11 00:27:45.744  1565  4947 I ProcessManager: AutoLockOffClean: kill com.android.smspush Adj=100 State=7
12-11 00:27:45.744  1565  4947 I ActivityManager: Killing 31145:com.android.smspush/u0a92 (adj 100): AutoLockOffClean
12-11 00:27:45.745  1565  4947 I ProcessManager: AutoLockOffClean: kill com.qualcomm.qti.autoregistration Adj=800 State=11
12-11 00:27:45.745  1565  4947 I ActivityManager: Killing 31068:com.qualcomm.qti.autoregistration/1001 (adj 800): AutoLockOffClean
12-11 00:27:45.748  5018  5487 W ProcessUtils: killProcess failed []
12-11 00:27:45.764  1565  4947 D ProcessManager: skip restart com.miui.analytics because this device is a lowmemory device!
12-11 00:27:45.765  1565  4947 W ActivityManager: Scheduling restart of crashed service com.miui.analytics/.AppenderService in 1000ms
12-11 00:27:45.765  1565  4947 W ActivityManager: Scheduling restart of crashed service com.miui.analytics/.AnalyticsService in 11000ms
12-11 00:27:45.766  1565  4947 W ActivityManager: Scheduling restart of crashed service com.miui.analytics/.onetrack.OneTrackService in 21000ms
12-11 00:27:45.766  1565  4947 W ActivityManager: Scheduling restart of crashed service com.miui.analytics/.internal.collection.MusicStateListener in 31000ms
12-11 00:27:45.766  1565  4947 W ActivityManager: Scheduling restart of crashed service com.miui.analytics/.internal.WakeupService in 41000ms
12-11 00:27:45.775  1565 12896 D NotificationAssistants: Removing active service ComponentInfo{com.miui.notification/com.miui.notification.NotificationListener}
12-11 00:27:45.776  1565 12896 D NotificationListeners: Removing active service ComponentInfo{com.miui.notification/com.miui.notification.NotificationListener}
12-11 00:27:45.785  1565  1565 V NotificationAssistants: 0 notification assistant connection lost: ComponentInfo{com.miui.notification/com.miui.notification.NotificationListener}
12-11 00:27:45.789  1565  4414 D ProcessManager: skip restart com.miui.notification:remote because this device is a lowmemory device!
12-11 00:27:45.789  1565  4414 W ActivityManager: Canceling start item Intent { cmp=com.miui.notification/.NotificationListener } in service com.miui.notification/.NotificationListener
12-11 00:27:45.789  1565  4414 W ActivityManager: Scheduling restart of crashed service com.miui.notification/.NotificationListener in 58815709184ms
12-11 00:27:45.790  1565  4414 W ActivityManager: Scheduling restart of crashed service com.miui.notification/.NotificationCenterService in 50977ms
12-11 00:27:45.818  1565  4945 D ProcessManager: skip restart com.miui.hybrid:entrance because this device is a lowmemory device!
12-11 00:27:45.819  1565  4945 W ActivityManager: Scheduling restart of crashed service com.miui.hybrid/.PersistService in 60947ms
12-11 00:27:45.829  1565  3092 D ProcessManager: skip restart com.xiaomi.account:accountservice because this device is a lowmemory device!
12-11 00:27:45.847  1565  3092 I AutoStartManagerService: MIUILOG- Reject RestartService packageName :com.xiaomi.account uid : 10118
12-11 00:27:45.860  1565  4945 D ProcessManager: skip restart com.android.smspush because this device is a lowmemory device!
12-11 00:27:45.861  1565  4945 W ActivityManager: Scheduling restart of crashed service com.android.smspush/.WapPushManager in 70905ms
12-11 00:27:45.871  1565  3092 D ProcessManager: skip restart com.xiaomi.misettings because this device is a lowmemory device!
12-11 00:27:45.872  1565  3092 W ActivityManager: Scheduling restart of crashed service com.xiaomi.misettings/.usagestats.UsageCacheService in 80895ms
12-11 00:27:45.877  1565 11770 D ProcessManager: skip restart com.qualcomm.qti.autoregistration because this device is a lowmemory device!
12-11 00:27:45.879  1565 11770 W ActivityManager: Scheduling restart of crashed service com.qualcomm.qti.autoregistration/.RegistrationService in 90887ms
12-11 00:27:45.893  1565  4945 D ProcessManager: skip restart com.xiaomi.market because this device is a lowmemory device!
12-11 00:27:45.894  1565  4945 W ActivityManager: Scheduling restart of crashed service com.xiaomi.market/.installsupport.MarketInstallerService in 100873ms
12-11 00:27:45.904  1565  4952 D ProcessManager: skip restart com.qualcomm.telephony because this device is a lowmemory device!
12-11 00:27:45.905  1565  4952 W ActivityManager: Scheduling restart of crashed service com.qualcomm.atfwd/.AtFwdService in 110862ms
12-11 00:27:45.912  1565  2796 D ProcessManager: skip restart com.qualcomm.qti.workloadclassifier because this device is a lowmemory device!
12-11 00:27:45.913  1565  2796 W ActivityManager: Scheduling restart of crashed service com.qualcomm.qti.workloadclassifier/.WLCService in 120854ms
12-11 00:27:45.923  1565 15493 D ProcessManager: skip restart com.qti.diagservices because this device is a lowmemory device!
12-11 00:27:45.923  1565 15493 W ActivityManager: Scheduling restart of crashed service com.qti.diagservices/.QTIDiagServices in 130844ms
12-11 00:27:45.928  1565  1697 D Boost   : hostingType=service, hostingName={com.miui.hybrid/com.miui.hybrid.PersistService}, callerPackage=com.miui.wmsvc, isSystem=true, isBoostNeeded=false.
12-11 00:27:45.929  1565 13295 D ProcessManager: skip restart com.android.settings:remote because this device is a lowmemory device!
12-11 00:27:45.930  1565 13295 W ActivityManager: Scheduling restart of crashed service com.android.settings/.wifi.MiuiWifiService in 140837ms
12-11 00:27:45.936  1565  3621 D ProcessManager: skip restart com.miui.systemAdSolution because this device is a lowmemory device!
12-11 00:27:45.937  1565  3621 W ActivityManager: Scheduling restart of crashed service com.miui.systemAdSolution/.changeSkin.ChangeSkinService in 140831ms
12-11 00:27:45.938  1565  3621 W ActivityManager: Scheduling restart of crashed service com.miui.systemAdSolution/.splashscreen.SplashScreenService in 150831ms
12-11 00:27:45.942  1565  1697 I ActivityManager: Start proc 31836:com.miui.hybrid:entrance/u0a120 for service {com.miui.hybrid/com.miui.hybrid.PersistService} caller=com.miui.wmsvc
12-11 00:27:45.944  1565  9985 D ProcessManager: skip restart com.android.settings because this device is a lowmemory device!
12-11 00:27:45.948  1565  4952 D ProcessManager: skip restart com.xiaomi.aiasst.vision because this device is a lowmemory device!
12-11 00:27:45.949  1565  4952 W ActivityManager: Scheduling restart of crashed service com.xiaomi.aiasst.vision/.AiVisionService in 150819ms
12-11 00:27:45.981  1565  3621 D ProcessRecordInjector: Begin to report kill process events...
12-11 00:27:45.982  1565  3621 D ProcessManager: skip restart com.android.mms because this device is a lowmemory device!
12-11 00:27:45.984  1565  3621 W ActivityManager: Scheduling restart of crashed service com.android.mms/.transaction.NotificationAssistService in 160785ms
12-11 00:27:45.993  1565 15493 D ProcessManager: skip restart com.eg.android.AlipayGphone because this device is a lowmemory device!
12-11 00:27:45.994  1565 15493 W ActivityManager: Scheduling restart of crashed service com.eg.android.AlipayGphone/com.alipay.mobile.clean.PowerSaveService in 170774ms
12-11 00:27:54.654 31836 31836 W BpBinder: Slow Binder: BpBinder transact took 226 ms, interface=android.content.pm.IPackageManager, code=3 oneway=false
12-11 00:27:55.202  1565  1697 D Boost   : hostingType=service, hostingName={com.miui.analytics/com.miui.analytics.AppenderService}, callerPackage=com.android.providers.downloads, isSystem=true, isBoostNeeded=false.
12-11 00:27:55.203  1565  1697 I ActivityManager: Start proc 31859:com.miui.analytics/u0a100 for service {com.miui.analytics/com.miui.analytics.AppenderService} caller=com.android.providers.downloads
12-11 00:27:55.374  1565  1565 V NotificationListeners: onNullBinding() called with: name = [ComponentInfo{com.miui.analytics/com.miui.analytics.internal.collection.MusicStateListener}]
12-11 00:27:55.530  1565  2162 D AutoStartManagerService: MIUILOG- Reject service :Intent { cmp=com.xiaomi.market/.receiver.AutoUpdateScheduler } userId : 0 uid : 10101, cause by low mem.
12-11 00:27:55.530  1565  2162 I JobServiceContext: MIUILOG- Reject Start Job, cancelJob uid : 10101 jobId :0
12-11 00:27:55.531  1565  2162 D JobScheduler: Error executing JobStatus{d2b6003 #u0a101/0 com.xiaomi.market/.receiver.AutoUpdateScheduler u=0 s=10101 TIME=-4m50s914ms:none NET READY}
12-11 00:28:56.840  1565  1697 D Boost   : hostingType=service, hostingName={com.miui.notification/com.miui.notification.NotificationCenterService}, callerPackage=com.android.systemui, isSystem=true, isBoostNeeded=false.
12-11 00:28:56.842  1565  1697 I ActivityManager: Start proc 31928:com.miui.notification:remote/1000 for service {com.miui.notification/com.miui.notification.NotificationCenterService} caller=com.android.systemui
12-11 00:28:57.199  1565  1697 D Boost   : hostingType=content provider, hostingName={com.android.settings/com.android.settings.cloud.CloudSettingsProvider}, callerPackage=com.miui.notification, isSystem=true, isBoostNeeded=true.
