12-11 01:17:56.850  1565  3902 W ActivityManager: Scheduling restart of crashed service com.xiaomi.aiasst.vision/.AiVisionService in 120882ms
12-11 01:17:56.853  1565  1697 W ActivityManager: Slow operation: 104ms so far, now at startProcess: done updating battery stats
12-11 01:17:56.854  1565  1697 W ActivityManager: Slow operation: 105ms so far, now at startProcess: building log message
12-11 01:17:56.854  1565  1697 I ActivityManager: Start proc 32746:com.miui.hybrid:entrance/u0a120 for service {com.miui.hybrid/com.miui.hybrid.PersistService} caller=com.miui.wmsvc
12-11 01:17:56.854  1565  1697 W ActivityManager: Slow operation: 105ms so far, now at startProcess: starting to update pids map
12-11 01:17:56.854  1565  1697 W ActivityManager: Slow operation: 105ms so far, now at startProcess: done updating pids map
12-11 01:17:56.887  1565  4946 D ProcessManager: skip restart com.android.mms because this device is a lowmemory device!
12-11 01:17:56.888  1565  4946 W ActivityManager: Scheduling restart of crashed service com.android.mms/.transaction.NotificationAssistService in 130844ms
12-11 01:17:56.898  1565  3902 D ProcessManager: skip restart com.miui.systemAdSolution because this device is a lowmemory device!
12-11 01:17:56.898  1565  3902 W ActivityManager: Scheduling restart of crashed service com.miui.systemAdSolution/.changeSkin.ChangeSkinService in 140834ms
12-11 01:17:56.899  1565  3902 W ActivityManager: Scheduling restart of crashed service com.miui.systemAdSolution/.splashscreen.SplashScreenService in 150834ms
12-11 01:17:56.915  1565  4946 D ProcessManager: skip restart com.xiaomi.market because this device is a lowmemory device!
12-11 01:17:56.917  1565  4946 W ActivityManager: Scheduling restart of crashed service com.xiaomi.market/.installsupport.MarketInstallerService in 70814ms
12-11 01:17:56.930  1565  3902 D ProcessManager: skip restart com.eg.android.AlipayGphone because this device is a lowmemory device!
12-11 01:17:56.931  1565  3902 W ActivityManager: Scheduling restart of crashed service com.eg.android.AlipayGphone/com.alipay.mobile.clean.PowerSaveService in 150801ms
12-11 01:17:57.807  1565  1697 D Boost   : hostingType=service, hostingName={com.android.smspush/com.android.smspush.WapPushManager}, callerPackage=com.android.phone, isSystem=true, isBoostNeeded=false.
12-11 01:17:57.808  1565  1697 I ActivityManager: Start proc 348:com.android.smspush/u0a92 for service {com.android.smspush/com.android.smspush.WapPushManager} caller=com.android.phone
12-11 01:18:58.192  1565  1709 V BatteryExternalStatsWorker: WiFi energy data was reset, new WiFi energy data is WifiActivityEnergyInfo{ timestamp=916874143 mStackState=3 mControllerTxTimeMs=0 mControllerTxTimePerLevelMs=[0, 0, 0, 0, 0, 0, 0, 0, 0, 0, 0, 0, 0, 0, 0, 0, 0, 0, 0, 0, 0, 0, 0, 0, 0, 0, 0, 0, 0, 0, 0, 0, 0, 0, 0, 0, 3032, 0, 0, 0, 0, 0, 0, 0, 0, 0, 0, 0, 0, 0, 0, 0, 0, 0, 0, 0, 0, 0, 0, 0, 0, 0, 0, 0, 0, 0, 0, 0, 0, 0, 0, 0, 0, 0, 0, 0, 0, 0, 0, 0, 0, 0, 0, 0, 0, 0, 0, 0, 0, 0, 0, 0, 0, 0, 0, 0, 0, 0, 0, 0, 0, 0, 0, 0, 0, 0, 0, 0, 0, 0, 0, 0, 0, 0, 0, 0, 11965, 0, 299, 0, 4, 0, 1, 0, 0, 0, 3756, 0, 0, 0, 0, 0, 0, 0, 0, 0, 0, 0, 0, 0, 0, 0, 0, 0, 0, 0, 0, 0, 0, 0, 0, 0, 0, 0, 0, 0, 0, 0, 0, 0, 0, 0, 0, 0, 0, 0, 0, 0, 0, 0, 0, 0, 0, 0, 0, 0, 0, 0, 0, 0] mControllerRxTimeMs=0 mControllerScanTimeMs=0 mControllerIdleTimeMs=0 mControllerEnergyUsed=0 }
12-11 01:18:58.197  1565  1697 D Boost   : hostingType=service, hostingName={com.miui.notification/com.miui.notification.NotificationCenterService}, callerPackage=com.android.systemui, isSystem=true, isBoostNeeded=false.
12-11 01:18:58.200  1565  1697 I ActivityManager: Start proc 453:com.miui.notification:remote/1000 for service {com.miui.notification/com.miui.notification.NotificationCenterService} caller=com.android.systemui
12-11 01:18:58.430  1565  1697 D Boost   : hostingType=service, hostingName={com.miui.analytics/com.miui.analytics.onetrack.OneTrackService}, callerPackage=com.miui.notification, isSystem=true, isBoostNeeded=true.
12-11 01:18:58.436  1565  1697 I ActivityManager: Start proc 522:com.miui.analytics/u0a100 for service {com.miui.analytics/com.miui.analytics.onetrack.OneTrackService} caller=com.miui.notification enableBoost=true
12-11 01:18:58.488  1565  3902 D Boost   : Process is boosted to top app, processName=com.miui.analytics.
12-11 01:18:58.499  1565  1695 D Boost   : Process is boosted to top app, processName=com.miui.analytics.
12-11 01:18:58.503  1565  1695 I chatty  : uid=1000(system) ActivityManager identical 2 lines
12-11 01:18:58.504  1565  1695 D Boost   : Process is boosted to top app, processName=com.miui.analytics.
12-11 01:18:58.569  1565  9985 D Boost   : Process is boosted to top app, processName=com.miui.analytics.
12-11 01:18:58.569  1565  9985 D Boost   : Process is boosted to top app, processName=com.miui.analytics.
12-11 01:18:58.584  1565  4946 D Boost   : Process is boosted to top app, processName=com.miui.analytics.
12-11 01:18:58.585  1565  4946 D Boost   : Process is boosted to top app, processName=com.miui.analytics.
12-11 01:18:58.587  1565  9985 D Boost   : Process is boosted to top app, processName=com.miui.analytics.
12-11 01:18:58.590  1565  1565 V NotificationListeners: onNullBinding() called with: name = [ComponentInfo{com.miui.analytics/com.miui.analytics.internal.collection.MusicStateListener}]
12-11 01:18:58.590  1565  9985 D Boost   : Process is boosted to top app, processName=com.miui.analytics.
12-11 01:18:58.591  1565  3092 D Boost   : Process is boosted to top app, processName=com.miui.analytics.
12-11 01:18:58.596  1565  1697 D Boost   : hostingType=content provider, hostingName={com.android.settings/com.android.settings.cloud.CloudSettingsProvider}, callerPackage=com.miui.notification, isSystem=true, isBoostNeeded=true.
12-11 01:18:58.597  1565  1697 I ActivityManager: Start proc 579:com.android.settings:remote/1000 for content provider {com.android.settings/com.android.settings.cloud.CloudSettingsProvider} caller=com.miui.notification enableBoost=true
12-11 01:18:58.632  1565  9985 D Boost   : Process is boosted to top app, processName=com.miui.analytics.
12-11 01:18:58.632  1565  9985 D Boost   : Process is boosted to top app, processName=com.android.settings:remote.
12-11 01:18:58.649  1565  3092 D Boost   : Process is boosted to top app, processName=com.miui.analytics.
12-11 01:18:58.649  1565  3092 D Boost   : Process is boosted to top app, processName=com.android.settings:remote.
12-11 01:18:58.650  1565  3092 D Boost   : Process is boosted to top app, processName=com.miui.analytics.
12-11 01:18:58.650  1565  3092 D Boost   : Process is boosted to top app, processName=com.android.settings:remote.
12-11 01:18:58.651  1565  9985 D Boost   : Process is boosted to top app, processName=com.miui.analytics.
12-11 01:18:58.657  1565  9985 I chatty  : uid=1000(system) Binder:1565_1C identical 2 lines
12-11 01:18:58.657  1565  9985 D Boost   : Process is boosted to top app, processName=com.miui.analytics.
12-11 01:18:58.657  1565  9985 D Boost   : Process is boosted to top app, processName=com.android.settings:remote.
12-11 01:18:58.660  1565  3092 D Boost   : Process is boosted to top app, processName=com.miui.analytics.
12-11 01:18:58.662  1565  4946 D Boost   : Process is boosted to top app, processName=com.miui.analytics.
12-11 01:18:58.670  1565  2162 D AutoStartManagerService: MIUILOG- Reject service :Intent { cmp=com.miui.cloudservice/.state.userinfo.PeriodicQueryMemberInfoJobService } userId : 0 uid : 10097, cause by low mem.
12-11 01:18:58.670  1565  2162 I JobServiceContext: MIUILOG- Reject Start Job, cancelJob uid : 10097 jobId :175
12-11 01:18:58.670  1565  2162 D JobScheduler: Error executing JobStatus{c72d010 #u0a97/175 com.miui.cloudservice/.state.userinfo.PeriodicQueryMemberInfoJobService u=0 s=10097 TIME=-3m15s568ms:none NET PERIODIC PERSISTED failures=10 READY}
12-11 01:18:58.671  1565  2162 D AutoStartManagerService: MIUILOG- Reject service :Intent { cmp=com.miui.cloudservice/.state.userinfo.PeriodicQueryCloudQuotaJobService } userId : 0 uid : 10097, cause by low mem.
12-11 01:18:58.672  1565  2162 I JobServiceContext: MIUILOG- Reject Start Job, cancelJob uid : 10097 jobId :159
12-11 01:18:58.672  1565  2162 D JobScheduler: Error executing JobStatus{f9cdd3c #u0a97/159 com.miui.cloudservice/.state.userinfo.PeriodicQueryCloudQuotaJobService u=0 s=10097 TIME=-3m15s521ms:none NET PERIODIC PERSISTED failures=10 READY}
12-11 01:18:58.672  1565  2162 D AutoStartManagerService: MIUILOG- Reject service :Intent { cmp=com.miui.cloudservice/.state.userinfo.PeriodicUploadSyncStatsJobService } userId : 0 uid : 10097, cause by low mem.
12-11 01:18:58.672  1565  2162 I JobServiceContext: MIUILOG- Reject Start Job, cancelJob uid : 10097 jobId :223
12-11 01:18:58.672  1565  2162 D JobScheduler: Error executing JobStatus{40ec1a #u0a97/223 com.miui.cloudservice/.state.userinfo.PeriodicUploadSyncStatsJobService u=0 s=10097 TIME=-3m15s498ms:none NET PERIODIC PERSISTED failures=10 READY}
12-11 01:18:58.673  1565  2162 D AutoStartManagerService: MIUILOG- Reject service :Intent { cmp=com.xiaomi.market/.receiver.AutoUpdateScheduler } userId : 0 uid : 10101, cause by low mem.
12-11 01:18:58.673  1565  2162 I JobServiceContext: MIUILOG- Reject Start Job, cancelJob uid : 10101 jobId :0
12-11 01:18:58.673  1565  2162 D JobScheduler: Error executing JobStatus{4653c0e #u0a101/0 com.xiaomi.market/.receiver.AutoUpdateScheduler u=0 s=10101 TIME=-6m38s515ms:none NET failures=1 READY}
12-11 01:18:58.753  1565  4946 D ExtraActivityManagerService: Reject userId= 0 caller= com.miui.analytics callee= com.miui.cloudservice class=com.miui.cloudservice.provider.MiCloudProvider action=null wakeType=4, cause by low mem.
12-11 01:18:58.753   522   585 E ActivityThread: Failed to find provider info for com.miui.micloud
12-11 01:18:58.755  1565  4946 D Boost   : Process is boosted to top app, processName=com.android.settings:remote.
12-11 01:18:58.755  1565  4946 I chatty  : uid=1000(system) Binder:1565_14 identical 2 lines
12-11 01:18:58.755  1565  4946 D Boost   : Process is boosted to top app, processName=com.android.settings:remote.
12-11 01:18:58.757   453   453 W BpBinder: Slow Binder: BpBinder transact took 247 ms, interface=android.app.IActivityManager, code=20 oneway=false
12-11 01:18:58.822  1565  1565 V NotificationAssistants: 0 notification assistant service connected: ComponentInfo{com.miui.notification/com.miui.notification.NotificationListener}
12-11 01:18:59.116  1565  3902 D LocationPolicy: checkUidLocationOp [uid = 10100, op = 1
12-11 01:18:59.126  1565  3902 D LocationPolicy: checkUidLocationOp [uid = 10100, op = 1
12-11 01:18:59.759  1565  3092 D Boost   : Process is boosted to top app, processName=com.miui.analytics.
12-11 01:18:59.760  1565  3092 D Boost   : Process is boosted to top app, processName=com.android.settings:remote.
12-11 01:18:59.792  1565  3092 D Boost   : Process is boosted to top app, processName=com.miui.analytics.
12-11 01:18:59.793  1565  3092 D Boost   : Process is boosted to top app, processName=com.android.settings:remote.
12-11 01:22:01.910  1565  1697 D Boost   : hostingType=service, hostingName={com.miui.systemAdSolution/com.miui.systemAdSolution.splashscreen.SplashScreenService}, callerPackage=android, isSystem=true, isBoostNeeded=false.
12-11 01:22:01.912  1565  1697 I ActivityManager: Start proc 677:com.miui.systemAdSolution/u0a114 for service {com.miui.systemAdSolution/com.miui.systemAdSolution.splashscreen.SplashScreenService} caller=android
12-11 01:22:01.954  1565  9985 W ProcessStats: Tracking association SourceState{3bfea7c com.wm.dmall:pushcore/10350 Top #237407} whose proc state 1 is better than process ProcessState{e755cda com.miui.securitycenter.remote/1000 pkg=com.miui.securitycenter} proc state 2 (79 skipped)
12-11 01:22:02.459  1565  2800 D ExtraActivityManagerService: Reject userId= 0 caller= com.miui.systemAdSolution callee= com.miui.systemAdSolution class=com.miui.zeus.msa.app.floating.view.FloatingUIService action=null wakeType=8, cause by low mem.
12-11 01:22:02.736  1565  1697 D Boost   : hostingType=service, hostingName={com.qualcomm.qti.autoregistration/com.qualcomm.qti.autoregistration.RegistrationService}, callerPackage=com.qualcomm.qti.autoregistration, isSystem=true, isBoostNeeded=false.
12-11 01:22:02.738  1565  1697 I ActivityManager: Start proc 973:com.qualcomm.qti.autoregistration/1001 for service {com.qualcomm.qti.autoregistration/com.qualcomm.qti.autoregistration.RegistrationService} caller=com.qualcomm.qti.autoregistration
12-11 01:24:04.636  1565  1697 D Boost   : hostingType=service, hostingName={com.qualcomm.qti.workloadclassifier/com.qualcomm.qti.workloadclassifier.WLCService}, callerPackage=com.qualcomm.qti.workloadclassifier, isSystem=true, isBoostNeeded=false.
12-11 01:24:04.637  1565  1697 I ActivityManager: Start proc 1058:com.qualcomm.qti.workloadclassifier/1000 for service {com.qualcomm.qti.workloadclassifier/com.qualcomm.qti.workloadclassifier.WLCService} caller=com.qualcomm.qti.workloadclassifier
12-11 01:24:04.702  1565  3902 W ProcessStats: Tracking association SourceState{3bfea7c com.wm.dmall:pushcore/10350 Top #237440} whose proc state 1 is better than process ProcessState{e755cda com.miui.securitycenter.remote/1000 pkg=com.miui.securitycenter} proc state 2 (15 skipped)
12-11 01:25:04.839  1565  1709 V BatteryExternalStatsWorker: WiFi energy data was reset, new WiFi energy data is WifiActivityEnergyInfo{ timestamp=917240795 mStackState=3 mControllerTxTimeMs=0 mControllerTxTimePerLevelMs=[0, 0, 0, 0, 0, 0, 0, 0, 0, 0, 0, 0, 0, 0, 0, 0, 0, 0, 0, 0, 0, 0, 0, 0, 0, 0, 0, 0, 0, 0, 0, 0, 0, 0, 0, 0, 3032, 0, 0, 0, 0, 0, 0, 0, 0, 0, 0, 0, 0, 0, 0, 0, 0, 0, 0, 0, 0, 0, 0, 0, 0, 0, 0, 0, 0, 0, 0, 0, 0, 0, 0, 0, 0, 0, 0, 0, 0, 0, 0, 0, 0, 0, 0, 0, 0, 0, 0, 0, 0, 0, 0, 0, 0, 0, 0, 0, 0, 0, 0, 0, 0, 0, 0, 0, 0, 0, 0, 0, 0, 0, 0, 0, 0, 0, 0, 0, 11968, 0, 299, 0, 4, 0, 1, 0, 0, 0, 3762, 0, 0, 0, 0, 0, 0, 0, 0, 0, 0, 0, 0, 0, 0, 0, 0, 0, 0, 0, 0, 0, 0, 0, 0, 0, 0, 0, 0, 0, 0, 0, 0, 0, 0, 0, 0, 0, 0, 0, 0, 0, 0, 0, 0, 0, 0, 0, 0, 0, 0, 0, 0, 0] mControllerRxTimeMs=0 mControllerScanTimeMs=0 mControllerIdleTimeMs=0 mControllerEnergyUsed=0 }
12-11 01:26:05.898  1565  1709 V BatteryExternalStatsWorker: WiFi energy data was reset, new WiFi energy data is WifiActivityEnergyInfo{ timestamp=917301851 mStackState=3 mControllerTxTimeMs=0 mControllerTxTimePerLevelMs=[0, 0, 0, 0, 0, 0, 0, 0, 0, 0, 0, 0, 0, 0, 0, 0, 0, 0, 0, 0, 0, 0, 0, 0, 0, 0, 0, 0, 0, 0, 0, 0, 0, 0, 0, 0, 3032, 0, 0, 0, 0, 0, 0, 0, 0, 0, 0, 0, 0, 0, 0, 0, 0, 0, 0, 0, 0, 0, 0, 0, 0, 0, 0, 0, 0, 0, 0, 0, 0, 0, 0, 0, 0, 0, 0, 0, 0, 0, 0, 0, 0, 0, 0, 0, 0, 0, 0, 0, 0, 0, 0, 0, 0, 0, 0, 0, 0, 0, 0, 0, 0, 0, 0, 0, 0, 0, 0, 0, 0, 0, 0, 0, 0, 0, 0, 0, 11968, 0, 299, 0, 4, 0, 1, 0, 0, 0, 3763, 0, 0, 0, 0, 0, 0, 0, 0, 0, 0, 0, 0, 0, 0, 0, 0, 0, 0, 0, 0, 0, 0, 0, 0, 0, 0, 0, 0, 0, 0, 0, 0, 0, 0, 0, 0, 0, 0, 0, 0, 0, 0, 0, 0, 0, 0, 0, 0, 0, 0, 0, 0, 0] mControllerRxTimeMs=0 mControllerScanTimeMs=0 mControllerIdleTimeMs=0 mControllerEnergyUsed=0 }
12-11 01:26:06.875  1565  1697 D Boost   : hostingType=service, hostingName={com.qti.diagservices/com.qti.diagservices.QTIDiagServices}, callerPackage=com.qti.diagservices, isSystem=true, isBoostNeeded=false.
12-11 01:26:06.876  1565  1697 I ActivityManager: Start proc 1121:com.qti.diagservices/1000 for service {com.qti.diagservices/com.qti.diagservices.QTIDiagServices} caller=com.qti.diagservices
12-11 01:27:45.624  1565  1695 W ProcessStats: Tracking association SourceState{3bfea7c com.wm.dmall:pushcore/10350 Top #237444} whose proc state 1 is better than process ProcessState{e755cda com.miui.securitycenter.remote/1000 pkg=com.miui.securitycenter} proc state 2 (3 skipped)
12-11 01:27:45.685  1565  1709 E BatteryExternalStatsWorker: no controller energy info supplied for bluetooth
12-11 01:27:45.756  5018  5487 I power.sleep: onReceive ACTION_SCREEN_OFF_TIMEOUT reason=default
12-11 01:27:45.795  1565  1709 E BatteryExternalStatsWorker: no controller energy info supplied for bluetooth
12-11 01:27:45.810  5018  5487 I power.sleep: gps onStart pkg=null
12-11 01:30:11.173  1565  1709 V BatteryExternalStatsWorker: WiFi energy data was reset, new WiFi energy data is WifiActivityEnergyInfo{ timestamp=917547123 mStackState=3 mControllerTxTimeMs=0 mControllerTxTimePerLevelMs=[0, 0, 0, 0, 0, 0, 0, 0, 0, 0, 0, 0, 0, 0, 0, 0, 0, 0, 0, 0, 0, 0, 0, 0, 0, 0, 0, 0, 0, 0, 0, 0, 0, 0, 0, 0, 3032, 0, 0, 0, 0, 0, 0, 0, 0, 0, 0, 0, 0, 0, 0, 0, 0, 0, 0, 0, 0, 0, 0, 0, 0, 0, 0, 0, 0, 0, 0, 0, 0, 0, 0, 0, 0, 0, 0, 0, 0, 0, 0, 0, 0, 0, 0, 0, 0, 0, 0, 0, 0, 0, 0, 0, 0, 0, 0, 0, 0, 0, 0, 0, 0, 0, 0, 0, 0, 0, 0, 0, 0, 0, 0, 0, 0, 0, 0, 0, 11968, 0, 299, 0, 4, 0, 1, 0, 0, 0, 3765, 0, 0, 0, 0, 0, 0, 0, 0, 0, 0, 0, 0, 0, 0, 0, 0, 0, 0, 0, 0, 0, 0, 0, 0, 0, 0, 0, 0, 0, 0, 0, 0, 0, 0, 0, 0, 0, 0, 0, 0, 0, 0, 0, 0, 0, 0, 0, 0, 0, 0, 0, 0, 0] mControllerRxTimeMs=0 mControllerScanTimeMs=0 mControllerIdleTimeMs=0 mControllerEnergyUsed=0 }
12-11 01:30:42.489  1565  1709 V BatteryExternalStatsWorker: WiFi energy data was reset, new WiFi energy data is WifiActivityEnergyInfo{ timestamp=917578442 mStackState=3 mControllerTxTimeMs=0 mControllerTxTimePerLevelMs=[0, 0, 0, 0, 0, 0, 0, 0, 0, 0, 0, 0, 0, 0, 0, 0, 0, 0, 0, 0, 0, 0, 0, 0, 0, 0, 0, 0, 0, 0, 0, 0, 0, 0, 0, 0, 3032, 0, 0, 0, 0, 0, 0, 0, 0, 0, 0, 0, 0, 0, 0, 0, 0, 0, 0, 0, 0, 0, 0, 0, 0, 0, 0, 0, 0, 0, 0, 0, 0, 0, 0, 0, 0, 0, 0, 0, 0, 0, 0, 0, 0, 0, 0, 0, 0, 0, 0, 0, 0, 0, 0, 0, 0, 0, 0, 0, 0, 0, 0, 0, 0, 0, 0, 0, 0, 0, 0, 0, 0, 0, 0, 0, 0, 0, 0, 0, 11968, 0, 299, 0, 4, 0, 1, 0, 0, 0, 3765, 0, 0, 0, 0, 0, 0, 0, 0, 0, 0, 0, 0, 0, 0, 0, 0, 0, 0, 0, 0, 0, 0, 0, 0, 0, 0, 0, 0, 0, 0, 0, 0, 0, 0, 0, 0, 0, 0, 0, 0, 0, 0, 0, 0, 0, 0, 0, 0, 0, 0, 0, 0, 0] mControllerRxTimeMs=0 mControllerScanTimeMs=0 mControllerIdleTimeMs=0 mControllerEnergyUsed=0 }
12-11 01:30:42.490  1565  1694 W ProcessStats: Tracking association SourceState{3bfea7c com.wm.dmall:pushcore/10350 Top #237466} whose proc state 1 is better than process ProcessState{e755cda com.miui.securitycenter.remote/1000 pkg=com.miui.securitycenter} proc state 2 (15 skipped)
12-11 01:32:15.028  1565  1697 D Boost   : hostingType=service, hostingName={com.xiaomi.market/com.xiaomi.market.installsupport.MarketInstallerService}, callerPackage=com.miui.core, isSystem=true, isBoostNeeded=false.
12-11 01:32:15.029  1565  1697 I ActivityManager: Start proc 1217:com.xiaomi.market/u0a101 for service {com.xiaomi.market/com.xiaomi.market.installsupport.MarketInstallerService} caller=com.miui.core
12-11 01:32:15.564  1565  3902 D SystemSettings: Want to modify SystemSettings? See MiuiSettings.System.PUBLIC_SETTINGS
12-11 01:32:15.578  1565 11770 D SystemSettings: Want to modify SystemSettings? See MiuiSettings.System.PUBLIC_SETTINGS
12-11 01:32:16.759  1565  1697 D Boost   : hostingType=service, hostingName={com.xiaomi.account/com.xiaomi.account.authenticator.XmAuthenticationService}, callerPackage=android, isSystem=true, isBoostNeeded=false.
12-11 01:32:16.759  1565  1697 I ActivityManager: Start proc 1464:com.xiaomi.account:accountservice/u0a118 for service {com.xiaomi.account/com.xiaomi.account.authenticator.XmAuthenticationService} caller=android
12-11 01:32:17.135  2341  2341 I StatusBar: wake up for notification, pkg:android
12-11 01:32:17.445  2341  2341 D ProximitySensorWrapper: proximity distance: 5.0
12-11 01:32:17.624  2341  2341 I chatty  : uid=1000(system) com.android.systemui identical 4 lines
12-11 01:32:17.691  2341  2341 D ProximitySensorWrapper: proximity distance: 5.0
12-11 01:32:17.749  1565  3902 I PowerManagerService: Waking up from Asleep (uid=1000, reason=WAKE_REASON_UNKNOWN, details=com.android.systemui:NOTIFICATION)...
12-11 01:32:17.751  1565  1565 W UsageStatsService: Event reported without a package name, eventType:15
12-11 01:32:17.756  1565  1722 D DisplayPowerController: startsarservice : validate false
12-11 01:32:17.763  1565  1565 I WindowManager: Started waking up... (why=ON_BECAUSE_OF_UNKNOWN)
12-11 01:32:17.787  1565  1722 I DisplayPowerController: Blocking screen on until initial contents have been drawn.
12-11 01:32:17.788  1565  1722 I WindowManager: Screen turning on...
12-11 01:32:17.789  2341  3496 W KeyguardViewMediator: notifyScreenOn
12-11 01:32:17.790  1565  1722 D DisplayPowerController: reset default autobrightness!
12-11 01:32:17.804  1565  1722 V DisplayPowerController: Brightness [889] reason changing to: 'manual', previous reason: 'screen_off'.
12-11 01:32:17.804  1565  1722 D DisplayPowerController: startsarservice : validate false
12-11 01:32:17.804  1565  1722 D DisplayPowerController: reset default autobrightness!
12-11 01:32:17.807  1565  2296 D LocalDisplayAdapter: setDisplayState(id=19260487698585473, state=ON)
12-11 01:32:17.808  1565  1684 I DisplayManagerService: Display device changed state: "内置屏幕", ON
12-11 01:32:17.834  1565  1684 V UsbDeviceManager: onKeyguardStateChanged: isShowing:true secure:true user:0
12-11 01:32:17.841  1565  1565 D StorageManagerService: Get the action of screen on
12-11 01:32:17.843   496  1564 D vold    : The trim thread is not running
12-11 01:32:17.844   496  1564 D vold    : idle maintenance stopped
12-11 01:32:17.844  2341  2341 E miui_face: start face unlock  fail:;isSupportFaceUnlock=true;isFaceFeatureEnabled=true;hasEnrolledFaces=false;isFaceUnlockApplyForKeyguard=false;isOwnerUser=true
12-11 01:32:17.848  2341  2341 W KeyguardViewMediator: handleNotifyScreenTurningOn
12-11 01:32:17.848  2341  2341 W KeyguardViewMediator: notifyDrawn
12-11 01:32:17.849  1565  3092 I WindowManager: mKeyguardDelegate.ShowListener.onDrawn.
12-11 01:32:17.849  1565  1682 W WindowManager: Setting mKeyguardDrawComplete
12-11 01:32:17.849  1565  1682 I WindowManager: All windows ready for display!
12-11 01:32:17.849  1565  1682 W WindowManager: Setting mWindowManagerDrawComplete
12-11 01:32:17.851  1565  1682 D WindowManager: finishScreenTurningOn: mAwake=true, mScreenOnEarly=true, mScreenOnFully=false, mKeyguardDrawComplete=true, mWindowManagerDrawComplete=true
12-11 01:32:17.851  1565  1682 I WindowManager: Finished screen turning on...
12-11 01:32:17.851  1565  1722 I DisplayPowerController: Unblocked screen on after 63 ms
12-11 01:32:17.851  1565  1722 D DisplayPowerController: startsarservice : validate false
12-11 01:32:17.852  1565  1722 D DisplayPowerController: reset default autobrightness!
12-11 01:32:17.866  1565  1565 V LocationPolicy: Screen state changed
12-11 01:32:17.866  1565  2136 D LocationManagerInjector: add gps listener to GpsStatusProvider
12-11 01:32:17.866  1565  2136 D LocationManagerInjector: remove gps listener in mBackupGpsListeners
12-11 01:32:17.932  5018  5487 I power.sleep: tryToQuitSleep index=0 state=monitoring reason=screen_on
12-11 01:32:17.937  5018  5220 D PowerKeeper.AppBgIdle: setUidState, uid = 10350 allow = false
12-11 01:32:17.938  1565  2800 V LocationPolicy: writePolicyLocked()
12-11 01:32:17.945  1565  1697 D Boost   : hostingType=broadcast, hostingName={com.xiaomi.misettings/com.xiaomi.misettings.usagestats.AppTimerReceiver}, callerPackage=com.miui.securitycenter, isSystem=true, isBoostNeeded=false.
12-11 01:32:17.946  1565  1697 I ActivityManager: Start proc 1570:com.xiaomi.misettings/1000 for broadcast {com.xiaomi.misettings/com.xiaomi.misettings.usagestats.AppTimerReceiver} caller=com.miui.securitycenter
12-11 01:32:18.013  1565  2296 W BpBinder: Slow Binder: BpBinder transact took 206 ms, interface=android.ui.ISurfaceComposer, code=19 oneway=false
12-11 01:32:18.014  1565  2187 D DisplayFeatureManager: setScreenEffect mode=2 value=2
12-11 01:32:18.014  1565  1722 D DisplayPowerController: startsarservice : validate false
12-11 01:32:18.014  1565  1722 D DisplayPowerController: reset default autobrightness!
12-11 01:32:18.014  1565  3092 D PerfShielderService: com.android.systemui|StatusBar|398|500174950100185|348|5|4
12-11 01:32:18.014  1565  1722 W PowerManagerService: Screen on took 268 ms
12-11 01:32:18.015  1565  1565 I WindowManager: Finished waking up... (why=ON_BECAUSE_OF_UNKNOWN)
12-11 01:32:18.081  1565  2187 D DisplayFeatureManager: setScreenEffect mode=3 value=157
12-11 01:32:18.100  1565  2187 D DisplayFeatureManager: setScreenEffect mode=31 value=0
12-11 01:32:18.101  1565  3092 D LocationPolicy: checkUidLocationOp [uid = 10350, op = 1
12-11 01:32:18.117  1565  2187 D DisplayFeatureManager: setScreenEffect mode=31 value=0
12-11 01:32:18.187  1565  2800 D LocationPolicy: checkUidLocationOp [uid = 10088, op = 1
12-11 01:32:18.201  1565  2800 I chatty  : uid=1000(system) Binder:1565_8 identical 2 lines
12-11 01:32:18.209  1565  2800 D LocationPolicy: checkUidLocationOp [uid = 10088, op = 1
12-11 01:32:18.225  1565  3092 D LocationPolicy: checkUidLocationOp [uid = 10088, op = 1
12-11 01:32:18.237  1565  2800 D LocationPolicy: checkUidLocationOp [uid = 10088, op = 1
12-11 01:32:18.344  1565  1565 V SettingsProvider: Notifying for 0: content://settings/system/count_for_mi_connect
12-11 01:32:19.663  1565  9985 D ExtraActivityManagerService: Reject userId= 0 caller= com.wm.dmall callee= com.dm.metro class=cn.jpush.android.service.DaemonService action=null wakeType=8, cause by low mem.
12-11 01:32:19.666  1565  9985 D ExtraActivityManagerService: Reject userId= 0 caller= com.wm.dmall callee= com.dm.metro class=cn.jpush.android.service.DownloadProvider action=null wakeType=4, cause by low mem.
12-11 01:32:19.667 28640  1590 E ActivityThread: Failed to find provider info for com.dm.metro.DownloadProvider
12-11 01:32:20.387  1565  3902 W ProcessStats: Tracking association SourceState{3bfea7c com.wm.dmall:pushcore/10350 Top #237623} whose proc state 1 is better than process ProcessState{e755cda com.miui.securitycenter.remote/1000 pkg=com.miui.securitycenter} proc state 2 (125 skipped)
12-11 01:32:21.956  1565  1722 D DisplayPowerController: startsarservice : validate false
12-11 01:32:21.956  1565  1722 D DisplayPowerController: reset default autobrightness!
12-11 01:32:21.958  1565  1722 V DisplayPowerController: Brightness [8] reason changing to: 'manual [ dim ]', previous reason: 'manual'.
12-11 01:32:22.333  1565  1722 D DisplayPowerController: startsarservice : validate false
12-11 01:32:22.333  1565  1722 D DisplayPowerController: reset default autobrightness!
12-11 01:32:23.749  1565  1722 I PowerManagerService: Going to sleep due to timeout (uid 1000)...
12-11 01:32:23.753  1565  1722 D DisplayPowerController: startsarservice : validate false
12-11 01:32:23.756  1565  1565 W UsageStatsService: Event reported without a package name, eventType:16
12-11 01:32:23.771  1565  1565 I WindowManager: Started going to sleep... (why=OFF_BECAUSE_OF_TIMEOUT)
12-11 01:32:23.837  1565  1722 D DisplayPowerController: reset default autobrightness!
12-11 01:32:23.837  1565  1722 V DisplayPowerController: Brightness [889] reason changing to: 'manual', previous reason: 'manual [ dim ]'.
12-11 01:32:23.869  1565  1722 D DisplayPowerController: startsarservice : validate false
12-11 01:32:23.869  1565  1722 I DisplayPowerController: Blocking screen off
12-11 01:32:23.869  1565  1722 I DisplayPowerController: Unblocked screen off after 0 ms
12-11 01:32:23.879  1565  1722 I WindowManager: Screen turned off...
12-11 01:32:23.903  1565  1722 D DisplayPowerController: reset default autobrightness!
12-11 01:32:23.904  1565  1722 V DisplayPowerController: Brightness [0] reason changing to: 'screen_off', previous reason: 'manual'.
12-11 01:32:23.904  1565  1722 D DisplayPowerController: startsarservice : validate false
12-11 01:32:23.904  1565  1722 D DisplayPowerController: reset default autobrightness!
12-11 01:32:23.904  1565  2296 D LocalDisplayAdapter: setDisplayState(id=19260487698585473, state=OFF)
12-11 01:32:23.905  1565  1684 I DisplayManagerService: Display device changed state: "内置屏幕", OFF
12-11 01:32:24.197  1565  2296 W BpBinder: Slow Binder: BpBinder transact took 293 ms, interface=android.ui.ISurfaceComposer, code=19 oneway=false
12-11 01:32:24.202  1565  1722 D DisplayPowerController: startsarservice : validate false
12-11 01:32:24.203  1565  1722 D DisplayPowerController: reset default autobrightness!
12-11 01:32:24.206  1565  1722 W DreamManagerService: Dream ComponentInfo{com.android.systemui/com.android.systemui.doze.DozeService} does not exist
12-11 01:32:24.206  1565  1722 I PowerManagerService: Sleeping (uid 1000)...
12-11 01:32:24.211  2341  3024 W BpBinder: Slow Binder: BpBinder transact took 287 ms, interface=android.gui.IGraphicBufferProducer, code=2 oneway=false
12-11 01:32:24.214  1565  1565 I WindowManager: Finished going to sleep... (why=OFF_BECAUSE_OF_TIMEOUT)
12-11 01:32:24.219  2341  2757 W BpBinder: Slow Binder: BpBinder transact took 312 ms, interface=android.gui.IGraphicBufferProducer, code=2 oneway=false
12-11 01:32:24.237  1565  4945 I Timeline: Timeline: App_transition_ready time:500397933
12-11 01:32:24.238  1565  4945 I Timeline: Timeline: App_transition_stopped time:500397934
12-11 01:32:24.241  1565  1684 V UsbDeviceManager: onKeyguardStateChanged: isShowing:true secure:true user:0
12-11 01:32:24.257  1565  1565 V LocationPolicy: Screen state changed
12-11 01:32:24.332  5018  5487 I power.sleep: resetScreenOffAlarm delay=900000ms reason=screen_off
12-11 01:32:24.367  1565  1709 E BatteryExternalStatsWorker: no controller energy info supplied for bluetooth
12-11 01:32:24.400  1565  3092 D ExtraActivityManagerService: Reject userId= 0 caller= com.miui.systemAdSolution callee= com.miui.systemAdSolution class=com.miui.zeus.msa.app.splashad.SplashUIService action=null wakeType=8, cause by low mem.
12-11 01:33:16.643   800   862 W EventThreadInspector: slow VSync-sf on display(19260487698585473), count=1, avg=198 ms, max=198 ms.
12-11 01:33:18.890  1565  1709 E BatteryExternalStatsWorker: no controller energy info supplied for bluetooth
12-11 01:35:20.902  1154  1154 E TLOC    : [TLOCChannel]"Can't receive message due to timeout"
12-11 01:35:20.906  1154  1294 I TLOC    : [Modem      ]"Sending location turned off status to the daemon"
12-11 01:35:20.906  1154  1154 I TLOC    : [ModemComm  ]"Request succeeded for gps engine lock"
12-11 01:35:20.906  1154  1294 D TLOC    : [TLOCChannel] "TLOCChannel is already initialized"
12-11 01:35:20.906  1154  1154 D TLOC    : [TLOCChannel] "Going to receive message for TLOCD"
12-11 01:35:20.906  1154  1294 D TLOC    : [TLOCChannel] "Going to send message to TLOCD"
12-11 01:35:20.906  1154  1294 D TLOC    : [TLOCChannel]" --- message(id:15, size:0) ---> TLOCD"
12-11 01:35:20.906  1154  1154 D TLOC    : [TLOCChannel]" TLOCD <--- message(id:15, size:0) ---"
12-11 01:35:20.906  1154  1154 D TLOC    : [TLOCDaemon ]"Periodic location sampling is disabled"
12-11 01:35:20.906  1154  1154 D TLOC    : [TLOCDaemon ]"The command finished successfully"
12-11 01:35:20.906  1154  1154 D TLOC    : [TLOCDaemon ]"waiting for command"
12-11 01:35:20.906  1154  1154 D TLOC    : [TLOCChannel] "Going to receive message for TLOCD"
12-11 01:35:20.906  1154  1154 D TLOC    : [TLOCChannel] "wait for message for user TLOCD"
12-11 01:37:44.654  1565  1695 W ProcessStats: Tracking association SourceState{3bfea7c com.wm.dmall:pushcore/10350 Top #237740} whose proc state 1 is better than process ProcessState{e755cda com.miui.securitycenter.remote/1000 pkg=com.miui.securitycenter} proc state 2 (121 skipped)
12-11 01:38:00.635  1565  4947 V LocationPolicy: writePolicyLocked()
12-11 01:38:00.635  1565  2136 D LocationManagerInjector: remove gps listener from GpsStatusProvider
12-11 01:38:00.635  1565  2136 D LocationManagerInjector: backup gps listener in mBackupGpsListeners
12-11 01:38:00.698  5018  5220 D PowerKeeper.AppBgIdle: setUidState, uid = 10350 allow = true
12-11 01:38:00.701  1565  1680 V AppStateTracker: Package com.wm.dmall/10350 toggled into fg service restriction
12-11 01:38:00.701  1565  1680 I chatty  : uid=1000(system) android.fg identical 1 line
12-11 01:38:00.701  1565  1680 V AppStateTracker: Package com.wm.dmall/10350 toggled into fg service restriction
12-11 01:38:28.125  1565  1697 D Boost   : hostingType=service, hostingName={com.qualcomm.atfwd/com.qualcomm.atfwd.AtFwdService}, callerPackage=com.qualcomm.atfwd, isSystem=true, isBoostNeeded=false.
12-11 01:38:28.126  1565  1697 I ActivityManager: Start proc 1744:com.qualcomm.telephony/u0a79 for service {com.qualcomm.atfwd/com.qualcomm.atfwd.AtFwdService} caller=com.qualcomm.atfwd
12-11 01:40:31.794  1565  1697 D Boost   : hostingType=service, hostingName={com.xiaomi.aiasst.vision/com.xiaomi.aiasst.vision.AiVisionService}, callerPackage=com.xiaomi.aiasst.vision, isSystem=true, isBoostNeeded=false.
12-11 01:40:31.795  1565  1697 I ActivityManager: Start proc 1774:com.xiaomi.aiasst.vision/1000 for service {com.xiaomi.aiasst.vision/com.xiaomi.aiasst.vision.AiVisionService} caller=com.xiaomi.aiasst.vision
12-11 01:40:31.872  1565  2800 W ProcessStats: Tracking association SourceState{3bfea7c com.wm.dmall:pushcore/10350 Top #237752} whose proc state 1 is better than process ProcessState{e755cda com.miui.securitycenter.remote/1000 pkg=com.miui.securitycenter} proc state 2 (11 skipped)
12-11 01:41:30.787  1565  1709 V BatteryExternalStatsWorker: WiFi energy data was reset, new WiFi energy data is WifiActivityEnergyInfo{ timestamp=918226740 mStackState=3 mControllerTxTimeMs=0 mControllerTxTimePerLevelMs=[0, 0, 0, 0, 0, 0, 0, 0, 0, 0, 0, 0, 0, 0, 0, 0, 0, 0, 0, 0, 0, 0, 0, 0, 0, 0, 0, 0, 0, 0, 0, 0, 0, 0, 0, 0, 3032, 0, 0, 0, 0, 0, 0, 0, 0, 0, 0, 0, 0, 0, 0, 0, 0, 0, 0, 0, 0, 0, 0, 0, 0, 0, 0, 0, 0, 0, 0, 0, 0, 0, 0, 0, 0, 0, 0, 0, 0, 0, 0, 0, 0, 0, 0, 0, 0, 0, 0, 0, 0, 0, 0, 0, 0, 0, 0, 0, 0, 0, 0, 0, 0, 0, 0, 0, 0, 0, 0, 0, 0, 0, 0, 0, 0, 0, 0, 0, 11981, 0, 299, 0, 4, 0, 1, 0, 0, 0, 3775, 0, 0, 0, 0, 0, 0, 0, 0, 0, 0, 0, 0, 0, 0, 0, 0, 0, 0, 0, 0, 0, 0, 0, 0, 0, 0, 0, 0, 0, 0, 0, 0, 0, 0, 0, 0, 0, 0, 0, 0, 0, 0, 0, 0, 0, 0, 0, 0, 0, 0, 0, 0, 0] mControllerRxTimeMs=0 mControllerScanTimeMs=0 mControllerIdleTimeMs=0 mControllerEnergyUsed=0 }
12-11 01:42:33.665  1565  1697 D Boost   : hostingType=service, hostingName={com.android.mms/com.android.mms.transaction.NotificationAssistService}, callerPackage=com.android.mms, isSystem=true, isBoostNeeded=false.
12-11 01:42:33.667  1565  1697 I ActivityManager: Start proc 1845:com.android.mms/u0a67 for service {com.android.mms/com.android.mms.transaction.NotificationAssistService} caller=com.android.mms
12-11 01:42:34.344  1565  3092 D ExtraActivityManagerService: Reject userId= 0 caller= com.android.mms callee= com.xiaomi.simactivate.service class=com.xiaomi.activate.ActivateService action=com.xiaomi.simactivate.service.action.BIND wakeType=8, cause by low mem.
12-11 01:42:34.352  1565  3092 D ExtraActivityManagerService: Reject userId= 0 caller= com.android.mms callee= com.xiaomi.simactivate.service class=com.xiaomi.activate.ActivateService action=com.xiaomi.simactivate.service.action.BIND wakeType=8, cause by low mem.
12-11 01:42:34.585  1845  1893 W BpBinder: Slow Binder: BpBinder transact took 226 ms, interface=, code=1 oneway=false
12-11 01:42:34.705  1565  2800 D ExtraActivityManagerService: Reject userId= 0 caller= com.android.mms callee= com.xiaomi.simactivate.service class=com.xiaomi.activate.ActivateService action=com.xiaomi.simactivate.service.action.BIND wakeType=8, cause by low mem.
12-11 01:42:34.711  1565  2800 D ExtraActivityManagerService: Reject userId= 0 caller= com.android.mms callee= com.xiaomi.simactivate.service class=com.xiaomi.activate.ActivateService action=com.xiaomi.simactivate.service.action.BIND wakeType=8, cause by low mem.
12-11 01:43:31.916  1565  2800 W ProcessStats: Tracking association SourceState{3bfea7c com.wm.dmall:pushcore/10350 Top #237769} whose proc state 1 is better than process ProcessState{e755cda com.miui.securitycenter.remote/1000 pkg=com.miui.securitycenter} proc state 2 (5 skipped)
12-11 01:43:33.394  1565  1695 V ActivityManager: Attempted to start a foreground service (com.android.mms/com.xiaomi.mms.transaction.MxMessageTrackService) with a broken notification (no icon: Notification(channel=Mms_Default pri=0 contentView=null vibrate=null sound=null defaults=0x0 flags=0x40 color=0x00000000 vis=PRIVATE))
12-11 01:46:38.545  1565  1697 D Boost   : hostingType=service, hostingName={com.eg.android.AlipayGphone/com.alipay.mobile.clean.PowerSaveService}, callerPackage=com.eg.android.AlipayGphone, isSystem=false, isBoostNeeded=false.
12-11 01:46:38.548  1565  1697 I ActivityManager: Start proc 1917:com.eg.android.AlipayGphone/u0a143 for service {com.eg.android.AlipayGphone/com.alipay.mobile.clean.PowerSaveService} caller=com.eg.android.AlipayGphone
12-11 01:46:38.605  1565  2800 W ProcessStats: Tracking association SourceState{3bfea7c com.wm.dmall:pushcore/10350 Top #237811} whose proc state 1 is better than process ProcessState{e755cda com.miui.securitycenter.remote/1000 pkg=com.miui.securitycenter} proc state 2 (13 skipped)
12-11 01:46:47.600  1917  2080 W BpBinder: Slow Binder: BpBinder transact took 201 ms, interface=android.content.pm.IPackageManager, code=5 oneway=false
12-11 01:46:47.768  1917  2124 E DexLoadReporter: Could not create the profile directory: /data/user/0/com.eg.android.AlipayGphone/lib/oat/libandroid-phone-perf-dynamictrigger.so.cur.prof
12-11 01:46:47.770  1565  4356 D com.android.server.pm.PackageManagerServiceInjector: Skip dexopt on: /data/user/0/com.eg.android.AlipayGphone/lib/libandroid-phone-perf-dynamictrigger.so, because com.eg.android.AlipayGphone is not current resumed. Current resumed is: com.wm.dmall
12-11 01:49:40.375  1565  1709 V BatteryExternalStatsWorker: WiFi energy data was reset, new WiFi energy data is WifiActivityEnergyInfo{ timestamp=918716327 mStackState=3 mControllerTxTimeMs=0 mControllerTxTimePerLevelMs=[0, 0, 0, 0, 0, 0, 0, 0, 0, 0, 0, 0, 0, 0, 0, 0, 0, 0, 0, 0, 0, 0, 0, 0, 0, 0, 0, 0, 0, 0, 0, 0, 0, 0, 0, 0, 3032, 0, 0, 0, 0, 0, 0, 0, 0, 0, 0, 0, 0, 0, 0, 0, 0, 0, 0, 0, 0, 0, 0, 0, 0, 0, 0, 0, 0, 0, 0, 0, 0, 0, 0, 0, 0, 0, 0, 0, 0, 0, 0, 0, 0, 0, 0, 0, 0, 0, 0, 0, 0, 0, 0, 0, 0, 0, 0, 0, 0, 0, 0, 0, 0, 0, 0, 0, 0, 0, 0, 0, 0, 0, 0, 0, 0, 0, 0, 0, 11981, 0, 299, 0, 4, 0, 1, 0, 0, 0, 3779, 0, 0, 0, 0, 0, 0, 0, 0, 0, 0, 0, 0, 0, 0, 0, 0, 0, 0, 0, 0, 0, 0, 0, 0, 0, 0, 0, 0, 0, 0, 0, 0, 0, 0, 0, 0, 0, 0, 0, 0, 0, 0, 0, 0, 0, 0, 0, 0, 0, 0, 0, 0, 0] mControllerRxTimeMs=0 mControllerScanTimeMs=0 mControllerIdleTimeMs=0 mControllerEnergyUsed=0 }
12-11 01:50:40.978  1565  1709 V BatteryExternalStatsWorker: WiFi energy data was reset, new WiFi energy data is WifiActivityEnergyInfo{ timestamp=918776932 mStackState=3 mControllerTxTimeMs=0 mControllerTxTimePerLevelMs=[0, 0, 0, 0, 0, 0, 0, 0, 0, 0, 0, 0, 0, 0, 0, 0, 0, 0, 0, 0, 0, 0, 0, 0, 0, 0, 0, 0, 0, 0, 0, 0, 0, 0, 0, 0, 3032, 0, 0, 0, 0, 0, 0, 0, 0, 0, 0, 0, 0, 0, 0, 0, 0, 0, 0, 0, 0, 0, 0, 0, 0, 0, 0, 0, 0, 0, 0, 0, 0, 0, 0, 0, 0, 0, 0, 0, 0, 0, 0, 0, 0, 0, 0, 0, 0, 0, 0, 0, 0, 0, 0, 0, 0, 0, 0, 0, 0, 0, 0, 0, 0, 0, 0, 0, 0, 0, 0, 0, 0, 0, 0, 0, 0, 0, 0, 0, 11981, 0, 299, 0, 4, 0, 1, 0, 0, 0, 3779, 0, 0, 0, 0, 0, 0, 0, 0, 0, 0, 0, 0, 0, 0, 0, 0, 0, 0, 0, 0, 0, 0, 0, 0, 0, 0, 0, 0, 0, 0, 0, 0, 0, 0, 0, 0, 0, 0, 0, 0, 0, 0, 0, 0, 0, 0, 0, 0, 0, 0, 0, 0, 0] mControllerRxTimeMs=0 mControllerScanTimeMs=0 mControllerIdleTimeMs=0 mControllerEnergyUsed=0 }
12-11 01:54:48.499  1565  2800 W ProcessStats: Tracking association SourceState{3bfea7c com.wm.dmall:pushcore/10350 Top #237830} whose proc state 1 is better than process ProcessState{e755cda com.miui.securitycenter.remote/1000 pkg=com.miui.securitycenter} proc state 2 (7 skipped)
12-11 01:56:26.724  1565  1680 W Looper  : Slow dispatch took 198ms android.fg h=android.os.Handler c=com.android.server.Watchdog$HandlerChecker@fd4a316 m=0
12-11 01:57:45.636  1565  1695 W ProcessStats: Tracking association SourceState{3bfea7c com.wm.dmall:pushcore/10350 Top #237845} whose proc state 1 is better than process ProcessState{e755cda com.miui.securitycenter.remote/1000 pkg=com.miui.securitycenter} proc state 2 (13 skipped)
12-11 01:57:45.665  5018  5487 I power.sleep: onReceive ACTION_SCREEN_OFF_TIMEOUT reason=default
12-11 01:57:45.699  1565  1709 E BatteryExternalStatsWorker: no controller energy info supplied for bluetooth
12-11 01:57:45.714  5018  5487 I power.sleep: gps onStart pkg=null
12-11 01:57:45.733  1565  2589 I ProcessManager: Kill reason AutoLockOffCleanByPriority from pid=5018
12-11 01:57:45.740  1565  2589 I ProcessManager: AutoLockOffCleanByPriority: kill com.android.settings:remote Adj=915 State=20
12-11 01:57:45.741  1565  2589 I ActivityManager: Killing 579:com.android.settings:remote/1000 (adj 915): AutoLockOffCleanByPriority
12-11 01:57:45.743  1565  2589 I ProcessManager: AutoLockOffCleanByPriority: kill com.miui.hybrid:entrance Adj=925 State=9
12-11 01:57:45.744  1565  2589 I ActivityManager: Killing 32746:com.miui.hybrid:entrance/u0a120 (adj 925): AutoLockOffCleanByPriority
12-11 01:57:45.754  1565  2589 I ProcessManager: Kill reason AutoLockOffClean from pid=5018
12-11 01:57:45.757  1565  2589 I ProcessManager: mLruProcesses size=55
12-11 01:57:45.762  1565  2589 I ProcessManager: AutoLockOffClean: kill com.miui.notification:remote Adj=100 State=5
12-11 01:57:45.765  1565  2589 I ActivityManager: Killing 453:com.miui.notification:remote/1000 (adj 100): AutoLockOffClean
12-11 01:57:45.766  1565  2589 I ProcessManager: AutoLockOffClean: kill com.miui.analytics Adj=100 State=4
12-11 01:57:45.777  1565  2589 I ActivityManager: Killing 522:com.miui.analytics/u0a100 (adj 100): AutoLockOffClean
12-11 01:57:45.778  1565  2589 I ProcessManager: AutoLockOffClean: kill com.xiaomi.misettings Adj=500 State=11
12-11 01:57:45.779  1565  2589 I ActivityManager: Killing 1570:com.xiaomi.misettings/1000 (adj 500): AutoLockOffClean
12-11 01:57:45.780  1565  2589 I ProcessManager: AutoLockOffClean: kill com.xiaomi.market Adj=1001 State=11
12-11 01:57:45.781  1565  2589 I ActivityManager: Killing 1217:com.xiaomi.market/u0a101 (adj 905): AutoLockOffClean
12-11 01:57:45.782  1565  2589 I ProcessManager: AutoLockOffClean: kill com.eg.android.AlipayGphone Adj=500 State=11
12-11 01:57:45.782  1565  2589 I ActivityManager: Killing 1917:com.eg.android.AlipayGphone/u0a143 (adj 500): AutoLockOffClean
12-11 01:57:45.784  1565  2589 I ProcessManager: AutoLockOffClean: kill com.android.mms Adj=500 State=11
12-11 01:57:45.784  1565  2589 I ActivityManager: Killing 1845:com.android.mms/u0a67 (adj 500): AutoLockOffClean
12-11 01:57:45.786  1565  2589 I ProcessManager: AutoLockOffClean: kill com.xiaomi.aiasst.vision Adj=500 State=11
12-11 01:57:45.786  1565  2589 I ActivityManager: Killing 1774:com.xiaomi.aiasst.vision/1000 (adj 500): AutoLockOffClean
12-11 01:57:45.787  1565  2589 I ProcessManager: AutoLockOffClean: kill com.qualcomm.telephony Adj=800 State=11
12-11 01:57:45.788  1565  2589 I ActivityManager: Killing 1744:com.qualcomm.telephony/u0a79 (adj 800): AutoLockOffClean
12-11 01:57:45.788  1565  4945 D NotificationAssistants: Removing active service ComponentInfo{com.miui.notification/com.miui.notification.NotificationListener}
12-11 01:57:45.788  1565  4945 D NotificationListeners: Removing active service ComponentInfo{com.miui.notification/com.miui.notification.NotificationListener}
12-11 01:57:45.789  1565  2589 I ProcessManager: AutoLockOffClean: kill com.xiaomi.account:accountservice Adj=100 State=7
12-11 01:57:45.789  1565  2589 I ActivityManager: Killing 1464:com.xiaomi.account:accountservice/u0a118 (adj 100): AutoLockOffClean
12-11 01:57:45.789  1565  1565 V NotificationAssistants: 0 notification assistant connection lost: ComponentInfo{com.miui.notification/com.miui.notification.NotificationListener}
12-11 01:57:45.791  1565  1709 E BatteryExternalStatsWorker: no controller energy info supplied for bluetooth
12-11 01:57:45.791  1565  2800 D ProcessManager: skip restart com.miui.notification:remote because this device is a lowmemory device!
12-11 01:57:45.792  1565  2800 W ActivityManager: Canceling start item Intent { cmp=com.miui.notification/.NotificationListener } in service com.miui.notification/.NotificationListener
12-11 01:57:45.792  1565  2800 W ActivityManager: Canceling start item Intent { cmp=com.miui.notification/.NotificationListener } in service com.miui.notification/.NotificationListener
12-11 01:57:45.792  1565  2800 W ActivityManager: Scheduling restart of crashed service com.miui.notification/.NotificationListener in 941051346944ms
12-11 01:57:45.792  1565  2800 W ActivityManager: Scheduling restart of crashed service com.miui.notification/.NotificationCenterService in 1000ms
12-11 01:57:45.795  1565  2589 I ProcessManager: AutoLockOffClean: kill com.miui.systemAdSolution Adj=100 State=5
12-11 01:57:45.795  1565  2589 I ActivityManager: Killing 677:com.miui.systemAdSolution/u0a114 (adj 100): AutoLockOffClean
12-11 01:57:45.798  1565 12896 D ProcessManager: skip restart com.miui.hybrid:entrance because this device is a lowmemory device!
12-11 01:57:45.799  1565 12896 W ActivityManager: Scheduling restart of crashed service com.miui.hybrid/.PersistService in 10993ms
12-11 01:57:45.998  2634  2634 W BpBinder: Slow Binder: BpBinder transact took 203 ms, interface=android.os.IPowerManager, code=1 oneway=false
12-11 01:57:46.002  1565  1682 W Looper  : Slow dispatch took 211ms android.ui h=com.android.server.am.ActivityManagerService$UiHandler c=null m=31
12-11 01:57:46.003  1565  2589 I ProcessManager: AutoLockOffClean: kill com.qti.diagservices Adj=500 State=11
12-11 01:57:46.003  1565  1682 W Looper  : Slow delivery took 211ms android.ui h=com.android.server.am.ActivityManagerService$UiHandler c=null m=32
12-11 01:57:46.004  1565  2359 D ProcessManager: skip restart com.qualcomm.telephony because this device is a lowmemory device!
12-11 01:57:46.005  1565  2359 W ActivityManager: Scheduling restart of crashed service com.qualcomm.atfwd/.AtFwdService in 20787ms
12-11 01:57:46.008  1565  2589 I ActivityManager: Killing 1121:com.qti.diagservices/1000 (adj 500): AutoLockOffClean
12-11 01:57:46.012  1565  2725 D ProcessManager: skip restart com.miui.analytics because this device is a lowmemory device!
12-11 01:57:46.014  1565  2725 W ActivityManager: Scheduling restart of crashed service com.miui.analytics/.AppenderService in 30779ms
12-11 01:57:46.014  1565  2725 W ActivityManager: Scheduling restart of crashed service com.miui.analytics/.AnalyticsService in 40779ms
12-11 01:57:46.015  1565  2725 W ActivityManager: Scheduling restart of crashed service com.miui.analytics/.internal.collection.MusicStateListener in 50778ms
12-11 01:57:46.015  1565  2725 W ActivityManager: Scheduling restart of crashed service com.miui.analytics/.onetrack.OneTrackService in 60778ms
12-11 01:57:46.016  1565  2725 W ActivityManager: Scheduling restart of crashed service com.miui.analytics/.internal.WakeupService in 70777ms
12-11 01:57:46.021  1565  3092 D ProcessManager: skip restart com.xiaomi.aiasst.vision because this device is a lowmemory device!
12-11 01:57:46.022  1565  3092 W ActivityManager: Scheduling restart of crashed service com.xiaomi.aiasst.vision/.AiVisionService in 80771ms
12-11 01:57:46.026  1565  4954 D ProcessManager: skip restart com.eg.android.AlipayGphone because this device is a lowmemory device!
12-11 01:57:46.032  1565  4954 W ActivityManager: Scheduling restart of crashed service com.eg.android.AlipayGphone/com.alipay.mobile.clean.PowerSaveService in 603204ms
12-11 01:57:46.033  3772  4882 W BpBinder: Slow Binder: BpBinder transact took 266 ms, interface=com.android.internal.app.IBatteryStats, code=16 oneway=false
12-11 01:57:46.037  1565  2363 D ProcessManager: skip restart com.xiaomi.market because this device is a lowmemory device!
12-11 01:57:46.038  1565  2363 W ActivityManager: Scheduling restart of crashed service com.xiaomi.market/.installsupport.MarketInstallerService in 90755ms
12-11 01:57:46.044  1565  4946 D ProcessManager: skip restart com.android.mms because this device is a lowmemory device!
12-11 01:57:46.045  1565  4946 W ActivityManager: Scheduling restart of crashed service com.android.mms/.transaction.NotificationAssistService in 100748ms
12-11 01:57:46.050  1565  2796 D ProcessManager: skip restart com.miui.systemAdSolution because this device is a lowmemory device!
12-11 01:57:46.051  1565  2796 W ActivityManager: Scheduling restart of crashed service com.miui.systemAdSolution/.changeSkin.ChangeSkinService in 110742ms
12-11 01:57:46.051  1565  2796 W ActivityManager: Scheduling restart of crashed service com.miui.systemAdSolution/.splashscreen.SplashScreenService in 120742ms
12-11 01:57:46.057  1565  4945 D ProcessManager: skip restart com.xiaomi.misettings because this device is a lowmemory device!
12-11 01:57:46.058  1565  4945 W ActivityManager: Scheduling restart of crashed service com.xiaomi.misettings/.usagestats.UsageCacheService in 120735ms
12-11 01:57:46.062  1565  3408 D ProcessManager: skip restart com.android.settings:remote because this device is a lowmemory device!
12-11 01:57:46.067  1565  4947 D ProcessManager: skip restart com.xiaomi.account:accountservice because this device is a lowmemory device!
12-11 01:57:46.068  1565  4947 I AutoStartManagerService: MIUILOG- Reject RestartService packageName :com.xiaomi.account uid : 10118
12-11 01:57:46.073  7616  7632 W BpBinder: Slow Binder: BpBinder transact took 281 ms, interface=android.app.IActivityManager, code=27 oneway=false
12-11 01:57:46.074  1565  2589 I ProcessManager: AutoLockOffClean: kill com.qualcomm.qti.workloadclassifier Adj=500 State=11
12-11 01:57:46.075  1565  2725 D ProcessRecordInjector: Begin to report kill process events...
12-11 01:57:46.076  1565  2589 I ActivityManager: Killing 1058:com.qualcomm.qti.workloadclassifier/1000 (adj 500): AutoLockOffClean
12-11 01:57:46.076  1565  2725 D ProcessManager: skip restart com.qti.diagservices because this device is a lowmemory device!
